2026-07-19 19:20:33,684 - INFO - GPU: NVIDIA GeForce RTX 4090
2026-07-19 19:20:33,707 - INFO - Predicate matrix: 32 classes × 64 attributes
2026-07-19 19:20:33,724 - INFO - Train split: 12271 samples, 32 classes, 64 attributes
2026-07-19 19:20:33,724 - INFO - === Attribute Pascal & Yahoo | Mode: KMEANS | K=32 | N=12271 | Runs=2 ===
2026-07-19 19:20:33,726 - INFO - Loaded cached features from cache/resnet101_apy_full.npz
2026-07-19 19:20:34,195 - INFO - Features: (12271, 2048) (0.5s)
2026-07-19 19:20:34,195 - INFO - --- Run 1/2 (seed=42) ---
2026-07-19 19:20:56,797 - INFO -   NMI=0.5360  ACC=0.3964  ARI=0.1459  Sil=0.0191
2026-07-19 19:20:56,798 - INFO - --- Run 2/2 (seed=43) ---
2026-07-19 19:21:17,104 - INFO -   NMI=0.5162  ACC=0.3687  ARI=0.1225  Sil=-0.0050
2026-07-19 19:21:17,105 - INFO - === Aggregated (2 runs) ===
2026-07-19 19:21:17,105 - INFO -   NMI: 0.5261 ± 0.0099
2026-07-19 19:21:17,105 - INFO -   ACC: 0.3825 ± 0.0139
2026-07-19 19:21:17,105 - INFO -   ARI: 0.1342 ± 0.0117
2026-07-19 19:21:17,109 - INFO - Cluster 00: top attributes -> Row Wind, Glass, 3D Boxy, Metal, Occluded
2026-07-19 19:21:17,109 - INFO - Cluster 01: top attributes -> Head, Furry, Torso, Ear, Leg
2026-07-19 19:21:17,110 - INFO - Cluster 02: top attributes -> Cloth, Head, Skin, Torso, Arm
2026-07-19 19:21:17,110 - INFO - Cluster 03: top attributes -> Furn. Back, Occluded, Furn. Seat, Wood, Cloth
2026-07-19 19:21:17,110 - INFO - Cluster 04: top attributes -> Head, Torso, Occluded, Leg, Eye
2026-07-19 19:21:17,110 - INFO - Cluster 05: top attributes -> Feather, Head, Torso, Beak, Tail
2026-07-19 19:21:17,110 - INFO - Cluster 06: top attributes -> Metal, Occluded, 3D Boxy, Window, Shiny
2026-07-19 19:21:17,110 - INFO - Cluster 07: top attributes -> Metal, Window, 3D Boxy, Wheel, Occluded
2026-07-19 19:21:17,110 - INFO - Cluster 08: top attributes -> Head, Face, Torso, Arm, Eye
2026-07-19 19:21:17,111 - INFO - Cluster 09: top attributes -> Cloth, Head, Skin, Torso, Occluded
2026-07-19 19:21:17,111 - INFO - Cluster 10: top attributes -> Cloth, Head, Skin, Torso, Occluded
2026-07-19 19:21:17,111 - INFO - Cluster 11: top attributes -> Cloth, Head, Skin, Occluded, Torso
2026-07-19 19:21:17,111 - INFO - Cluster 12: top attributes -> Occluded, Vert Cyl, Glass, Label, Shiny
2026-07-19 19:21:17,111 - INFO - Cluster 13: top attributes -> Metal, Wing, Horiz Cyl, Window, Wheel
2026-07-19 19:21:17,111 - INFO - Cluster 14: top attributes -> Occluded, Head, Metal, Cloth, Torso
2026-07-19 19:21:17,111 - INFO - Cluster 15: top attributes -> Metal, Window, 3D Boxy, Wheel, Shiny
2026-07-19 19:21:17,111 - INFO - Cluster 16: top attributes -> Cloth, Head, Skin, Torso, Arm
2026-07-19 19:21:17,112 - INFO - Cluster 17: top attributes -> Metal, Wheel, Handlebars, Occluded, Shiny
2026-07-19 19:21:17,112 - INFO - Cluster 18: top attributes -> Cloth, Head, Skin, Torso, Arm
2026-07-19 19:21:17,112 - INFO - Cluster 19: top attributes -> Cloth, Head, Skin, Occluded, Torso
2026-07-19 19:21:17,112 - INFO - Cluster 20: top attributes -> Head, Ear, Furry, Snout, Eye
2026-07-19 19:21:17,112 - INFO - Cluster 21: top attributes -> Head, Torso, Eye, Furry, Ear
2026-07-19 19:21:17,112 - INFO - Cluster 22: top attributes -> Head, Ear, Furry, Snout, Eye
2026-07-19 19:21:17,112 - INFO - Cluster 23: top attributes -> Glass, Vert Cyl, Shiny, 3D Boxy, Plastic
2026-07-19 19:21:17,113 - INFO - Cluster 24: top attributes -> Plastic, Handlebars, Metal, 3D Boxy, Text
2026-07-19 19:21:17,113 - INFO - Cluster 25: top attributes -> Cloth, Head, Skin, Torso, Arm
2026-07-19 19:21:17,113 - INFO - Cluster 26: top attributes -> Vegetation, Leaf, Pot, Vert Cyl, Stem/Trunk
2026-07-19 19:21:17,113 - INFO - Cluster 27: top attributes -> Cloth, Head, Skin, Torso, Arm
2026-07-19 19:21:17,113 - INFO - Cluster 28: top attributes -> Occluded, Head, Torso, Cloth, Skin
2026-07-19 19:21:17,113 - INFO - Cluster 29: top attributes -> Cloth, Occluded, Head, Skin, Torso
2026-07-19 19:21:17,113 - INFO - Cluster 30: top attributes -> Head, Ear, Torso, Snout, Furry
2026-07-19 19:21:17,113 - INFO - Cluster 31: top attributes -> Occluded, Metal, Wheel, Handlebars, Pedal
2026-07-19 19:21:37,611 - INFO - t-SNE plot saved to results_v2_hygiene/apy/kmeans/tsne.png
2026-07-19 19:21:38,625 - INFO - PCA plot saved to results_v2_hygiene/apy/kmeans/pca.png
2026-07-19 19:21:38,636 - INFO - Cluster examples saved to results_v2_hygiene/apy/kmeans/cluster_samples
2026-07-19 19:21:38,642 - INFO - Results saved to results_v2_hygiene/apy/kmeans/
2026-07-19 19:21:38,642 - INFO - Total time: 64.9s
