2026-08-17 00:52:21,463 - INFO - GPU: NVIDIA GeForce RTX 4090
2026-08-17 00:52:21,482 - INFO - Predicate matrix: 32 classes × 64 attributes
2026-08-17 00:52:21,484 - INFO - Class filter: 15 classes, 6487 instances retained
2026-08-17 00:52:21,493 - INFO - Train split: 5189 samples, 15 classes, 64 attributes
2026-08-17 00:52:21,709 - INFO - Loaded cached features (5189, 2048) from cache/resnet101_apy_15_full.npz
2026-08-17 00:52:21,897 - INFO - Per-instance binary tags (5189, 64) from data/aPY-data/aPY/per-instance-attributes.tsv (density=0.0869, 1703 distinct rows)
2026-08-17 00:52:21,936 - INFO - Annotation r=0.5 (instance-level): 2620/5189 annotated, 2569 mean-imputed
2026-08-17 00:52:21,936 - INFO - === DDC rebuild | apy | N=5189 | K=15 | M=64 | preproc=none | r=0.5 ===
2026-08-17 00:52:24,612 - INFO - Pre-training 10 epochs (g = identity, Algorithm 1 lines 1-2)
2026-08-17 00:52:26,035 - INFO - [pretrain r0 e1] L=-1.3532 MI=-1.3536 PW=0.0004 H(Y|X)=2.707 H(Y)=2.707 active=11/15 pairs=2620 sameclass=0.6256 NMI=0.3418 ACC=0.3559
2026-08-17 00:52:26,202 - INFO - [pretrain r0 e2] L=-1.3541 MI=-1.3543 PW=0.0002 H(Y|X)=2.708 H(Y)=2.708 active=12/15 pairs=2620 sameclass=0.6198 NMI=0.4275 ACC=0.3542
2026-08-17 00:52:26,354 - INFO - [pretrain r0 e3] L=-1.4004 MI=-1.5106 PW=0.1103 H(Y|X)=2.542 H(Y)=2.702 active=15/15 pairs=2620 sameclass=0.6179 NMI=0.4716 ACC=0.3920
2026-08-17 00:52:26,551 - INFO - [pretrain r0 e4] L=-1.5538 MI=-1.8834 PW=0.3295 H(Y|X)=2.163 H(Y)=2.698 active=15/15 pairs=2620 sameclass=0.6214 NMI=0.5477 ACC=0.4579
2026-08-17 00:52:26,761 - INFO - [pretrain r0 e5] L=-1.7230 MI=-1.9739 PW=0.2509 H(Y|X)=2.071 H(Y)=2.697 active=15/15 pairs=2620 sameclass=0.6248 NMI=0.6132 ACC=0.5573
2026-08-17 00:52:26,938 - INFO - [pretrain r0 e6] L=-1.8938 MI=-2.2688 PW=0.3750 H(Y|X)=1.769 H(Y)=2.692 active=14/15 pairs=2620 sameclass=0.616 NMI=0.6274 ACC=0.5556
2026-08-17 00:52:27,092 - INFO - [pretrain r0 e7] L=-2.0111 MI=-2.4264 PW=0.4153 H(Y|X)=1.609 H(Y)=2.691 active=14/15 pairs=2620 sameclass=0.626 NMI=0.6605 ACC=0.5870
2026-08-17 00:52:27,233 - INFO - [pretrain r0 e8] L=-2.1495 MI=-2.5711 PW=0.4216 H(Y|X)=1.459 H(Y)=2.687 active=14/15 pairs=2620 sameclass=0.6252 NMI=0.6784 ACC=0.6130
2026-08-17 00:52:27,365 - INFO - [pretrain r0 e9] L=-2.2161 MI=-2.6806 PW=0.4645 H(Y|X)=1.331 H(Y)=2.675 active=15/15 pairs=2620 sameclass=0.6237 NMI=0.6740 ACC=0.5807
2026-08-17 00:52:27,501 - INFO - [pretrain r0 e10] L=-2.3151 MI=-2.7408 PW=0.4257 H(Y|X)=1.264 H(Y)=2.670 active=15/15 pairs=2620 sameclass=0.626 NMI=0.6877 ACC=0.6171
2026-08-17 00:52:57,045 - INFO - [ILP] beta=1 [proven_optimal, 29.5s], 15 active clusters, 48/64 tags kept, 9.3 tags/cluster
2026-08-17 00:52:57,161 - INFO - [round r1 e1] L=-2.3969 MI=-2.7680 PW=0.3711 H(Y|X)=1.232 H(Y)=2.667 active=15/15 pairs=2620 sameclass=0.6263 NMI=0.6877 ACC=0.6423
2026-08-17 00:52:57,264 - INFO - [round r1 e2] L=-2.4234 MI=-2.8224 PW=0.3991 H(Y|X)=1.169 H(Y)=2.661 active=15/15 pairs=2620 sameclass=0.6137 NMI=0.6890 ACC=0.6053
2026-08-17 00:53:20,070 - INFO - [ILP] beta=1 [proven_optimal, 22.8s], 15 active clusters, 49/64 tags kept, 9.2 tags/cluster
2026-08-17 00:53:20,182 - INFO - [round r2 e1] L=-2.4998 MI=-2.8751 PW=0.3753 H(Y|X)=1.108 H(Y)=2.655 active=15/15 pairs=2620 sameclass=0.6118 NMI=0.6963 ACC=0.6256
2026-08-17 00:53:20,287 - INFO - [round r2 e2] L=-2.5536 MI=-2.9251 PW=0.3714 H(Y|X)=1.051 H(Y)=2.651 active=15/15 pairs=2620 sameclass=0.6118 NMI=0.6888 ACC=0.6708
2026-08-17 00:53:32,663 - INFO - [ILP] beta=1 [proven_optimal, 12.3s], 15 active clusters, 49/64 tags kept, 9.3 tags/cluster
2026-08-17 00:53:32,768 - INFO - [round r3 e1] L=-2.5492 MI=-2.9643 PW=0.4152 H(Y|X)=0.998 H(Y)=2.642 active=15/15 pairs=2620 sameclass=0.6275 NMI=0.6809 ACC=0.6579
2026-08-17 00:53:32,873 - INFO - [round r3 e2] L=-2.6195 MI=-2.9924 PW=0.3729 H(Y|X)=0.948 H(Y)=2.627 active=15/15 pairs=2620 sameclass=0.6252 NMI=0.7024 ACC=0.6699
2026-08-17 00:55:33,298 - INFO - [ILP] beta=1 [time_limit_incumbent, 120.4s], 15 active clusters, 49/64 tags kept, 9.7 tags/cluster
2026-08-17 00:55:33,445 - INFO - [round r4 e1] L=-2.6087 MI=-3.0155 PW=0.4068 H(Y|X)=0.922 H(Y)=2.625 active=15/15 pairs=2620 sameclass=0.6145 NMI=0.6787 ACC=0.6188
2026-08-17 00:55:33,584 - INFO - [round r4 e2] L=-2.6797 MI=-3.0311 PW=0.3514 H(Y|X)=0.907 H(Y)=2.626 active=15/15 pairs=2620 sameclass=0.6172 NMI=0.6836 ACC=0.6429
2026-08-17 00:55:53,991 - INFO - [ILP] beta=1 [proven_optimal, 20.4s], 15 active clusters, 46/64 tags kept, 9.1 tags/cluster
2026-08-17 00:55:54,105 - INFO - [round r5 e1] L=-2.6719 MI=-3.0658 PW=0.3939 H(Y|X)=0.878 H(Y)=2.629 active=15/15 pairs=2620 sameclass=0.6172 NMI=0.6839 ACC=0.6500
2026-08-17 00:55:54,208 - INFO - [round r5 e2] L=-2.6743 MI=-3.0756 PW=0.4012 H(Y|X)=0.858 H(Y)=2.622 active=15/15 pairs=2620 sameclass=0.624 NMI=0.6732 ACC=0.6460
2026-08-17 00:55:57,996 - INFO - [ILP] beta=1 [proven_optimal, 3.8s], 15 active clusters, 49/64 tags kept, 8.1 tags/cluster
2026-08-17 00:55:58,118 - INFO - [round r6 e1] L=-2.7055 MI=-3.0931 PW=0.3876 H(Y|X)=0.838 H(Y)=2.621 active=15/15 pairs=2620 sameclass=0.6218 NMI=0.6775 ACC=0.6344
2026-08-17 00:55:58,224 - INFO - [round r6 e2] L=-2.7080 MI=-3.0988 PW=0.3908 H(Y|X)=0.829 H(Y)=2.619 active=15/15 pairs=2620 sameclass=0.6237 NMI=0.6799 ACC=0.6419
2026-08-17 00:56:09,145 - INFO - [ILP] beta=1 [proven_optimal, 10.9s], 15 active clusters, 49/64 tags kept, 9.5 tags/cluster
2026-08-17 00:56:09,303 - INFO - [round r7 e1] L=-2.7402 MI=-3.1048 PW=0.3646 H(Y|X)=0.837 H(Y)=2.628 active=15/15 pairs=2620 sameclass=0.6374 NMI=0.6888 ACC=0.6566
2026-08-17 00:56:09,451 - INFO - [round r7 e2] L=-2.7300 MI=-3.1359 PW=0.4059 H(Y|X)=0.785 H(Y)=2.614 active=15/15 pairs=2620 sameclass=0.6252 NMI=0.6947 ACC=0.6782
2026-08-17 00:56:09,465 - WARNING - [ILP] infeasible by Eq (3) alone: cluster 14 reaches at most 1.98 < alpha=2 (coverage min/mean/max 1.98/5.32/9.09); largest feasible alpha here is 1. g left as identity
2026-08-17 00:56:09,604 - INFO - [round r8 e1] L=-2.7397 MI=-3.1080 PW=0.3684 H(Y|X)=0.820 H(Y)=2.619 active=15/15 pairs=2620 sameclass=0.6183 NMI=0.7127 ACC=0.6866
2026-08-17 00:56:09,739 - INFO - [round r8 e2] L=-2.7501 MI=-3.1503 PW=0.4001 H(Y|X)=0.779 H(Y)=2.620 active=15/15 pairs=2620 sameclass=0.634 NMI=0.6875 ACC=0.6269
2026-08-17 00:56:47,552 - INFO - [ILP] beta=1 [proven_optimal, 37.8s], 15 active clusters, 48/64 tags kept, 8.3 tags/cluster
2026-08-17 00:56:47,699 - INFO - [round r9 e1] L=-2.7738 MI=-3.1658 PW=0.3920 H(Y|X)=0.756 H(Y)=2.614 active=15/15 pairs=2620 sameclass=0.6229 NMI=0.6970 ACC=0.6377
2026-08-17 00:56:47,833 - INFO - [round r9 e2] L=-2.7982 MI=-3.1537 PW=0.3555 H(Y|X)=0.767 H(Y)=2.614 active=15/15 pairs=2620 sameclass=0.6321 NMI=0.6806 ACC=0.6298
2026-08-17 00:57:31,669 - INFO - [ILP] beta=1 [proven_optimal, 43.8s], 15 active clusters, 47/64 tags kept, 9.7 tags/cluster
2026-08-17 00:57:31,827 - INFO - [round r10 e1] L=-2.8155 MI=-3.1705 PW=0.3550 H(Y|X)=0.755 H(Y)=2.617 active=15/15 pairs=2620 sameclass=0.6263 NMI=0.6791 ACC=0.6223
2026-08-17 00:57:31,965 - INFO - [round r10 e2] L=-2.7926 MI=-3.1982 PW=0.4057 H(Y|X)=0.728 H(Y)=2.618 active=15/15 pairs=2620 sameclass=0.6401 NMI=0.6969 ACC=0.6485
2026-08-17 00:57:50,325 - INFO - [ILP] beta=1 [proven_optimal, 18.3s], 15 active clusters, 49/64 tags kept, 9.7 tags/cluster
2026-08-17 00:57:50,431 - INFO - [round r11 e1] L=-2.7759 MI=-3.1880 PW=0.4121 H(Y|X)=0.733 H(Y)=2.614 active=15/15 pairs=2620 sameclass=0.6252 NMI=0.6862 ACC=0.6471
2026-08-17 00:57:50,532 - INFO - [round r11 e2] L=-2.7835 MI=-3.1961 PW=0.4126 H(Y|X)=0.737 H(Y)=2.622 active=15/15 pairs=2620 sameclass=0.6332 NMI=0.6760 ACC=0.6082
2026-08-17 00:58:00,777 - INFO - [ILP] beta=1 [proven_optimal, 10.2s], 15 active clusters, 49/64 tags kept, 7.7 tags/cluster
2026-08-17 00:58:00,890 - INFO - [round r12 e1] L=-2.8405 MI=-3.2108 PW=0.3703 H(Y|X)=0.708 H(Y)=2.612 active=15/15 pairs=2620 sameclass=0.6324 NMI=0.6877 ACC=0.6265
2026-08-17 00:58:01,000 - INFO - [round r12 e2] L=-2.8545 MI=-3.2442 PW=0.3898 H(Y|X)=0.681 H(Y)=2.617 active=15/15 pairs=2620 sameclass=0.6279 NMI=0.6866 ACC=0.6082
2026-08-17 00:58:07,039 - INFO - [ILP] beta=1 [proven_optimal, 6.0s], 15 active clusters, 46/64 tags kept, 9.0 tags/cluster
2026-08-17 00:58:07,160 - INFO - [round r13 e1] L=-2.8144 MI=-3.2090 PW=0.3946 H(Y|X)=0.711 H(Y)=2.613 active=15/15 pairs=2620 sameclass=0.6179 NMI=0.6819 ACC=0.6313
2026-08-17 00:58:07,276 - INFO - [round r13 e2] L=-2.8407 MI=-3.2141 PW=0.3735 H(Y|X)=0.706 H(Y)=2.613 active=15/15 pairs=2620 sameclass=0.621 NMI=0.6826 ACC=0.6196
2026-08-17 00:58:14,234 - INFO - [ILP] beta=1 [proven_optimal, 6.9s], 15 active clusters, 48/64 tags kept, 7.9 tags/cluster
2026-08-17 00:58:14,349 - INFO - [round r14 e1] L=-2.8944 MI=-3.2556 PW=0.3612 H(Y|X)=0.658 H(Y)=2.609 active=15/15 pairs=2620 sameclass=0.6275 NMI=0.6781 ACC=0.6232
2026-08-17 00:58:14,460 - INFO - [round r14 e2] L=-2.9078 MI=-3.2794 PW=0.3716 H(Y|X)=0.626 H(Y)=2.604 active=15/15 pairs=2620 sameclass=0.6298 NMI=0.6758 ACC=0.6215
2026-08-17 00:58:21,962 - INFO - [ILP] beta=1 [proven_optimal, 7.5s], 15 active clusters, 48/64 tags kept, 7.7 tags/cluster
2026-08-17 00:58:22,114 - INFO - [round r15 e1] L=-2.8831 MI=-3.2593 PW=0.3763 H(Y|X)=0.649 H(Y)=2.606 active=15/15 pairs=2620 sameclass=0.6378 NMI=0.6740 ACC=0.6103
2026-08-17 00:58:22,255 - INFO - [round r15 e2] L=-2.8786 MI=-3.2475 PW=0.3689 H(Y|X)=0.667 H(Y)=2.609 active=15/15 pairs=2620 sameclass=0.6286 NMI=0.6961 ACC=0.6381
2026-08-17 00:58:29,454 - INFO - [ILP] beta=1 [proven_optimal, 7.2s], 15 active clusters, 47/64 tags kept, 7.6 tags/cluster
2026-08-17 00:58:29,601 - INFO - [round r16 e1] L=-2.8988 MI=-3.2859 PW=0.3871 H(Y|X)=0.617 H(Y)=2.602 active=15/15 pairs=2620 sameclass=0.6305 NMI=0.6821 ACC=0.6362
2026-08-17 00:58:29,738 - INFO - [round r16 e2] L=-2.9030 MI=-3.2618 PW=0.3588 H(Y|X)=0.654 H(Y)=2.611 active=15/15 pairs=2620 sameclass=0.6347 NMI=0.6726 ACC=0.6186
2026-08-17 00:59:59,229 - INFO - [ILP] beta=1 [proven_optimal, 89.5s], 15 active clusters, 48/64 tags kept, 8.1 tags/cluster
2026-08-17 00:59:59,388 - INFO - [round r17 e1] L=-2.9346 MI=-3.2654 PW=0.3308 H(Y|X)=0.633 H(Y)=2.599 active=15/15 pairs=2620 sameclass=0.6412 NMI=0.6808 ACC=0.6238
2026-08-17 00:59:59,524 - INFO - [round r17 e2] L=-2.9066 MI=-3.2871 PW=0.3805 H(Y|X)=0.611 H(Y)=2.599 active=15/15 pairs=2620 sameclass=0.6374 NMI=0.6777 ACC=0.6096
2026-08-17 01:00:05,425 - INFO - [ILP] beta=1 [proven_optimal, 5.9s], 15 active clusters, 47/64 tags kept, 7.6 tags/cluster
2026-08-17 01:00:05,584 - INFO - [round r18 e1] L=-2.9289 MI=-3.2604 PW=0.3315 H(Y|X)=0.634 H(Y)=2.597 active=15/15 pairs=2620 sameclass=0.6237 NMI=0.6797 ACC=0.6030
2026-08-17 01:00:05,725 - INFO - [round r18 e2] L=-2.9378 MI=-3.2771 PW=0.3393 H(Y|X)=0.621 H(Y)=2.599 active=15/15 pairs=2620 sameclass=0.6305 NMI=0.6834 ACC=0.6431
2026-08-17 01:00:23,652 - INFO - [ILP] beta=1 [proven_optimal, 17.9s], 15 active clusters, 49/64 tags kept, 8.0 tags/cluster
2026-08-17 01:00:23,774 - INFO - [round r19 e1] L=-2.9568 MI=-3.2988 PW=0.3420 H(Y|X)=0.597 H(Y)=2.597 active=15/15 pairs=2620 sameclass=0.6084 NMI=0.6772 ACC=0.6024
2026-08-17 01:00:23,890 - INFO - [round r19 e2] L=-2.9785 MI=-3.2840 PW=0.3056 H(Y|X)=0.605 H(Y)=2.593 active=15/15 pairs=2620 sameclass=0.6328 NMI=0.6800 ACC=0.6026
2026-08-17 01:00:45,440 - INFO - [ILP] beta=1 [proven_optimal, 21.5s], 15 active clusters, 48/64 tags kept, 7.5 tags/cluster
2026-08-17 01:00:45,579 - INFO - [round r20 e1] L=-2.9716 MI=-3.3019 PW=0.3303 H(Y|X)=0.592 H(Y)=2.596 active=15/15 pairs=2620 sameclass=0.6248 NMI=0.6819 ACC=0.6061
2026-08-17 01:00:45,712 - INFO - [round r20 e2] L=-2.9795 MI=-3.2841 PW=0.3046 H(Y|X)=0.596 H(Y)=2.587 active=15/15 pairs=2620 sameclass=0.6271 NMI=0.6824 ACC=0.6209
2026-08-17 01:00:53,685 - INFO - [ILP] beta=1 [proven_optimal, 7.9s], 15 active clusters, 49/64 tags kept, 7.7 tags/cluster
2026-08-17 01:00:54,319 - INFO - Artefacts written to results_v2/ddc_phase1/apy/apy15_mu15_a2_ilp_s45/
2026-08-17 01:00:54,319 - INFO - === RESULT ===
2026-08-17 01:00:54,319 - INFO - final  NMI=0.6824 ACC=0.6209 ARI=0.5655 active=15/15
2026-08-17 01:00:54,319 - INFO - best   NMI=0.7127 at step 525 (round round 8)
2026-08-17 01:00:54,319 - INFO - TC=0.3219 ITF=1.7476 (nats)
