2026-08-17 00:43:23,242 - INFO - GPU: NVIDIA GeForce RTX 4090
2026-08-17 00:43:23,261 - INFO - Predicate matrix: 32 classes × 64 attributes
2026-08-17 00:43:23,264 - INFO - Class filter: 15 classes, 6487 instances retained
2026-08-17 00:43:23,272 - INFO - Train split: 5189 samples, 15 classes, 64 attributes
2026-08-17 00:43:23,483 - INFO - Loaded cached features (5189, 2048) from cache/resnet101_apy_15_full.npz
2026-08-17 00:43:23,696 - INFO - Per-instance binary tags (5189, 64) from data/aPY-data/aPY/per-instance-attributes.tsv (density=0.0869, 1703 distinct rows)
2026-08-17 00:43:23,745 - INFO - Annotation r=0.5 (instance-level): 2643/5189 annotated, 2546 mean-imputed
2026-08-17 00:43:23,746 - INFO - === DDC rebuild | apy | N=5189 | K=15 | M=64 | preproc=none | r=0.5 ===
2026-08-17 00:43:26,790 - INFO - Pre-training 10 epochs (g = identity, Algorithm 1 lines 1-2)
2026-08-17 00:43:28,385 - INFO - [pretrain r0 e1] L=-1.3532 MI=-1.3536 PW=0.0005 H(Y|X)=2.707 H(Y)=2.707 active=14/15 pairs=2643 sameclass=0.6114 NMI=0.3236 ACC=0.3519
2026-08-17 00:43:28,533 - INFO - [pretrain r0 e2] L=-1.3541 MI=-1.3542 PW=0.0001 H(Y|X)=2.708 H(Y)=2.708 active=12/15 pairs=2643 sameclass=0.6247 NMI=0.4479 ACC=0.3465
2026-08-17 00:43:28,685 - INFO - [pretrain r0 e3] L=-1.3789 MI=-1.4685 PW=0.0896 H(Y|X)=2.589 H(Y)=2.705 active=13/15 pairs=2643 sameclass=0.6209 NMI=0.5185 ACC=0.4407
2026-08-17 00:43:28,836 - INFO - [pretrain r0 e4] L=-1.5393 MI=-1.8017 PW=0.2624 H(Y|X)=2.242 H(Y)=2.696 active=13/15 pairs=2643 sameclass=0.6069 NMI=0.5584 ACC=0.5070
2026-08-17 00:43:28,998 - INFO - [pretrain r0 e5] L=-1.6629 MI=-1.9900 PW=0.3271 H(Y|X)=2.059 H(Y)=2.699 active=14/15 pairs=2643 sameclass=0.6296 NMI=0.5662 ACC=0.4881
2026-08-17 00:43:29,154 - INFO - [pretrain r0 e6] L=-1.7577 MI=-2.1062 PW=0.3485 H(Y|X)=1.936 H(Y)=2.695 active=15/15 pairs=2643 sameclass=0.6137 NMI=0.5980 ACC=0.5425
2026-08-17 00:43:29,335 - INFO - [pretrain r0 e7] L=-1.8749 MI=-2.2995 PW=0.4246 H(Y|X)=1.738 H(Y)=2.692 active=15/15 pairs=2643 sameclass=0.6103 NMI=0.6293 ACC=0.5159
2026-08-17 00:43:29,511 - INFO - [pretrain r0 e8] L=-2.0397 MI=-2.5040 PW=0.4643 H(Y|X)=1.534 H(Y)=2.692 active=15/15 pairs=2643 sameclass=0.6228 NMI=0.6860 ACC=0.6539
2026-08-17 00:43:29,678 - INFO - [pretrain r0 e9] L=-2.1665 MI=-2.6750 PW=0.5085 H(Y|X)=1.327 H(Y)=2.668 active=15/15 pairs=2643 sameclass=0.6213 NMI=0.6906 ACC=0.6271
2026-08-17 00:43:29,853 - INFO - [pretrain r0 e10] L=-2.2868 MI=-2.7686 PW=0.4819 H(Y|X)=1.245 H(Y)=2.676 active=15/15 pairs=2643 sameclass=0.6205 NMI=0.6911 ACC=0.6446
2026-08-17 00:43:29,866 - WARNING - [ILP] infeasible by Eq (3) alone: cluster 3 reaches at most 2.64 < alpha=3 (coverage min/mean/max 2.64/5.42/9.38); largest feasible alpha here is 2. g left as identity
2026-08-17 00:43:30,026 - INFO - [round r1 e1] L=-2.3441 MI=-2.8786 PW=0.5344 H(Y|X)=1.123 H(Y)=2.668 active=15/15 pairs=2643 sameclass=0.6163 NMI=0.6914 ACC=0.6171
2026-08-17 00:43:30,184 - INFO - [round r1 e2] L=-2.4099 MI=-2.8947 PW=0.4848 H(Y|X)=1.115 H(Y)=2.673 active=15/15 pairs=2643 sameclass=0.6175 NMI=0.6779 ACC=0.5916
2026-08-17 00:43:30,197 - WARNING - [ILP] infeasible by Eq (3) alone: cluster 3 reaches at most 2.65 < alpha=3 (coverage min/mean/max 2.65/5.56/9.38); largest feasible alpha here is 2. g left as identity
2026-08-17 00:43:30,343 - INFO - [round r2 e1] L=-2.5091 MI=-2.9518 PW=0.4426 H(Y|X)=1.051 H(Y)=2.668 active=15/15 pairs=2643 sameclass=0.6364 NMI=0.6685 ACC=0.5544
2026-08-17 00:43:30,482 - INFO - [round r2 e2] L=-2.5696 MI=-3.0089 PW=0.4393 H(Y|X)=0.996 H(Y)=2.670 active=15/15 pairs=2643 sameclass=0.6103 NMI=0.6791 ACC=0.6151
2026-08-17 00:43:30,542 - INFO - [ILP] beta=1 rejected: proven_infeasible (0.0s of 120s)
2026-08-17 00:43:32,863 - INFO - [ILP] beta=2 [proven_optimal, 2.3s], 15 active clusters, 49/64 tags kept, 12.8 tags/cluster
2026-08-17 00:43:32,994 - INFO - [round r3 e1] L=-2.5985 MI=-3.0267 PW=0.4283 H(Y|X)=0.980 H(Y)=2.671 active=15/15 pairs=2643 sameclass=0.6194 NMI=0.6696 ACC=0.5866
2026-08-17 00:43:33,110 - INFO - [round r3 e2] L=-2.6587 MI=-3.0533 PW=0.3947 H(Y|X)=0.950 H(Y)=2.669 active=15/15 pairs=2643 sameclass=0.6213 NMI=0.6796 ACC=0.6211
2026-08-17 00:43:33,123 - WARNING - [ILP] infeasible by Eq (3) alone: cluster 3 reaches at most 2.91 < alpha=3 (coverage min/mean/max 2.91/5.64/9.38); largest feasible alpha here is 2. g left as identity
2026-08-17 00:43:33,227 - INFO - [round r4 e1] L=-2.6874 MI=-3.0925 PW=0.4051 H(Y|X)=0.911 H(Y)=2.669 active=15/15 pairs=2643 sameclass=0.6179 NMI=0.6925 ACC=0.6381
2026-08-17 00:43:33,328 - INFO - [round r4 e2] L=-2.6943 MI=-3.1109 PW=0.4166 H(Y|X)=0.894 H(Y)=2.670 active=15/15 pairs=2643 sameclass=0.6194 NMI=0.6951 ACC=0.6117
2026-08-17 00:43:33,340 - WARNING - [ILP] infeasible by Eq (3) alone: cluster 3 reaches at most 2.93 < alpha=3 (coverage min/mean/max 2.93/5.67/9.36); largest feasible alpha here is 2. g left as identity
2026-08-17 00:43:33,442 - INFO - [round r5 e1] L=-2.7019 MI=-3.1078 PW=0.4059 H(Y|X)=0.891 H(Y)=2.666 active=15/15 pairs=2643 sameclass=0.6254 NMI=0.6861 ACC=0.6257
2026-08-17 00:43:33,551 - INFO - [round r5 e2] L=-2.6717 MI=-3.1209 PW=0.4492 H(Y|X)=0.878 H(Y)=2.666 active=15/15 pairs=2643 sameclass=0.6269 NMI=0.6860 ACC=0.6485
2026-08-17 00:43:33,596 - INFO - [ILP] beta=1 rejected: proven_infeasible (0.0s of 120s)
2026-08-17 00:43:34,686 - INFO - [ILP] beta=2 [proven_optimal, 1.1s], 15 active clusters, 48/64 tags kept, 11.5 tags/cluster
2026-08-17 00:43:34,825 - INFO - [round r6 e1] L=-2.6931 MI=-3.1181 PW=0.4251 H(Y|X)=0.877 H(Y)=2.663 active=15/15 pairs=2643 sameclass=0.6156 NMI=0.6922 ACC=0.6317
2026-08-17 00:43:34,963 - INFO - [round r6 e2] L=-2.6735 MI=-3.1253 PW=0.4518 H(Y|X)=0.879 H(Y)=2.670 active=15/15 pairs=2643 sameclass=0.6292 NMI=0.6811 ACC=0.5941
2026-08-17 00:43:34,976 - WARNING - [ILP] infeasible by Eq (3) alone: cluster 3 reaches at most 2.59 < alpha=3 (coverage min/mean/max 2.59/5.72/9.36); largest feasible alpha here is 2. g left as identity
2026-08-17 00:43:35,102 - INFO - [round r7 e1] L=-2.7620 MI=-3.1563 PW=0.3943 H(Y|X)=0.841 H(Y)=2.665 active=15/15 pairs=2643 sameclass=0.6145 NMI=0.6646 ACC=0.6049
2026-08-17 00:43:35,259 - INFO - [round r7 e2] L=-2.7537 MI=-3.1711 PW=0.4174 H(Y|X)=0.828 H(Y)=2.666 active=15/15 pairs=2643 sameclass=0.6039 NMI=0.6751 ACC=0.6086
2026-08-17 00:43:35,308 - INFO - [ILP] beta=1 rejected: proven_infeasible (0.0s of 120s)
2026-08-17 00:43:36,602 - INFO - [ILP] beta=2 [proven_optimal, 1.3s], 15 active clusters, 48/64 tags kept, 11.3 tags/cluster
2026-08-17 00:43:36,775 - INFO - [round r8 e1] L=-2.7442 MI=-3.1697 PW=0.4255 H(Y|X)=0.828 H(Y)=2.665 active=15/15 pairs=2643 sameclass=0.6179 NMI=0.6727 ACC=0.6069
2026-08-17 00:43:36,956 - INFO - [round r8 e2] L=-2.7794 MI=-3.1929 PW=0.4135 H(Y|X)=0.794 H(Y)=2.658 active=15/15 pairs=2643 sameclass=0.6315 NMI=0.6832 ACC=0.5949
2026-08-17 00:43:36,969 - WARNING - [ILP] infeasible by Eq (3) alone: cluster 3 reaches at most 2.81 < alpha=3 (coverage min/mean/max 2.81/5.71/9.34); largest feasible alpha here is 2. g left as identity
2026-08-17 00:43:37,123 - INFO - [round r9 e1] L=-2.8012 MI=-3.1734 PW=0.3721 H(Y|X)=0.809 H(Y)=2.655 active=15/15 pairs=2643 sameclass=0.625 NMI=0.6906 ACC=0.6109
2026-08-17 00:43:37,277 - INFO - [round r9 e2] L=-2.8083 MI=-3.1989 PW=0.3906 H(Y|X)=0.791 H(Y)=2.660 active=15/15 pairs=2643 sameclass=0.6156 NMI=0.6808 ACC=0.6215
2026-08-17 00:43:37,291 - WARNING - [ILP] infeasible by Eq (3) alone: cluster 3 reaches at most 2.82 < alpha=3 (coverage min/mean/max 2.82/5.78/9.29); largest feasible alpha here is 2. g left as identity
2026-08-17 00:43:37,443 - INFO - [round r10 e1] L=-2.8232 MI=-3.2267 PW=0.4035 H(Y|X)=0.748 H(Y)=2.650 active=15/15 pairs=2643 sameclass=0.6292 NMI=0.6761 ACC=0.6005
2026-08-17 00:43:37,597 - INFO - [round r10 e2] L=-2.8586 MI=-3.2183 PW=0.3596 H(Y|X)=0.773 H(Y)=2.661 active=15/15 pairs=2643 sameclass=0.6262 NMI=0.6836 ACC=0.6321
2026-08-17 00:43:37,643 - INFO - [ILP] beta=1 rejected: proven_infeasible (0.0s of 120s)
2026-08-17 00:43:38,750 - INFO - [ILP] beta=2 [proven_optimal, 1.1s], 15 active clusters, 49/64 tags kept, 12.1 tags/cluster
2026-08-17 00:43:38,941 - INFO - [round r11 e1] L=-2.8729 MI=-3.2457 PW=0.3728 H(Y|X)=0.737 H(Y)=2.655 active=15/15 pairs=2643 sameclass=0.6205 NMI=0.6798 ACC=0.6281
2026-08-17 00:43:39,142 - INFO - [round r11 e2] L=-2.8640 MI=-3.2296 PW=0.3657 H(Y|X)=0.757 H(Y)=2.658 active=15/15 pairs=2643 sameclass=0.6281 NMI=0.6615 ACC=0.6005
2026-08-17 00:43:39,157 - WARNING - [ILP] infeasible by Eq (3) alone: cluster 3 reaches at most 2.94 < alpha=3 (coverage min/mean/max 2.94/5.84/9.26); largest feasible alpha here is 2. g left as identity
2026-08-17 00:43:39,351 - INFO - [round r12 e1] L=-2.8776 MI=-3.2585 PW=0.3809 H(Y|X)=0.720 H(Y)=2.652 active=15/15 pairs=2643 sameclass=0.6341 NMI=0.6704 ACC=0.6001
2026-08-17 00:43:39,553 - INFO - [round r12 e2] L=-2.8837 MI=-3.2483 PW=0.3646 H(Y|X)=0.720 H(Y)=2.646 active=15/15 pairs=2643 sameclass=0.6239 NMI=0.6661 ACC=0.6250
2026-08-17 00:43:39,602 - INFO - [ILP] beta=1 rejected: proven_infeasible (0.0s of 120s)
2026-08-17 00:43:42,438 - INFO - [ILP] beta=2 [proven_optimal, 2.8s], 15 active clusters, 48/64 tags kept, 11.9 tags/cluster
2026-08-17 00:43:42,560 - INFO - [round r13 e1] L=-2.8558 MI=-3.2550 PW=0.3992 H(Y|X)=0.695 H(Y)=2.634 active=15/15 pairs=2643 sameclass=0.6228 NMI=0.6734 ACC=0.5884
2026-08-17 00:43:42,692 - INFO - [round r13 e2] L=-2.8656 MI=-3.2509 PW=0.3853 H(Y|X)=0.702 H(Y)=2.635 active=15/15 pairs=2643 sameclass=0.6065 NMI=0.6653 ACC=0.5986
2026-08-17 00:43:42,738 - INFO - [ILP] beta=1 rejected: proven_infeasible (0.0s of 120s)
2026-08-17 00:43:44,224 - INFO - [ILP] beta=2 [proven_optimal, 1.5s], 15 active clusters, 48/64 tags kept, 11.9 tags/cluster
2026-08-17 00:43:44,408 - INFO - [round r14 e1] L=-2.8453 MI=-3.2511 PW=0.4058 H(Y|X)=0.697 H(Y)=2.632 active=15/15 pairs=2643 sameclass=0.6281 NMI=0.6695 ACC=0.6333
2026-08-17 00:43:44,609 - INFO - [round r14 e2] L=-2.9213 MI=-3.2629 PW=0.3416 H(Y|X)=0.688 H(Y)=2.634 active=15/15 pairs=2643 sameclass=0.63 NMI=0.6748 ACC=0.6071
2026-08-17 00:43:44,623 - WARNING - [ILP] infeasible by Eq (3) alone: cluster 3 reaches at most 2.81 < alpha=3 (coverage min/mean/max 2.81/5.74/9.21); largest feasible alpha here is 2. g left as identity
2026-08-17 00:43:44,816 - INFO - [round r15 e1] L=-2.8958 MI=-3.2702 PW=0.3744 H(Y|X)=0.660 H(Y)=2.620 active=15/15 pairs=2643 sameclass=0.6114 NMI=0.6721 ACC=0.5741
2026-08-17 00:43:45,003 - INFO - [round r15 e2] L=-2.9027 MI=-3.2744 PW=0.3718 H(Y|X)=0.647 H(Y)=2.614 active=15/15 pairs=2643 sameclass=0.6307 NMI=0.6724 ACC=0.6101
2026-08-17 00:43:45,018 - WARNING - [ILP] infeasible by Eq (3) alone: cluster 3 reaches at most 3.00 < alpha=3 (coverage min/mean/max 3.00/5.72/9.21); largest feasible alpha here is 2. g left as identity
2026-08-17 00:43:45,198 - INFO - [round r16 e1] L=-2.9238 MI=-3.2876 PW=0.3638 H(Y|X)=0.649 H(Y)=2.624 active=15/15 pairs=2643 sameclass=0.622 NMI=0.6739 ACC=0.5828
2026-08-17 00:43:45,381 - INFO - [round r16 e2] L=-2.8696 MI=-3.2684 PW=0.3989 H(Y|X)=0.666 H(Y)=2.623 active=15/15 pairs=2643 sameclass=0.6243 NMI=0.6752 ACC=0.5972
2026-08-17 00:43:45,441 - INFO - [ILP] beta=1 rejected: proven_infeasible (0.0s of 120s)
2026-08-17 00:43:47,828 - INFO - [ILP] beta=2 [proven_optimal, 2.4s], 15 active clusters, 48/64 tags kept, 12.1 tags/cluster
2026-08-17 00:43:48,002 - INFO - [round r17 e1] L=-2.8895 MI=-3.2632 PW=0.3737 H(Y|X)=0.664 H(Y)=2.618 active=15/15 pairs=2643 sameclass=0.6269 NMI=0.6681 ACC=0.5849
2026-08-17 00:43:48,185 - INFO - [round r17 e2] L=-2.9210 MI=-3.2757 PW=0.3547 H(Y|X)=0.662 H(Y)=2.625 active=15/15 pairs=2643 sameclass=0.63 NMI=0.6731 ACC=0.5729
2026-08-17 00:43:48,235 - INFO - [ILP] beta=1 rejected: proven_infeasible (0.0s of 120s)
2026-08-17 00:43:49,396 - INFO - [ILP] beta=2 [proven_optimal, 1.1s], 15 active clusters, 48/64 tags kept, 11.6 tags/cluster
2026-08-17 00:43:49,594 - INFO - [round r18 e1] L=-2.9713 MI=-3.3019 PW=0.3306 H(Y|X)=0.637 H(Y)=2.626 active=15/15 pairs=2643 sameclass=0.6213 NMI=0.6631 ACC=0.6051
2026-08-17 00:43:49,797 - INFO - [round r18 e2] L=-2.9360 MI=-3.2934 PW=0.3574 H(Y|X)=0.635 H(Y)=2.619 active=15/15 pairs=2643 sameclass=0.6175 NMI=0.6491 ACC=0.5674
2026-08-17 00:43:49,847 - INFO - [ILP] beta=1 rejected: proven_infeasible (0.0s of 120s)
2026-08-17 00:43:51,147 - INFO - [ILP] beta=2 [proven_optimal, 1.3s], 15 active clusters, 48/64 tags kept, 11.7 tags/cluster
2026-08-17 00:43:51,343 - INFO - [round r19 e1] L=-2.9158 MI=-3.2818 PW=0.3660 H(Y|X)=0.652 H(Y)=2.623 active=15/15 pairs=2643 sameclass=0.6118 NMI=0.6621 ACC=0.5733
2026-08-17 00:43:51,545 - INFO - [round r19 e2] L=-2.9758 MI=-3.2914 PW=0.3156 H(Y|X)=0.637 H(Y)=2.619 active=15/15 pairs=2643 sameclass=0.6076 NMI=0.6635 ACC=0.6151
2026-08-17 00:43:51,604 - INFO - [ILP] beta=1 rejected: proven_infeasible (0.0s of 120s)
2026-08-17 00:43:53,107 - INFO - [ILP] beta=2 [proven_optimal, 1.5s], 15 active clusters, 48/64 tags kept, 12.3 tags/cluster
2026-08-17 00:43:53,280 - INFO - [round r20 e1] L=-2.9342 MI=-3.2978 PW=0.3636 H(Y|X)=0.634 H(Y)=2.621 active=15/15 pairs=2643 sameclass=0.5891 NMI=0.6689 ACC=0.6094
2026-08-17 00:43:53,468 - INFO - [round r20 e2] L=-2.9768 MI=-3.2786 PW=0.3019 H(Y|X)=0.636 H(Y)=2.610 active=15/15 pairs=2643 sameclass=0.6254 NMI=0.6671 ACC=0.5820
2026-08-17 00:43:54,300 - INFO - Artefacts written to results_v2/ddc_phase1/apy/apy15_mu15_a3_ilp_s42/
2026-08-17 00:43:54,300 - INFO - === RESULT ===
2026-08-17 00:43:54,300 - INFO - final  NMI=0.6671 ACC=0.5820 ARI=0.4693 active=15/15
2026-08-17 00:43:54,300 - INFO - best   NMI=0.6951 at step 378 (round round 4)
2026-08-17 00:43:54,300 - INFO - TC=0.3021 ITF=1.1052 (nats)
