2026-08-17 00:16:49,648 - INFO - GPU: NVIDIA GeForce RTX 4090
2026-08-17 00:16:49,667 - INFO - Predicate matrix: 32 classes × 64 attributes
2026-08-17 00:16:49,669 - INFO - Class filter: 15 classes, 6487 instances retained
2026-08-17 00:16:49,677 - INFO - Train split: 5189 samples, 15 classes, 64 attributes
2026-08-17 00:16:49,900 - INFO - Loaded cached features (5189, 2048) from cache/resnet101_apy_15_full.npz
2026-08-17 00:16:50,085 - INFO - Per-instance binary tags (5189, 64) from data/aPY-data/aPY/per-instance-attributes.tsv (density=0.0869, 1703 distinct rows)
2026-08-17 00:16:50,123 - INFO - Annotation r=0.5 (instance-level): 2615/5189 annotated, 2574 mean-imputed
2026-08-17 00:16:50,123 - INFO - === DDC rebuild | apy | N=5189 | K=15 | M=64 | preproc=none | r=0.5 ===
2026-08-17 00:16:52,739 - INFO - Pre-training 10 epochs (g = identity, Algorithm 1 lines 1-2)
2026-08-17 00:16:54,230 - INFO - [pretrain r0 e1] L=-1.3534 MI=-1.3537 PW=0.0003 H(Y|X)=2.707 H(Y)=2.707 active=15/15 pairs=2615 sameclass=0.6122 NMI=0.3225 ACC=0.3453
2026-08-17 00:16:54,407 - INFO - [pretrain r0 e2] L=-1.3541 MI=-1.3543 PW=0.0002 H(Y|X)=2.708 H(Y)=2.708 active=14/15 pairs=2615 sameclass=0.6325 NMI=0.4823 ACC=0.4706
2026-08-17 00:16:54,589 - INFO - [pretrain r0 e3] L=-1.3834 MI=-1.5359 PW=0.1525 H(Y|X)=2.513 H(Y)=2.700 active=8/15 pairs=2615 sameclass=0.6176 NMI=0.3867 ACC=0.3037
2026-08-17 00:16:54,767 - INFO - [pretrain r0 e4] L=-1.4669 MI=-1.7495 PW=0.2827 H(Y|X)=2.277 H(Y)=2.684 active=13/15 pairs=2615 sameclass=0.626 NMI=0.5651 ACC=0.5034
2026-08-17 00:16:54,946 - INFO - [pretrain r0 e5] L=-1.6562 MI=-2.0150 PW=0.3588 H(Y|X)=2.001 H(Y)=2.677 active=15/15 pairs=2615 sameclass=0.6107 NMI=0.5721 ACC=0.5406
2026-08-17 00:16:55,104 - INFO - [pretrain r0 e6] L=-1.7802 MI=-2.1339 PW=0.3537 H(Y|X)=1.889 H(Y)=2.682 active=15/15 pairs=2615 sameclass=0.6272 NMI=0.6479 ACC=0.6153
2026-08-17 00:16:55,262 - INFO - [pretrain r0 e7] L=-1.8704 MI=-2.1716 PW=0.3012 H(Y|X)=1.811 H(Y)=2.655 active=13/15 pairs=2615 sameclass=0.6229 NMI=0.6753 ACC=0.6113
2026-08-17 00:16:55,426 - INFO - [pretrain r0 e8] L=-2.0645 MI=-2.5740 PW=0.5096 H(Y|X)=1.437 H(Y)=2.674 active=15/15 pairs=2615 sameclass=0.6249 NMI=0.6817 ACC=0.6481
2026-08-17 00:16:55,616 - INFO - [pretrain r0 e9] L=-2.2018 MI=-2.7505 PW=0.5487 H(Y|X)=1.241 H(Y)=2.661 active=15/15 pairs=2615 sameclass=0.6256 NMI=0.6932 ACC=0.6396
2026-08-17 00:16:55,848 - INFO - [pretrain r0 e10] L=-2.3655 MI=-2.8719 PW=0.5064 H(Y|X)=1.116 H(Y)=2.659 active=14/15 pairs=2615 sameclass=0.6153 NMI=0.7072 ACC=0.6618
2026-08-17 00:16:55,898 - INFO - [ILP] beta=1 rejected: proven_infeasible (0.0s of 60s)
2026-08-17 00:17:56,132 - INFO - [ILP] beta=2 [time_limit_incumbent, 60.2s], 14 active clusters, 53/64 tags kept, 27.9 tags/cluster
2026-08-17 00:17:56,344 - INFO - [round r1 e1] L=-2.4491 MI=-2.8764 PW=0.4273 H(Y|X)=1.126 H(Y)=2.668 active=15/15 pairs=2615 sameclass=0.6207 NMI=0.7080 ACC=0.6680
2026-08-17 00:17:56,547 - INFO - [round r1 e2] L=-2.5363 MI=-2.9590 PW=0.4227 H(Y|X)=1.035 H(Y)=2.663 active=15/15 pairs=2615 sameclass=0.6195 NMI=0.6857 ACC=0.5974
2026-08-17 00:17:56,560 - WARNING - [ILP] infeasible by Eq (3) alone: cluster 4 reaches at most 2.97 < alpha=4 (coverage min/mean/max 2.97/5.69/8.84); largest feasible alpha here is 2. g left as identity
2026-08-17 00:17:56,754 - INFO - [round r2 e1] L=-2.5571 MI=-2.9786 PW=0.4215 H(Y|X)=1.015 H(Y)=2.662 active=15/15 pairs=2615 sameclass=0.6027 NMI=0.6981 ACC=0.6084
2026-08-17 00:17:56,947 - INFO - [round r2 e2] L=-2.5852 MI=-3.0013 PW=0.4161 H(Y|X)=0.990 H(Y)=2.661 active=15/15 pairs=2615 sameclass=0.6103 NMI=0.6893 ACC=0.6294
2026-08-17 00:17:56,960 - WARNING - [ILP] infeasible by Eq (3) alone: cluster 4 reaches at most 2.67 < alpha=4 (coverage min/mean/max 2.67/5.72/8.63); largest feasible alpha here is 2. g left as identity
2026-08-17 00:17:57,147 - INFO - [round r3 e1] L=-2.6340 MI=-3.0298 PW=0.3958 H(Y|X)=0.957 H(Y)=2.658 active=15/15 pairs=2615 sameclass=0.6157 NMI=0.7015 ACC=0.6450
2026-08-17 00:17:57,338 - INFO - [round r3 e2] L=-2.5913 MI=-3.0503 PW=0.4590 H(Y|X)=0.940 H(Y)=2.660 active=15/15 pairs=2615 sameclass=0.6218 NMI=0.6972 ACC=0.6541
2026-08-17 00:17:57,351 - WARNING - [ILP] infeasible by Eq (3) alone: cluster 13 reaches at most 3.44 < alpha=4 (coverage min/mean/max 3.44/5.78/8.62); largest feasible alpha here is 3. g left as identity
2026-08-17 00:17:57,538 - INFO - [round r4 e1] L=-2.6677 MI=-3.1094 PW=0.4418 H(Y|X)=0.882 H(Y)=2.661 active=15/15 pairs=2615 sameclass=0.6241 NMI=0.6855 ACC=0.5928
2026-08-17 00:17:57,741 - INFO - [round r4 e2] L=-2.6566 MI=-3.0982 PW=0.4416 H(Y|X)=0.897 H(Y)=2.663 active=15/15 pairs=2615 sameclass=0.6214 NMI=0.6772 ACC=0.6460
2026-08-17 00:17:57,755 - WARNING - [ILP] infeasible by Eq (3) alone: cluster 4 reaches at most 3.11 < alpha=4 (coverage min/mean/max 3.11/5.77/8.55); largest feasible alpha here is 3. g left as identity
2026-08-17 00:17:57,948 - INFO - [round r5 e1] L=-2.7103 MI=-3.1367 PW=0.4264 H(Y|X)=0.857 H(Y)=2.663 active=15/15 pairs=2615 sameclass=0.6275 NMI=0.7107 ACC=0.6350
2026-08-17 00:17:58,144 - INFO - [round r5 e2] L=-2.6908 MI=-3.1401 PW=0.4493 H(Y|X)=0.843 H(Y)=2.655 active=15/15 pairs=2615 sameclass=0.613 NMI=0.6808 ACC=0.6564
2026-08-17 00:17:58,157 - WARNING - [ILP] infeasible by Eq (3) alone: cluster 13 reaches at most 3.66 < alpha=4 (coverage min/mean/max 3.66/5.78/8.58); largest feasible alpha here is 3. g left as identity
2026-08-17 00:17:58,348 - INFO - [round r6 e1] L=-2.7314 MI=-3.1611 PW=0.4297 H(Y|X)=0.830 H(Y)=2.661 active=15/15 pairs=2615 sameclass=0.6325 NMI=0.6973 ACC=0.6182
2026-08-17 00:17:58,543 - INFO - [round r6 e2] L=-2.7407 MI=-3.1603 PW=0.4196 H(Y|X)=0.828 H(Y)=2.659 active=15/15 pairs=2615 sameclass=0.6119 NMI=0.6852 ACC=0.6575
2026-08-17 00:17:58,556 - WARNING - [ILP] infeasible by Eq (3) alone: cluster 4 reaches at most 3.56 < alpha=4 (coverage min/mean/max 3.56/5.85/8.56); largest feasible alpha here is 3. g left as identity
2026-08-17 00:17:58,751 - INFO - [round r7 e1] L=-2.7746 MI=-3.1905 PW=0.4159 H(Y|X)=0.794 H(Y)=2.656 active=15/15 pairs=2615 sameclass=0.6447 NMI=0.6913 ACC=0.6227
2026-08-17 00:17:58,947 - INFO - [round r7 e2] L=-2.7127 MI=-3.1782 PW=0.4655 H(Y|X)=0.806 H(Y)=2.656 active=15/15 pairs=2615 sameclass=0.6145 NMI=0.6861 ACC=0.6306
2026-08-17 00:17:58,961 - WARNING - [ILP] infeasible by Eq (3) alone: cluster 4 reaches at most 3.22 < alpha=4 (coverage min/mean/max 3.22/5.84/8.59); largest feasible alpha here is 3. g left as identity
2026-08-17 00:17:59,152 - INFO - [round r8 e1] L=-2.7197 MI=-3.1834 PW=0.4637 H(Y|X)=0.804 H(Y)=2.658 active=15/15 pairs=2615 sameclass=0.6325 NMI=0.6828 ACC=0.6269
2026-08-17 00:17:59,338 - INFO - [round r8 e2] L=-2.7530 MI=-3.1744 PW=0.4214 H(Y|X)=0.811 H(Y)=2.657 active=15/15 pairs=2615 sameclass=0.6145 NMI=0.6887 ACC=0.6175
2026-08-17 00:17:59,351 - WARNING - [ILP] infeasible by Eq (3) alone: cluster 4 reaches at most 3.27 < alpha=4 (coverage min/mean/max 3.27/5.87/8.55); largest feasible alpha here is 3. g left as identity
2026-08-17 00:17:59,539 - INFO - [round r9 e1] L=-2.8139 MI=-3.2264 PW=0.4125 H(Y|X)=0.760 H(Y)=2.657 active=15/15 pairs=2615 sameclass=0.6386 NMI=0.6905 ACC=0.6444
2026-08-17 00:17:59,733 - INFO - [round r9 e2] L=-2.8331 MI=-3.2125 PW=0.3793 H(Y|X)=0.773 H(Y)=2.657 active=15/15 pairs=2615 sameclass=0.6367 NMI=0.6800 ACC=0.6196
2026-08-17 00:17:59,747 - WARNING - [ILP] infeasible by Eq (3) alone: cluster 4 reaches at most 3.39 < alpha=4 (coverage min/mean/max 3.39/5.89/8.57); largest feasible alpha here is 3. g left as identity
2026-08-17 00:17:59,937 - INFO - [round r10 e1] L=-2.8351 MI=-3.2356 PW=0.4005 H(Y|X)=0.738 H(Y)=2.649 active=15/15 pairs=2615 sameclass=0.6436 NMI=0.6856 ACC=0.6281
2026-08-17 00:18:00,134 - INFO - [round r10 e2] L=-2.8946 MI=-3.2533 PW=0.3586 H(Y|X)=0.729 H(Y)=2.655 active=15/15 pairs=2615 sameclass=0.6325 NMI=0.6995 ACC=0.7046
2026-08-17 00:18:00,148 - WARNING - [ILP] infeasible by Eq (3) alone: cluster 4 reaches at most 3.31 < alpha=4 (coverage min/mean/max 3.31/5.85/8.57); largest feasible alpha here is 3. g left as identity
2026-08-17 00:18:00,336 - INFO - [round r11 e1] L=-2.9062 MI=-3.2776 PW=0.3714 H(Y|X)=0.699 H(Y)=2.651 active=15/15 pairs=2615 sameclass=0.644 NMI=0.6860 ACC=0.6180
2026-08-17 00:18:00,530 - INFO - [round r11 e2] L=-2.8953 MI=-3.2792 PW=0.3839 H(Y|X)=0.689 H(Y)=2.646 active=15/15 pairs=2615 sameclass=0.6275 NMI=0.7028 ACC=0.6520
2026-08-17 00:18:00,543 - WARNING - [ILP] infeasible by Eq (3) alone: cluster 4 reaches at most 3.36 < alpha=4 (coverage min/mean/max 3.36/5.80/8.59); largest feasible alpha here is 3. g left as identity
2026-08-17 00:18:00,731 - INFO - [round r12 e1] L=-2.8846 MI=-3.2847 PW=0.4000 H(Y|X)=0.684 H(Y)=2.646 active=15/15 pairs=2615 sameclass=0.626 NMI=0.6778 ACC=0.6446
2026-08-17 00:18:00,922 - INFO - [round r12 e2] L=-2.8979 MI=-3.2605 PW=0.3626 H(Y|X)=0.695 H(Y)=2.637 active=15/15 pairs=2615 sameclass=0.6241 NMI=0.6830 ACC=0.6446
2026-08-17 00:18:00,936 - WARNING - [ILP] infeasible by Eq (3) alone: cluster 4 reaches at most 3.20 < alpha=4 (coverage min/mean/max 3.20/5.85/8.57); largest feasible alpha here is 3. g left as identity
2026-08-17 00:18:01,127 - INFO - [round r13 e1] L=-2.8873 MI=-3.2668 PW=0.3796 H(Y|X)=0.689 H(Y)=2.637 active=15/15 pairs=2615 sameclass=0.6352 NMI=0.6844 ACC=0.6151
2026-08-17 00:18:01,323 - INFO - [round r13 e2] L=-2.9269 MI=-3.3030 PW=0.3761 H(Y|X)=0.652 H(Y)=2.637 active=15/15 pairs=2615 sameclass=0.6474 NMI=0.6721 ACC=0.6441
2026-08-17 00:18:01,337 - WARNING - [ILP] infeasible by Eq (3) alone: cluster 4 reaches at most 3.44 < alpha=4 (coverage min/mean/max 3.44/5.94/8.59); largest feasible alpha here is 3. g left as identity
2026-08-17 00:18:01,533 - INFO - [round r14 e1] L=-2.9054 MI=-3.2688 PW=0.3634 H(Y|X)=0.688 H(Y)=2.638 active=15/15 pairs=2615 sameclass=0.6268 NMI=0.6910 ACC=0.6641
2026-08-17 00:18:01,731 - INFO - [round r14 e2] L=-2.9292 MI=-3.2930 PW=0.3638 H(Y|X)=0.674 H(Y)=2.644 active=15/15 pairs=2615 sameclass=0.6329 NMI=0.6750 ACC=0.5949
2026-08-17 00:18:01,745 - WARNING - [ILP] infeasible by Eq (3) alone: cluster 4 reaches at most 3.12 < alpha=4 (coverage min/mean/max 3.12/5.90/8.59); largest feasible alpha here is 3. g left as identity
2026-08-17 00:18:01,938 - INFO - [round r15 e1] L=-2.9209 MI=-3.2944 PW=0.3735 H(Y|X)=0.664 H(Y)=2.639 active=15/15 pairs=2615 sameclass=0.6229 NMI=0.6825 ACC=0.6400
2026-08-17 00:18:02,135 - INFO - [round r15 e2] L=-2.9690 MI=-3.3065 PW=0.3375 H(Y|X)=0.634 H(Y)=2.627 active=15/15 pairs=2615 sameclass=0.6275 NMI=0.6867 ACC=0.6529
2026-08-17 00:18:02,148 - WARNING - [ILP] infeasible by Eq (3) alone: cluster 4 reaches at most 3.24 < alpha=4 (coverage min/mean/max 3.24/5.88/8.59); largest feasible alpha here is 3. g left as identity
2026-08-17 00:18:02,344 - INFO - [round r16 e1] L=-2.9385 MI=-3.3079 PW=0.3694 H(Y|X)=0.628 H(Y)=2.624 active=15/15 pairs=2615 sameclass=0.621 NMI=0.6779 ACC=0.6306
2026-08-17 00:18:02,538 - INFO - [round r16 e2] L=-2.9565 MI=-3.3192 PW=0.3626 H(Y|X)=0.609 H(Y)=2.619 active=15/15 pairs=2615 sameclass=0.6272 NMI=0.6789 ACC=0.6539
2026-08-17 00:18:02,552 - WARNING - [ILP] infeasible by Eq (3) alone: cluster 4 reaches at most 3.24 < alpha=4 (coverage min/mean/max 3.24/5.88/8.59); largest feasible alpha here is 3. g left as identity
2026-08-17 00:18:02,743 - INFO - [round r17 e1] L=-2.9856 MI=-3.3357 PW=0.3501 H(Y|X)=0.592 H(Y)=2.618 active=15/15 pairs=2615 sameclass=0.6325 NMI=0.6820 ACC=0.6381
2026-08-17 00:18:02,943 - INFO - [round r17 e2] L=-2.9756 MI=-3.3391 PW=0.3635 H(Y|X)=0.581 H(Y)=2.613 active=15/15 pairs=2615 sameclass=0.6337 NMI=0.6749 ACC=0.6300
2026-08-17 00:18:02,957 - WARNING - [ILP] infeasible by Eq (3) alone: cluster 4 reaches at most 3.31 < alpha=4 (coverage min/mean/max 3.31/5.89/8.59); largest feasible alpha here is 3. g left as identity
2026-08-17 00:18:03,154 - INFO - [round r18 e1] L=-2.9692 MI=-3.3244 PW=0.3552 H(Y|X)=0.597 H(Y)=2.614 active=15/15 pairs=2615 sameclass=0.6191 NMI=0.6796 ACC=0.6342
2026-08-17 00:18:03,352 - INFO - [round r18 e2] L=-2.9942 MI=-3.3398 PW=0.3457 H(Y|X)=0.569 H(Y)=2.606 active=15/15 pairs=2615 sameclass=0.631 NMI=0.6742 ACC=0.6352
2026-08-17 00:18:03,365 - WARNING - [ILP] infeasible by Eq (3) alone: cluster 4 reaches at most 3.16 < alpha=4 (coverage min/mean/max 3.16/5.88/8.59); largest feasible alpha here is 3. g left as identity
2026-08-17 00:18:03,558 - INFO - [round r19 e1] L=-2.9992 MI=-3.3587 PW=0.3595 H(Y|X)=0.551 H(Y)=2.606 active=15/15 pairs=2615 sameclass=0.6382 NMI=0.6780 ACC=0.6306
2026-08-17 00:18:03,754 - INFO - [round r19 e2] L=-3.0244 MI=-3.3659 PW=0.3415 H(Y|X)=0.548 H(Y)=2.609 active=15/15 pairs=2615 sameclass=0.6249 NMI=0.6818 ACC=0.6469
2026-08-17 00:18:03,768 - WARNING - [ILP] infeasible by Eq (3) alone: cluster 4 reaches at most 3.23 < alpha=4 (coverage min/mean/max 3.23/5.87/8.57); largest feasible alpha here is 3. g left as identity
2026-08-17 00:18:03,960 - INFO - [round r20 e1] L=-3.0094 MI=-3.3656 PW=0.3562 H(Y|X)=0.544 H(Y)=2.606 active=15/15 pairs=2615 sameclass=0.6229 NMI=0.6751 ACC=0.6200
2026-08-17 00:18:04,156 - INFO - [round r20 e2] L=-2.9558 MI=-3.3553 PW=0.3995 H(Y|X)=0.525 H(Y)=2.587 active=15/15 pairs=2615 sameclass=0.6337 NMI=0.6787 ACC=0.6516
2026-08-17 00:18:05,159 - INFO - Artefacts written to results_v2/ddc_phase1/apy/apy15_mu15_a4_ilp_s46/
2026-08-17 00:18:05,159 - INFO - === RESULT ===
2026-08-17 00:18:05,159 - INFO - final  NMI=0.6787 ACC=0.6516 ARI=0.5453 active=15/15
2026-08-17 00:18:05,159 - INFO - best   NMI=0.7107 at step 399 (round round 5)
2026-08-17 00:18:05,159 - INFO - TC=0.0 ITF=0.0 (nats)
