2026-08-17 00:15:17,788 - INFO - GPU: NVIDIA GeForce RTX 4090
2026-08-17 00:15:17,807 - INFO - Predicate matrix: 32 classes × 64 attributes
2026-08-17 00:15:17,810 - INFO - Class filter: 15 classes, 6487 instances retained
2026-08-17 00:15:17,819 - INFO - Train split: 5189 samples, 15 classes, 64 attributes
2026-08-17 00:15:18,039 - INFO - Loaded cached features (5189, 2048) from cache/resnet101_apy_15_full.npz
2026-08-17 00:15:18,243 - INFO - Per-instance binary tags (5189, 64) from data/aPY-data/aPY/per-instance-attributes.tsv (density=0.0869, 1703 distinct rows)
2026-08-17 00:15:18,283 - INFO - Annotation r=0.5 (instance-level): 2615/5189 annotated, 2574 mean-imputed
2026-08-17 00:15:18,283 - INFO - === DDC rebuild | apy | N=5189 | K=15 | M=64 | preproc=none | r=0.5 ===
2026-08-17 00:15:21,126 - INFO - Pre-training 10 epochs (g = identity, Algorithm 1 lines 1-2)
2026-08-17 00:15:22,659 - INFO - [pretrain r0 e1] L=-1.3534 MI=-1.3537 PW=0.0003 H(Y|X)=2.707 H(Y)=2.707 active=15/15 pairs=2615 sameclass=0.6122 NMI=0.3225 ACC=0.3453
2026-08-17 00:15:22,849 - INFO - [pretrain r0 e2] L=-1.3541 MI=-1.3543 PW=0.0002 H(Y|X)=2.708 H(Y)=2.708 active=14/15 pairs=2615 sameclass=0.6325 NMI=0.4823 ACC=0.4706
2026-08-17 00:15:23,012 - INFO - [pretrain r0 e3] L=-1.3834 MI=-1.5359 PW=0.1525 H(Y|X)=2.513 H(Y)=2.700 active=8/15 pairs=2615 sameclass=0.6176 NMI=0.3867 ACC=0.3037
2026-08-17 00:15:23,169 - INFO - [pretrain r0 e4] L=-1.4669 MI=-1.7495 PW=0.2827 H(Y|X)=2.277 H(Y)=2.684 active=13/15 pairs=2615 sameclass=0.626 NMI=0.5651 ACC=0.5034
2026-08-17 00:15:23,330 - INFO - [pretrain r0 e5] L=-1.6562 MI=-2.0150 PW=0.3588 H(Y|X)=2.001 H(Y)=2.677 active=15/15 pairs=2615 sameclass=0.6107 NMI=0.5721 ACC=0.5406
2026-08-17 00:15:23,486 - INFO - [pretrain r0 e6] L=-1.7802 MI=-2.1339 PW=0.3537 H(Y|X)=1.889 H(Y)=2.682 active=15/15 pairs=2615 sameclass=0.6272 NMI=0.6479 ACC=0.6153
2026-08-17 00:15:23,641 - INFO - [pretrain r0 e7] L=-1.8704 MI=-2.1716 PW=0.3012 H(Y|X)=1.811 H(Y)=2.655 active=13/15 pairs=2615 sameclass=0.6229 NMI=0.6753 ACC=0.6113
2026-08-17 00:15:23,797 - INFO - [pretrain r0 e8] L=-2.0645 MI=-2.5740 PW=0.5096 H(Y|X)=1.437 H(Y)=2.674 active=15/15 pairs=2615 sameclass=0.6249 NMI=0.6817 ACC=0.6481
2026-08-17 00:15:23,952 - INFO - [pretrain r0 e9] L=-2.2018 MI=-2.7505 PW=0.5487 H(Y|X)=1.241 H(Y)=2.661 active=15/15 pairs=2615 sameclass=0.6256 NMI=0.6932 ACC=0.6396
2026-08-17 00:15:24,105 - INFO - [pretrain r0 e10] L=-2.3655 MI=-2.8719 PW=0.5064 H(Y|X)=1.116 H(Y)=2.659 active=14/15 pairs=2615 sameclass=0.6153 NMI=0.7072 ACC=0.6618
2026-08-17 00:15:24,272 - INFO - [round r1 e1] L=-2.4500 MI=-2.8766 PW=0.4266 H(Y|X)=1.125 H(Y)=2.668 active=15/15 pairs=2615 sameclass=0.6195 NMI=0.7065 ACC=0.6552
2026-08-17 00:15:24,423 - INFO - [round r1 e2] L=-2.5358 MI=-2.9581 PW=0.4224 H(Y|X)=1.036 H(Y)=2.663 active=15/15 pairs=2615 sameclass=0.6195 NMI=0.6854 ACC=0.5768
2026-08-17 00:15:24,584 - INFO - [round r2 e1] L=-2.5535 MI=-2.9785 PW=0.4250 H(Y|X)=1.015 H(Y)=2.662 active=15/15 pairs=2615 sameclass=0.6088 NMI=0.7052 ACC=0.6510
2026-08-17 00:15:24,737 - INFO - [round r2 e2] L=-2.5849 MI=-2.9996 PW=0.4148 H(Y|X)=0.993 H(Y)=2.662 active=15/15 pairs=2615 sameclass=0.6076 NMI=0.6976 ACC=0.5978
2026-08-17 00:15:24,900 - INFO - [round r3 e1] L=-2.6371 MI=-3.0347 PW=0.3976 H(Y|X)=0.952 H(Y)=2.658 active=15/15 pairs=2615 sameclass=0.6168 NMI=0.6899 ACC=0.6329
2026-08-17 00:15:25,051 - INFO - [round r3 e2] L=-2.6309 MI=-3.0615 PW=0.4306 H(Y|X)=0.929 H(Y)=2.660 active=15/15 pairs=2615 sameclass=0.6222 NMI=0.7018 ACC=0.6899
2026-08-17 00:15:25,230 - INFO - [round r4 e1] L=-2.6696 MI=-3.1123 PW=0.4426 H(Y|X)=0.876 H(Y)=2.659 active=15/15 pairs=2615 sameclass=0.6214 NMI=0.6808 ACC=0.6090
2026-08-17 00:15:25,424 - INFO - [round r4 e2] L=-2.6622 MI=-3.1013 PW=0.4391 H(Y|X)=0.896 H(Y)=2.665 active=15/15 pairs=2615 sameclass=0.6195 NMI=0.6731 ACC=0.6024
2026-08-17 00:15:25,631 - INFO - [round r5 e1] L=-2.7212 MI=-3.1446 PW=0.4234 H(Y|X)=0.845 H(Y)=2.660 active=15/15 pairs=2615 sameclass=0.6302 NMI=0.6887 ACC=0.6107
2026-08-17 00:15:25,828 - INFO - [round r5 e2] L=-2.7163 MI=-3.1410 PW=0.4248 H(Y|X)=0.846 H(Y)=2.658 active=15/15 pairs=2615 sameclass=0.6191 NMI=0.6916 ACC=0.6662
2026-08-17 00:15:26,061 - INFO - [round r6 e1] L=-2.7097 MI=-3.1802 PW=0.4705 H(Y|X)=0.809 H(Y)=2.659 active=15/15 pairs=2615 sameclass=0.6344 NMI=0.7031 ACC=0.6639
2026-08-17 00:15:26,276 - INFO - [round r6 e2] L=-2.7377 MI=-3.1499 PW=0.4122 H(Y|X)=0.830 H(Y)=2.653 active=15/15 pairs=2615 sameclass=0.6103 NMI=0.6833 ACC=0.6317
2026-08-17 00:15:26,493 - INFO - [round r7 e1] L=-2.8025 MI=-3.1980 PW=0.3955 H(Y|X)=0.786 H(Y)=2.656 active=15/15 pairs=2615 sameclass=0.6356 NMI=0.6944 ACC=0.6175
2026-08-17 00:15:26,715 - INFO - [round r7 e2] L=-2.7824 MI=-3.2035 PW=0.4212 H(Y|X)=0.780 H(Y)=2.655 active=15/15 pairs=2615 sameclass=0.6199 NMI=0.6698 ACC=0.5859
2026-08-17 00:15:26,939 - INFO - [round r8 e1] L=-2.7788 MI=-3.1887 PW=0.4099 H(Y|X)=0.785 H(Y)=2.649 active=15/15 pairs=2615 sameclass=0.6252 NMI=0.6900 ACC=0.6076
2026-08-17 00:15:27,150 - INFO - [round r8 e2] L=-2.7994 MI=-3.2004 PW=0.4011 H(Y|X)=0.783 H(Y)=2.656 active=15/15 pairs=2615 sameclass=0.6195 NMI=0.6892 ACC=0.6101
2026-08-17 00:15:27,371 - INFO - [round r9 e1] L=-2.8394 MI=-3.2297 PW=0.3903 H(Y|X)=0.756 H(Y)=2.657 active=15/15 pairs=2615 sameclass=0.6371 NMI=0.6856 ACC=0.6415
2026-08-17 00:15:27,576 - INFO - [round r9 e2] L=-2.8543 MI=-3.2289 PW=0.3745 H(Y|X)=0.755 H(Y)=2.656 active=15/15 pairs=2615 sameclass=0.6275 NMI=0.6819 ACC=0.6192
2026-08-17 00:15:27,793 - INFO - [round r10 e1] L=-2.8525 MI=-3.2393 PW=0.3869 H(Y|X)=0.741 H(Y)=2.654 active=15/15 pairs=2615 sameclass=0.6371 NMI=0.7015 ACC=0.6839
2026-08-17 00:15:27,999 - INFO - [round r10 e2] L=-2.9103 MI=-3.2585 PW=0.3482 H(Y|X)=0.724 H(Y)=2.655 active=15/15 pairs=2615 sameclass=0.6249 NMI=0.6908 ACC=0.6870
2026-08-17 00:15:28,216 - INFO - [round r11 e1] L=-2.9022 MI=-3.2768 PW=0.3746 H(Y|X)=0.695 H(Y)=2.648 active=15/15 pairs=2615 sameclass=0.6436 NMI=0.6920 ACC=0.6254
2026-08-17 00:15:28,421 - INFO - [round r11 e2] L=-2.8745 MI=-3.2664 PW=0.3919 H(Y|X)=0.708 H(Y)=2.649 active=15/15 pairs=2615 sameclass=0.6386 NMI=0.6925 ACC=0.6637
2026-08-17 00:15:28,632 - INFO - [round r12 e1] L=-2.8858 MI=-3.2847 PW=0.3989 H(Y|X)=0.686 H(Y)=2.647 active=15/15 pairs=2615 sameclass=0.6333 NMI=0.6759 ACC=0.6263
2026-08-17 00:15:28,837 - INFO - [round r12 e2] L=-2.9096 MI=-3.2605 PW=0.3509 H(Y|X)=0.701 H(Y)=2.641 active=15/15 pairs=2615 sameclass=0.634 NMI=0.6924 ACC=0.6631
2026-08-17 00:15:29,052 - INFO - [round r13 e1] L=-2.8848 MI=-3.2632 PW=0.3784 H(Y|X)=0.683 H(Y)=2.631 active=15/15 pairs=2615 sameclass=0.6218 NMI=0.6891 ACC=0.6336
2026-08-17 00:15:29,258 - INFO - [round r13 e2] L=-2.9529 MI=-3.3049 PW=0.3521 H(Y|X)=0.647 H(Y)=2.635 active=15/15 pairs=2615 sameclass=0.6486 NMI=0.6770 ACC=0.5916
2026-08-17 00:15:29,472 - INFO - [round r14 e1] L=-2.9194 MI=-3.2899 PW=0.3706 H(Y|X)=0.657 H(Y)=2.631 active=15/15 pairs=2615 sameclass=0.6337 NMI=0.6808 ACC=0.6236
2026-08-17 00:15:29,679 - INFO - [round r14 e2] L=-2.9135 MI=-3.2966 PW=0.3831 H(Y|X)=0.648 H(Y)=2.630 active=15/15 pairs=2615 sameclass=0.6447 NMI=0.6846 ACC=0.6225
2026-08-17 00:15:29,900 - INFO - [round r15 e1] L=-2.9094 MI=-3.2994 PW=0.3900 H(Y|X)=0.635 H(Y)=2.623 active=15/15 pairs=2615 sameclass=0.6356 NMI=0.6746 ACC=0.6001
2026-08-17 00:15:30,101 - INFO - [round r15 e2] L=-2.9287 MI=-3.2946 PW=0.3659 H(Y|X)=0.630 H(Y)=2.617 active=15/15 pairs=2615 sameclass=0.6245 NMI=0.6763 ACC=0.6317
2026-08-17 00:15:30,310 - INFO - [round r16 e1] L=-2.9065 MI=-3.2805 PW=0.3739 H(Y|X)=0.644 H(Y)=2.616 active=15/15 pairs=2615 sameclass=0.621 NMI=0.6743 ACC=0.5860
2026-08-17 00:15:30,500 - INFO - [round r16 e2] L=-2.9095 MI=-3.2999 PW=0.3903 H(Y|X)=0.628 H(Y)=2.619 active=15/15 pairs=2615 sameclass=0.6264 NMI=0.6820 ACC=0.6421
2026-08-17 00:15:30,695 - INFO - [round r17 e1] L=-2.8821 MI=-3.2814 PW=0.3993 H(Y|X)=0.641 H(Y)=2.615 active=15/15 pairs=2615 sameclass=0.6264 NMI=0.6932 ACC=0.6302
2026-08-17 00:15:30,889 - INFO - [round r17 e2] L=-2.9142 MI=-3.3075 PW=0.3933 H(Y|X)=0.617 H(Y)=2.616 active=15/15 pairs=2615 sameclass=0.6302 NMI=0.6750 ACC=0.6196
2026-08-17 00:15:31,099 - INFO - [round r18 e1] L=-2.9091 MI=-3.2925 PW=0.3834 H(Y|X)=0.629 H(Y)=2.615 active=15/15 pairs=2615 sameclass=0.6207 NMI=0.6892 ACC=0.6177
2026-08-17 00:15:31,294 - INFO - [round r18 e2] L=-2.9564 MI=-3.3234 PW=0.3671 H(Y|X)=0.597 H(Y)=2.614 active=15/15 pairs=2615 sameclass=0.6249 NMI=0.6851 ACC=0.6348
2026-08-17 00:15:31,504 - INFO - [round r19 e1] L=-2.9756 MI=-3.3265 PW=0.3508 H(Y|X)=0.600 H(Y)=2.618 active=15/15 pairs=2615 sameclass=0.6459 NMI=0.6921 ACC=0.6286
2026-08-17 00:15:31,695 - INFO - [round r19 e2] L=-3.0066 MI=-3.3355 PW=0.3289 H(Y|X)=0.584 H(Y)=2.613 active=15/15 pairs=2615 sameclass=0.6233 NMI=0.6976 ACC=0.6556
2026-08-17 00:15:31,898 - INFO - [round r20 e1] L=-2.9951 MI=-3.3384 PW=0.3433 H(Y|X)=0.579 H(Y)=2.611 active=15/15 pairs=2615 sameclass=0.6191 NMI=0.6851 ACC=0.6468
2026-08-17 00:15:32,087 - INFO - [round r20 e2] L=-2.9439 MI=-3.3210 PW=0.3771 H(Y|X)=0.585 H(Y)=2.604 active=15/15 pairs=2615 sameclass=0.6302 NMI=0.6940 ACC=0.6774
2026-08-17 00:15:33,072 - INFO - Artefacts written to results_v2/ddc_phase1/apy/apy15_mu15_a1_noilp_s46/
2026-08-17 00:15:33,073 - INFO - === RESULT ===
2026-08-17 00:15:33,073 - INFO - final  NMI=0.6940 ACC=0.6774 ARI=0.5560 active=15/15
2026-08-17 00:15:33,073 - INFO - best   NMI=0.7065 at step 231 (round round 1)
2026-08-17 00:15:33,073 - INFO - TC=0.0 ITF=0.0 (nats)
