2026-08-17 00:05:32,116 - INFO - GPU: NVIDIA GeForce RTX 4090
2026-08-17 00:05:32,136 - INFO - Predicate matrix: 32 classes × 64 attributes
2026-08-17 00:05:32,138 - INFO - Class filter: 15 classes, 6487 instances retained
2026-08-17 00:05:32,147 - INFO - Train split: 5189 samples, 15 classes, 64 attributes
2026-08-17 00:05:32,364 - INFO - Loaded cached features (5189, 2048) from cache/resnet101_apy_15_full.npz
2026-08-17 00:05:32,557 - INFO - Per-instance binary tags (5189, 64) from data/aPY-data/aPY/per-instance-attributes.tsv (density=0.0869, 1703 distinct rows)
2026-08-17 00:05:32,597 - INFO - Annotation r=0.5 (instance-level): 2579/5189 annotated, 2610 mean-imputed
2026-08-17 00:05:32,597 - INFO - === DDC rebuild | apy | N=5189 | K=15 | M=64 | preproc=none | r=0.5 ===
2026-08-17 00:05:35,379 - INFO - Pre-training 10 epochs (g = identity, Algorithm 1 lines 1-2)
2026-08-17 00:05:36,854 - INFO - [pretrain r0 e1] L=-1.9470 MI=-1.9470 PW=3.9535 H(Y|X)=1.899 H(Y)=2.564 active=11/15 pairs=2579 sameclass=0.6239 NMI=0.2724 ACC=0.2415
2026-08-17 00:05:37,025 - INFO - [pretrain r0 e2] L=-3.2652 MI=-3.2652 PW=11.5847 H(Y|X)=0.536 H(Y)=2.534 active=15/15 pairs=2579 sameclass=0.62 NMI=0.4193 ACC=0.3425
2026-08-17 00:05:37,194 - INFO - [pretrain r0 e3] L=-3.7781 MI=-3.7781 PW=13.3730 H(Y|X)=0.144 H(Y)=2.615 active=15/15 pairs=2579 sameclass=0.6126 NMI=0.4743 ACC=0.4020
2026-08-17 00:05:37,361 - INFO - [pretrain r0 e4] L=-3.8698 MI=-3.8698 PW=14.0384 H(Y|X)=0.079 H(Y)=2.632 active=15/15 pairs=2579 sameclass=0.6026 NMI=0.4897 ACC=0.4084
2026-08-17 00:05:37,530 - INFO - [pretrain r0 e5] L=-3.8929 MI=-3.8929 PW=14.3320 H(Y|X)=0.059 H(Y)=2.635 active=15/15 pairs=2579 sameclass=0.6157 NMI=0.4757 ACC=0.3665
2026-08-17 00:05:37,698 - INFO - [pretrain r0 e6] L=-3.9096 MI=-3.9096 PW=14.4109 H(Y|X)=0.053 H(Y)=2.642 active=15/15 pairs=2579 sameclass=0.6134 NMI=0.4980 ACC=0.3943
2026-08-17 00:05:37,862 - INFO - [pretrain r0 e7] L=-3.8956 MI=-3.8956 PW=14.4429 H(Y|X)=0.047 H(Y)=2.628 active=15/15 pairs=2579 sameclass=0.606 NMI=0.5164 ACC=0.4228
2026-08-17 00:05:38,022 - INFO - [pretrain r0 e8] L=-3.9333 MI=-3.9333 PW=14.4387 H(Y|X)=0.038 H(Y)=2.647 active=15/15 pairs=2579 sameclass=0.625 NMI=0.5031 ACC=0.4089
2026-08-17 00:05:38,180 - INFO - [pretrain r0 e9] L=-3.9153 MI=-3.9153 PW=14.2483 H(Y|X)=0.033 H(Y)=2.632 active=15/15 pairs=2579 sameclass=0.5956 NMI=0.5002 ACC=0.3893
2026-08-17 00:05:38,343 - INFO - [pretrain r0 e10] L=-3.9349 MI=-3.9349 PW=14.7786 H(Y|X)=0.031 H(Y)=2.644 active=15/15 pairs=2579 sameclass=0.6219 NMI=0.5248 ACC=0.4101
2026-08-17 00:05:39,154 - INFO - [ILP] beta=1 [proven_optimal, 0.8s], 15 active clusters, 23/64 tags kept, 3.5 tags/cluster
2026-08-17 00:05:39,349 - INFO - [round r1 e1] L=-3.9513 MI=-3.9513 PW=15.4646 H(Y|X)=0.025 H(Y)=2.651 active=15/15 pairs=2579 sameclass=0.5444 NMI=0.5009 ACC=0.3951
2026-08-17 00:05:39,491 - INFO - [round r1 e2] L=-3.9213 MI=-3.9213 PW=15.7993 H(Y|X)=0.029 H(Y)=2.633 active=15/15 pairs=2579 sameclass=0.5448 NMI=0.4936 ACC=0.3906
2026-08-17 00:05:40,348 - INFO - [ILP] beta=1 [proven_optimal, 0.8s], 15 active clusters, 24/64 tags kept, 3.5 tags/cluster
2026-08-17 00:05:40,529 - INFO - [round r2 e1] L=-3.9580 MI=-3.9580 PW=15.7900 H(Y|X)=0.026 H(Y)=2.656 active=15/15 pairs=2579 sameclass=0.5432 NMI=0.4878 ACC=0.3870
2026-08-17 00:05:40,665 - INFO - [round r2 e2] L=-3.9661 MI=-3.9661 PW=15.9350 H(Y|X)=0.028 H(Y)=2.663 active=15/15 pairs=2579 sameclass=0.5549 NMI=0.4961 ACC=0.4097
2026-08-17 00:05:41,571 - INFO - [ILP] beta=1 [proven_optimal, 0.9s], 15 active clusters, 24/64 tags kept, 3.4 tags/cluster
2026-08-17 00:05:41,720 - INFO - [round r3 e1] L=-3.9220 MI=-3.9220 PW=15.7004 H(Y|X)=0.027 H(Y)=2.633 active=15/15 pairs=2579 sameclass=0.5467 NMI=0.4869 ACC=0.3717
2026-08-17 00:05:41,856 - INFO - [round r3 e2] L=-3.9381 MI=-3.9381 PW=15.4405 H(Y|X)=0.024 H(Y)=2.641 active=15/15 pairs=2579 sameclass=0.5459 NMI=0.4847 ACC=0.4159
2026-08-17 00:05:42,783 - INFO - [ILP] beta=1 [proven_optimal, 0.9s], 15 active clusters, 23/64 tags kept, 3.5 tags/cluster
2026-08-17 00:05:42,918 - INFO - [round r4 e1] L=-3.9165 MI=-3.9165 PW=16.0797 H(Y|X)=0.032 H(Y)=2.632 active=15/15 pairs=2579 sameclass=0.518 NMI=0.4846 ACC=0.4469
2026-08-17 00:05:43,063 - INFO - [round r4 e2] L=-3.9238 MI=-3.9238 PW=16.0996 H(Y|X)=0.023 H(Y)=2.632 active=15/15 pairs=2579 sameclass=0.52 NMI=0.5016 ACC=0.4305
2026-08-17 00:05:44,725 - INFO - [ILP] beta=1 [proven_optimal, 1.6s], 15 active clusters, 25/64 tags kept, 3.4 tags/cluster
2026-08-17 00:05:44,869 - INFO - [round r5 e1] L=-3.9615 MI=-3.9615 PW=15.5274 H(Y|X)=0.019 H(Y)=2.654 active=15/15 pairs=2579 sameclass=0.5359 NMI=0.5148 ACC=0.4319
2026-08-17 00:05:45,022 - INFO - [round r5 e2] L=-3.9661 MI=-3.9661 PW=16.1540 H(Y|X)=0.020 H(Y)=2.657 active=15/15 pairs=2579 sameclass=0.5242 NMI=0.4855 ACC=0.3995
2026-08-17 00:05:46,199 - INFO - [ILP] beta=1 [proven_optimal, 1.1s], 15 active clusters, 23/64 tags kept, 3.5 tags/cluster
2026-08-17 00:05:46,361 - INFO - [round r6 e1] L=-3.9662 MI=-3.9662 PW=15.9823 H(Y|X)=0.021 H(Y)=2.658 active=15/15 pairs=2579 sameclass=0.5277 NMI=0.5172 ACC=0.4596
2026-08-17 00:05:46,542 - INFO - [round r6 e2] L=-3.9439 MI=-3.9439 PW=15.7540 H(Y|X)=0.019 H(Y)=2.642 active=15/15 pairs=2579 sameclass=0.5522 NMI=0.5046 ACC=0.4500
2026-08-17 00:05:47,090 - INFO - [ILP] beta=1 [proven_optimal, 0.5s], 15 active clusters, 25/64 tags kept, 3.1 tags/cluster
2026-08-17 00:05:47,310 - INFO - [round r7 e1] L=-3.9096 MI=-3.9096 PW=15.4117 H(Y|X)=0.018 H(Y)=2.619 active=15/15 pairs=2579 sameclass=0.5347 NMI=0.5100 ACC=0.4604
2026-08-17 00:05:47,493 - INFO - [round r7 e2] L=-3.9082 MI=-3.9082 PW=15.6938 H(Y|X)=0.016 H(Y)=2.616 active=15/15 pairs=2579 sameclass=0.5258 NMI=0.5225 ACC=0.4648
2026-08-17 00:05:47,664 - INFO - [ILP] beta=1 [proven_optimal, 0.1s], 15 active clusters, 25/64 tags kept, 3.3 tags/cluster
2026-08-17 00:05:47,867 - INFO - [round r8 e1] L=-3.9439 MI=-3.9439 PW=15.6544 H(Y|X)=0.017 H(Y)=2.641 active=15/15 pairs=2579 sameclass=0.5359 NMI=0.5024 ACC=0.4286
2026-08-17 00:05:48,046 - INFO - [round r8 e2] L=-3.9413 MI=-3.9413 PW=15.8138 H(Y|X)=0.020 H(Y)=2.641 active=15/15 pairs=2579 sameclass=0.5564 NMI=0.5107 ACC=0.4427
2026-08-17 00:05:48,215 - INFO - [ILP] beta=1 [proven_optimal, 0.1s], 15 active clusters, 26/64 tags kept, 3.3 tags/cluster
2026-08-17 00:05:48,408 - INFO - [round r9 e1] L=-3.9357 MI=-3.9357 PW=15.6468 H(Y|X)=0.016 H(Y)=2.634 active=15/15 pairs=2579 sameclass=0.5529 NMI=0.5059 ACC=0.4438
2026-08-17 00:05:48,597 - INFO - [round r9 e2] L=-3.9521 MI=-3.9521 PW=15.7712 H(Y|X)=0.017 H(Y)=2.646 active=15/15 pairs=2579 sameclass=0.5719 NMI=0.4928 ACC=0.4234
2026-08-17 00:05:49,149 - INFO - [ILP] beta=1 [proven_optimal, 0.5s], 15 active clusters, 26/64 tags kept, 3.3 tags/cluster
2026-08-17 00:05:49,371 - INFO - [round r10 e1] L=-3.9670 MI=-3.9670 PW=15.4778 H(Y|X)=0.017 H(Y)=2.656 active=15/15 pairs=2579 sameclass=0.5669 NMI=0.4794 ACC=0.3883
2026-08-17 00:05:49,569 - INFO - [round r10 e2] L=-3.9209 MI=-3.9209 PW=15.7599 H(Y|X)=0.018 H(Y)=2.626 active=15/15 pairs=2579 sameclass=0.5572 NMI=0.5195 ACC=0.4517
2026-08-17 00:05:50,431 - INFO - [ILP] beta=1 [proven_optimal, 0.8s], 15 active clusters, 28/64 tags kept, 3.3 tags/cluster
2026-08-17 00:05:50,612 - INFO - [round r11 e1] L=-3.9278 MI=-3.9278 PW=15.3357 H(Y|X)=0.016 H(Y)=2.629 active=15/15 pairs=2579 sameclass=0.5646 NMI=0.5081 ACC=0.4159
2026-08-17 00:05:50,802 - INFO - [round r11 e2] L=-3.9097 MI=-3.9097 PW=15.4602 H(Y|X)=0.014 H(Y)=2.616 active=15/15 pairs=2579 sameclass=0.5448 NMI=0.5230 ACC=0.4471
2026-08-17 00:05:51,564 - INFO - [ILP] beta=1 [proven_optimal, 0.7s], 15 active clusters, 27/64 tags kept, 3.3 tags/cluster
2026-08-17 00:05:51,695 - INFO - [round r12 e1] L=-3.9450 MI=-3.9450 PW=15.4693 H(Y|X)=0.013 H(Y)=2.638 active=15/15 pairs=2579 sameclass=0.5649 NMI=0.5084 ACC=0.4338
2026-08-17 00:05:51,830 - INFO - [round r12 e2] L=-3.8982 MI=-3.8982 PW=15.9111 H(Y|X)=0.013 H(Y)=2.607 active=15/15 pairs=2579 sameclass=0.57 NMI=0.5091 ACC=0.4999
2026-08-17 00:05:52,164 - INFO - [ILP] beta=1 [proven_optimal, 0.3s], 15 active clusters, 24/64 tags kept, 3.3 tags/cluster
2026-08-17 00:05:52,308 - INFO - [round r13 e1] L=-3.9459 MI=-3.9459 PW=15.6732 H(Y|X)=0.012 H(Y)=2.639 active=15/15 pairs=2579 sameclass=0.5351 NMI=0.5345 ACC=0.4648
2026-08-17 00:05:52,442 - INFO - [round r13 e2] L=-3.9354 MI=-3.9354 PW=15.5438 H(Y|X)=0.009 H(Y)=2.630 active=15/15 pairs=2579 sameclass=0.5052 NMI=0.5328 ACC=0.4589
2026-08-17 00:05:52,957 - INFO - [ILP] beta=1 [proven_optimal, 0.5s], 15 active clusters, 22/64 tags kept, 3.1 tags/cluster
2026-08-17 00:05:53,118 - INFO - [round r14 e1] L=-3.9648 MI=-3.9648 PW=15.8793 H(Y|X)=0.012 H(Y)=2.651 active=15/15 pairs=2579 sameclass=0.5262 NMI=0.5374 ACC=0.4558
2026-08-17 00:05:53,271 - INFO - [round r14 e2] L=-3.9697 MI=-3.9697 PW=15.5979 H(Y|X)=0.009 H(Y)=2.653 active=15/15 pairs=2579 sameclass=0.5118 NMI=0.5464 ACC=0.4833
2026-08-17 00:05:54,146 - INFO - [ILP] beta=1 [proven_optimal, 0.8s], 15 active clusters, 27/64 tags kept, 3.3 tags/cluster
2026-08-17 00:05:54,364 - INFO - [round r15 e1] L=-3.9662 MI=-3.9662 PW=14.7593 H(Y|X)=0.009 H(Y)=2.650 active=15/15 pairs=2579 sameclass=0.551 NMI=0.5475 ACC=0.4810
2026-08-17 00:05:54,586 - INFO - [round r15 e2] L=-3.9183 MI=-3.9183 PW=15.0556 H(Y|X)=0.011 H(Y)=2.620 active=15/15 pairs=2579 sameclass=0.5622 NMI=0.5207 ACC=0.5007
2026-08-17 00:05:54,799 - INFO - [ILP] beta=1 [proven_optimal, 0.2s], 15 active clusters, 22/64 tags kept, 3.1 tags/cluster
2026-08-17 00:05:55,024 - INFO - [round r16 e1] L=-3.9558 MI=-3.9558 PW=15.7002 H(Y|X)=0.013 H(Y)=2.646 active=15/15 pairs=2579 sameclass=0.5266 NMI=0.5357 ACC=0.4639
2026-08-17 00:05:55,230 - INFO - [round r16 e2] L=-3.9239 MI=-3.9239 PW=15.7242 H(Y|X)=0.010 H(Y)=2.623 active=15/15 pairs=2579 sameclass=0.5351 NMI=0.5216 ACC=0.4789
2026-08-17 00:05:55,714 - INFO - [ILP] beta=1 [proven_optimal, 0.4s], 15 active clusters, 25/64 tags kept, 3.2 tags/cluster
2026-08-17 00:05:55,959 - INFO - [round r17 e1] L=-3.9286 MI=-3.9286 PW=15.4963 H(Y|X)=0.013 H(Y)=2.628 active=15/15 pairs=2579 sameclass=0.5347 NMI=0.5365 ACC=0.4959
2026-08-17 00:05:56,185 - INFO - [round r17 e2] L=-3.9544 MI=-3.9544 PW=15.2980 H(Y|X)=0.011 H(Y)=2.643 active=15/15 pairs=2579 sameclass=0.5328 NMI=0.5472 ACC=0.5032
2026-08-17 00:05:56,621 - INFO - [ILP] beta=1 [proven_optimal, 0.4s], 15 active clusters, 27/64 tags kept, 3.3 tags/cluster
2026-08-17 00:05:56,855 - INFO - [round r18 e1] L=-3.9512 MI=-3.9512 PW=15.5013 H(Y|X)=0.010 H(Y)=2.641 active=15/15 pairs=2579 sameclass=0.5518 NMI=0.5449 ACC=0.4829
2026-08-17 00:05:57,059 - INFO - [round r18 e2] L=-3.9540 MI=-3.9540 PW=15.3931 H(Y|X)=0.009 H(Y)=2.642 active=15/15 pairs=2579 sameclass=0.558 NMI=0.5388 ACC=0.4766
2026-08-17 00:05:57,531 - INFO - [ILP] beta=1 [proven_optimal, 0.4s], 15 active clusters, 26/64 tags kept, 3.1 tags/cluster
2026-08-17 00:05:57,756 - INFO - [round r19 e1] L=-3.9700 MI=-3.9700 PW=15.6090 H(Y|X)=0.010 H(Y)=2.653 active=15/15 pairs=2579 sameclass=0.5316 NMI=0.5297 ACC=0.4920
2026-08-17 00:05:57,959 - INFO - [round r19 e2] L=-3.9682 MI=-3.9682 PW=15.3795 H(Y|X)=0.010 H(Y)=2.652 active=15/15 pairs=2579 sameclass=0.5382 NMI=0.5322 ACC=0.4772
2026-08-17 00:05:58,446 - INFO - [ILP] beta=1 [proven_optimal, 0.4s], 15 active clusters, 23/64 tags kept, 3.1 tags/cluster
2026-08-17 00:05:58,687 - INFO - [round r20 e1] L=-3.9505 MI=-3.9505 PW=15.8450 H(Y|X)=0.010 H(Y)=2.640 active=15/15 pairs=2579 sameclass=0.5126 NMI=0.5243 ACC=0.4336
2026-08-17 00:05:58,910 - INFO - [round r20 e2] L=-3.9792 MI=-3.9792 PW=15.7475 H(Y|X)=0.009 H(Y)=2.659 active=15/15 pairs=2579 sameclass=0.5277 NMI=0.5263 ACC=0.4637
2026-08-17 00:05:59,904 - INFO - Artefacts written to results_v2/ddc_phase1/apy/apy15_mu15_a1_lam0_s43/
2026-08-17 00:05:59,904 - INFO - === RESULT ===
2026-08-17 00:05:59,904 - INFO - final  NMI=0.5263 ACC=0.4637 ARI=0.3332 active=15/15
2026-08-17 00:05:59,904 - INFO - best   NMI=0.5475 at step 819 (round round 15)
2026-08-17 00:05:59,904 - INFO - TC=0.3439 ITF=1.949 (nats)
2026-08-17 01:14:56,737 - INFO - GPU: NVIDIA GeForce RTX 4090
2026-08-17 01:14:56,755 - INFO - Predicate matrix: 32 classes × 64 attributes
2026-08-17 01:14:56,757 - INFO - Class filter: 15 classes, 6487 instances retained
2026-08-17 01:14:56,766 - INFO - Train split: 5189 samples, 15 classes, 64 attributes
2026-08-17 01:14:56,983 - INFO - Loaded cached features (5189, 2048) from cache/resnet101_apy_15_full.npz
2026-08-17 01:14:57,163 - INFO - Per-instance binary tags (5189, 64) from data/aPY-data/aPY/per-instance-attributes.tsv (density=0.0869, 1703 distinct rows)
2026-08-17 01:14:57,202 - INFO - Annotation r=0.5 (instance-level): 2579/5189 annotated, 2610 mean-imputed
2026-08-17 01:14:57,202 - INFO - === DDC rebuild | apy | N=5189 | K=15 | M=64 | preproc=none | r=0.5 ===
2026-08-17 01:14:59,929 - INFO - Pre-training 10 epochs (g = identity, Algorithm 1 lines 1-2)
2026-08-17 01:15:01,372 - INFO - [pretrain r0 e1] L=-1.9470 MI=-1.9470 PW=3.9535 H(Y|X)=1.899 H(Y)=2.564 active=11/15 pairs=2579 sameclass=0.6239 NMI=0.2724 ACC=0.2415
2026-08-17 01:15:01,560 - INFO - [pretrain r0 e2] L=-3.2652 MI=-3.2652 PW=11.5847 H(Y|X)=0.536 H(Y)=2.534 active=15/15 pairs=2579 sameclass=0.62 NMI=0.4193 ACC=0.3425
2026-08-17 01:15:01,760 - INFO - [pretrain r0 e3] L=-3.7781 MI=-3.7781 PW=13.3730 H(Y|X)=0.144 H(Y)=2.615 active=15/15 pairs=2579 sameclass=0.6126 NMI=0.4743 ACC=0.4020
2026-08-17 01:15:01,961 - INFO - [pretrain r0 e4] L=-3.8698 MI=-3.8698 PW=14.0384 H(Y|X)=0.079 H(Y)=2.632 active=15/15 pairs=2579 sameclass=0.6026 NMI=0.4897 ACC=0.4084
2026-08-17 01:15:02,163 - INFO - [pretrain r0 e5] L=-3.8929 MI=-3.8929 PW=14.3320 H(Y|X)=0.059 H(Y)=2.635 active=15/15 pairs=2579 sameclass=0.6157 NMI=0.4757 ACC=0.3665
2026-08-17 01:15:02,370 - INFO - [pretrain r0 e6] L=-3.9096 MI=-3.9096 PW=14.4109 H(Y|X)=0.053 H(Y)=2.642 active=15/15 pairs=2579 sameclass=0.6134 NMI=0.4980 ACC=0.3943
2026-08-17 01:15:02,578 - INFO - [pretrain r0 e7] L=-3.8956 MI=-3.8956 PW=14.4429 H(Y|X)=0.047 H(Y)=2.628 active=15/15 pairs=2579 sameclass=0.606 NMI=0.5164 ACC=0.4228
2026-08-17 01:15:02,783 - INFO - [pretrain r0 e8] L=-3.9333 MI=-3.9333 PW=14.4387 H(Y|X)=0.038 H(Y)=2.647 active=15/15 pairs=2579 sameclass=0.625 NMI=0.5031 ACC=0.4089
2026-08-17 01:15:02,985 - INFO - [pretrain r0 e9] L=-3.9153 MI=-3.9153 PW=14.2483 H(Y|X)=0.033 H(Y)=2.632 active=15/15 pairs=2579 sameclass=0.5956 NMI=0.5002 ACC=0.3893
2026-08-17 01:15:03,184 - INFO - [pretrain r0 e10] L=-3.9349 MI=-3.9349 PW=14.7786 H(Y|X)=0.031 H(Y)=2.644 active=15/15 pairs=2579 sameclass=0.6219 NMI=0.5248 ACC=0.4101
2026-08-17 01:15:03,950 - INFO - [ILP] beta=1 [proven_optimal, 0.7s], 15 active clusters, 23/64 tags kept, 3.5 tags/cluster
2026-08-17 01:15:04,148 - INFO - [round r1 e1] L=-3.9513 MI=-3.9513 PW=15.4646 H(Y|X)=0.025 H(Y)=2.651 active=15/15 pairs=2579 sameclass=0.5444 NMI=0.5009 ACC=0.3951
2026-08-17 01:15:04,314 - INFO - [round r1 e2] L=-3.9213 MI=-3.9213 PW=15.7993 H(Y|X)=0.029 H(Y)=2.633 active=15/15 pairs=2579 sameclass=0.5448 NMI=0.4936 ACC=0.3906
2026-08-17 01:15:05,138 - INFO - [ILP] beta=1 [proven_optimal, 0.8s], 15 active clusters, 24/64 tags kept, 3.5 tags/cluster
2026-08-17 01:15:05,320 - INFO - [round r2 e1] L=-3.9580 MI=-3.9580 PW=15.7900 H(Y|X)=0.026 H(Y)=2.656 active=15/15 pairs=2579 sameclass=0.5432 NMI=0.4878 ACC=0.3870
2026-08-17 01:15:05,504 - INFO - [round r2 e2] L=-3.9661 MI=-3.9661 PW=15.9350 H(Y|X)=0.028 H(Y)=2.663 active=15/15 pairs=2579 sameclass=0.5549 NMI=0.4961 ACC=0.4097
2026-08-17 01:15:06,381 - INFO - [ILP] beta=1 [proven_optimal, 0.8s], 15 active clusters, 24/64 tags kept, 3.4 tags/cluster
2026-08-17 01:15:06,545 - INFO - [round r3 e1] L=-3.9220 MI=-3.9220 PW=15.7004 H(Y|X)=0.027 H(Y)=2.633 active=15/15 pairs=2579 sameclass=0.5467 NMI=0.4869 ACC=0.3717
2026-08-17 01:15:06,703 - INFO - [round r3 e2] L=-3.9381 MI=-3.9381 PW=15.4405 H(Y|X)=0.024 H(Y)=2.641 active=15/15 pairs=2579 sameclass=0.5459 NMI=0.4847 ACC=0.4159
2026-08-17 01:15:07,571 - INFO - [ILP] beta=1 [proven_optimal, 0.8s], 15 active clusters, 23/64 tags kept, 3.5 tags/cluster
2026-08-17 01:15:07,698 - INFO - [round r4 e1] L=-3.9165 MI=-3.9165 PW=16.0797 H(Y|X)=0.032 H(Y)=2.632 active=15/15 pairs=2579 sameclass=0.518 NMI=0.4846 ACC=0.4469
2026-08-17 01:15:07,872 - INFO - [round r4 e2] L=-3.9238 MI=-3.9238 PW=16.0996 H(Y|X)=0.023 H(Y)=2.632 active=15/15 pairs=2579 sameclass=0.52 NMI=0.5016 ACC=0.4305
2026-08-17 01:15:09,476 - INFO - [ILP] beta=1 [proven_optimal, 1.6s], 15 active clusters, 25/64 tags kept, 3.4 tags/cluster
2026-08-17 01:15:09,664 - INFO - [round r5 e1] L=-3.9615 MI=-3.9615 PW=15.5274 H(Y|X)=0.019 H(Y)=2.654 active=15/15 pairs=2579 sameclass=0.5359 NMI=0.5148 ACC=0.4319
2026-08-17 01:15:09,859 - INFO - [round r5 e2] L=-3.9661 MI=-3.9661 PW=16.1540 H(Y|X)=0.020 H(Y)=2.657 active=15/15 pairs=2579 sameclass=0.5242 NMI=0.4855 ACC=0.3995
2026-08-17 01:15:10,971 - INFO - [ILP] beta=1 [proven_optimal, 1.1s], 15 active clusters, 23/64 tags kept, 3.5 tags/cluster
2026-08-17 01:15:11,145 - INFO - [round r6 e1] L=-3.9662 MI=-3.9662 PW=15.9823 H(Y|X)=0.021 H(Y)=2.658 active=15/15 pairs=2579 sameclass=0.5277 NMI=0.5172 ACC=0.4596
2026-08-17 01:15:11,326 - INFO - [round r6 e2] L=-3.9439 MI=-3.9439 PW=15.7540 H(Y|X)=0.019 H(Y)=2.642 active=15/15 pairs=2579 sameclass=0.5522 NMI=0.5046 ACC=0.4500
2026-08-17 01:15:11,860 - INFO - [ILP] beta=1 [proven_optimal, 0.5s], 15 active clusters, 25/64 tags kept, 3.1 tags/cluster
2026-08-17 01:15:12,037 - INFO - [round r7 e1] L=-3.9096 MI=-3.9096 PW=15.4117 H(Y|X)=0.018 H(Y)=2.619 active=15/15 pairs=2579 sameclass=0.5347 NMI=0.5100 ACC=0.4604
2026-08-17 01:15:12,207 - INFO - [round r7 e2] L=-3.9082 MI=-3.9082 PW=15.6938 H(Y|X)=0.016 H(Y)=2.616 active=15/15 pairs=2579 sameclass=0.5258 NMI=0.5225 ACC=0.4648
2026-08-17 01:15:12,366 - INFO - [ILP] beta=1 [proven_optimal, 0.1s], 15 active clusters, 25/64 tags kept, 3.3 tags/cluster
2026-08-17 01:15:12,535 - INFO - [round r8 e1] L=-3.9439 MI=-3.9439 PW=15.6544 H(Y|X)=0.017 H(Y)=2.641 active=15/15 pairs=2579 sameclass=0.5359 NMI=0.5024 ACC=0.4286
2026-08-17 01:15:12,727 - INFO - [round r8 e2] L=-3.9413 MI=-3.9413 PW=15.8138 H(Y|X)=0.020 H(Y)=2.641 active=15/15 pairs=2579 sameclass=0.5564 NMI=0.5107 ACC=0.4427
2026-08-17 01:15:12,911 - INFO - [ILP] beta=1 [proven_optimal, 0.2s], 15 active clusters, 26/64 tags kept, 3.3 tags/cluster
2026-08-17 01:15:13,108 - INFO - [round r9 e1] L=-3.9357 MI=-3.9357 PW=15.6468 H(Y|X)=0.016 H(Y)=2.634 active=15/15 pairs=2579 sameclass=0.5529 NMI=0.5059 ACC=0.4438
2026-08-17 01:15:13,313 - INFO - [round r9 e2] L=-3.9521 MI=-3.9521 PW=15.7712 H(Y|X)=0.017 H(Y)=2.646 active=15/15 pairs=2579 sameclass=0.5719 NMI=0.4928 ACC=0.4234
2026-08-17 01:15:13,854 - INFO - [ILP] beta=1 [proven_optimal, 0.5s], 15 active clusters, 26/64 tags kept, 3.3 tags/cluster
2026-08-17 01:15:14,050 - INFO - [round r10 e1] L=-3.9670 MI=-3.9670 PW=15.4778 H(Y|X)=0.017 H(Y)=2.656 active=15/15 pairs=2579 sameclass=0.5669 NMI=0.4794 ACC=0.3883
2026-08-17 01:15:14,236 - INFO - [round r10 e2] L=-3.9209 MI=-3.9209 PW=15.7599 H(Y|X)=0.018 H(Y)=2.626 active=15/15 pairs=2579 sameclass=0.5572 NMI=0.5195 ACC=0.4517
2026-08-17 01:15:15,078 - INFO - [ILP] beta=1 [proven_optimal, 0.8s], 15 active clusters, 28/64 tags kept, 3.3 tags/cluster
2026-08-17 01:15:15,268 - INFO - [round r11 e1] L=-3.9278 MI=-3.9278 PW=15.3357 H(Y|X)=0.016 H(Y)=2.629 active=15/15 pairs=2579 sameclass=0.5646 NMI=0.5081 ACC=0.4159
2026-08-17 01:15:15,452 - INFO - [round r11 e2] L=-3.9097 MI=-3.9097 PW=15.4602 H(Y|X)=0.014 H(Y)=2.616 active=15/15 pairs=2579 sameclass=0.5448 NMI=0.5230 ACC=0.4471
2026-08-17 01:15:16,202 - INFO - [ILP] beta=1 [proven_optimal, 0.7s], 15 active clusters, 27/64 tags kept, 3.3 tags/cluster
2026-08-17 01:15:16,398 - INFO - [round r12 e1] L=-3.9450 MI=-3.9450 PW=15.4693 H(Y|X)=0.013 H(Y)=2.638 active=15/15 pairs=2579 sameclass=0.5649 NMI=0.5084 ACC=0.4338
2026-08-17 01:15:16,586 - INFO - [round r12 e2] L=-3.8982 MI=-3.8982 PW=15.9111 H(Y|X)=0.013 H(Y)=2.607 active=15/15 pairs=2579 sameclass=0.57 NMI=0.5091 ACC=0.4999
2026-08-17 01:15:16,924 - INFO - [ILP] beta=1 [proven_optimal, 0.3s], 15 active clusters, 24/64 tags kept, 3.3 tags/cluster
2026-08-17 01:15:17,146 - INFO - [round r13 e1] L=-3.9459 MI=-3.9459 PW=15.6732 H(Y|X)=0.012 H(Y)=2.639 active=15/15 pairs=2579 sameclass=0.5351 NMI=0.5345 ACC=0.4648
2026-08-17 01:15:17,338 - INFO - [round r13 e2] L=-3.9354 MI=-3.9354 PW=15.5438 H(Y|X)=0.009 H(Y)=2.630 active=15/15 pairs=2579 sameclass=0.5052 NMI=0.5328 ACC=0.4589
2026-08-17 01:15:17,886 - INFO - [ILP] beta=1 [proven_optimal, 0.5s], 15 active clusters, 22/64 tags kept, 3.1 tags/cluster
2026-08-17 01:15:18,089 - INFO - [round r14 e1] L=-3.9648 MI=-3.9648 PW=15.8793 H(Y|X)=0.012 H(Y)=2.651 active=15/15 pairs=2579 sameclass=0.5262 NMI=0.5374 ACC=0.4558
2026-08-17 01:15:18,290 - INFO - [round r14 e2] L=-3.9697 MI=-3.9697 PW=15.5979 H(Y|X)=0.009 H(Y)=2.653 active=15/15 pairs=2579 sameclass=0.5118 NMI=0.5464 ACC=0.4833
2026-08-17 01:15:19,206 - INFO - [ILP] beta=1 [proven_optimal, 0.9s], 15 active clusters, 27/64 tags kept, 3.3 tags/cluster
2026-08-17 01:15:19,404 - INFO - [round r15 e1] L=-3.9662 MI=-3.9662 PW=14.7593 H(Y|X)=0.009 H(Y)=2.650 active=15/15 pairs=2579 sameclass=0.551 NMI=0.5475 ACC=0.4810
2026-08-17 01:15:19,609 - INFO - [round r15 e2] L=-3.9183 MI=-3.9183 PW=15.0556 H(Y|X)=0.011 H(Y)=2.620 active=15/15 pairs=2579 sameclass=0.5622 NMI=0.5207 ACC=0.5007
2026-08-17 01:15:19,814 - INFO - [ILP] beta=1 [proven_optimal, 0.2s], 15 active clusters, 22/64 tags kept, 3.1 tags/cluster
2026-08-17 01:15:20,016 - INFO - [round r16 e1] L=-3.9558 MI=-3.9558 PW=15.7002 H(Y|X)=0.013 H(Y)=2.646 active=15/15 pairs=2579 sameclass=0.5266 NMI=0.5357 ACC=0.4639
2026-08-17 01:15:20,221 - INFO - [round r16 e2] L=-3.9239 MI=-3.9239 PW=15.7242 H(Y|X)=0.010 H(Y)=2.623 active=15/15 pairs=2579 sameclass=0.5351 NMI=0.5216 ACC=0.4789
2026-08-17 01:15:20,725 - INFO - [ILP] beta=1 [proven_optimal, 0.5s], 15 active clusters, 25/64 tags kept, 3.2 tags/cluster
2026-08-17 01:15:20,891 - INFO - [round r17 e1] L=-3.9286 MI=-3.9286 PW=15.4963 H(Y|X)=0.013 H(Y)=2.628 active=15/15 pairs=2579 sameclass=0.5347 NMI=0.5365 ACC=0.4959
2026-08-17 01:15:21,064 - INFO - [round r17 e2] L=-3.9544 MI=-3.9544 PW=15.2980 H(Y|X)=0.011 H(Y)=2.643 active=15/15 pairs=2579 sameclass=0.5328 NMI=0.5472 ACC=0.5032
2026-08-17 01:15:21,494 - INFO - [ILP] beta=1 [proven_optimal, 0.4s], 15 active clusters, 27/64 tags kept, 3.3 tags/cluster
2026-08-17 01:15:21,699 - INFO - [round r18 e1] L=-3.9512 MI=-3.9512 PW=15.5013 H(Y|X)=0.010 H(Y)=2.641 active=15/15 pairs=2579 sameclass=0.5518 NMI=0.5449 ACC=0.4829
2026-08-17 01:15:21,900 - INFO - [round r18 e2] L=-3.9540 MI=-3.9540 PW=15.3931 H(Y|X)=0.009 H(Y)=2.642 active=15/15 pairs=2579 sameclass=0.558 NMI=0.5388 ACC=0.4766
2026-08-17 01:15:22,374 - INFO - [ILP] beta=1 [proven_optimal, 0.4s], 15 active clusters, 26/64 tags kept, 3.1 tags/cluster
2026-08-17 01:15:22,563 - INFO - [round r19 e1] L=-3.9700 MI=-3.9700 PW=15.6090 H(Y|X)=0.010 H(Y)=2.653 active=15/15 pairs=2579 sameclass=0.5316 NMI=0.5297 ACC=0.4920
2026-08-17 01:15:22,762 - INFO - [round r19 e2] L=-3.9682 MI=-3.9682 PW=15.3795 H(Y|X)=0.010 H(Y)=2.652 active=15/15 pairs=2579 sameclass=0.5382 NMI=0.5322 ACC=0.4772
2026-08-17 01:15:23,273 - INFO - [ILP] beta=1 [proven_optimal, 0.5s], 15 active clusters, 23/64 tags kept, 3.1 tags/cluster
2026-08-17 01:15:23,497 - INFO - [round r20 e1] L=-3.9505 MI=-3.9505 PW=15.8450 H(Y|X)=0.010 H(Y)=2.640 active=15/15 pairs=2579 sameclass=0.5126 NMI=0.5243 ACC=0.4336
2026-08-17 01:15:23,709 - INFO - [round r20 e2] L=-3.9792 MI=-3.9792 PW=15.7475 H(Y|X)=0.009 H(Y)=2.659 active=15/15 pairs=2579 sameclass=0.5277 NMI=0.5263 ACC=0.4637
2026-08-17 01:15:24,597 - INFO - [ILP] beta=1 [proven_optimal, 0.8s], 15 active clusters, 27/64 tags kept, 3.3 tags/cluster
2026-08-17 01:15:25,303 - INFO - Artefacts written to results_v2/ddc_phase1/apy/apy15_mu15_a1_lam0_s43/
2026-08-17 01:15:25,304 - INFO - === RESULT ===
2026-08-17 01:15:25,304 - INFO - final  NMI=0.5263 ACC=0.4637 ARI=0.3332 active=15/15
2026-08-17 01:15:25,304 - INFO - best   NMI=0.5475 at step 819 (round round 15)
2026-08-17 01:15:25,304 - INFO - TC=0.3434 ITF=2.0078 (nats)
