2026-08-17 00:05:02,845 - INFO - GPU: NVIDIA GeForce RTX 4090
2026-08-17 00:05:02,865 - INFO - Predicate matrix: 32 classes × 64 attributes
2026-08-17 00:05:02,868 - INFO - Class filter: 15 classes, 6487 instances retained
2026-08-17 00:05:02,877 - INFO - Train split: 5189 samples, 15 classes, 64 attributes
2026-08-17 00:05:03,099 - INFO - Loaded cached features (5189, 2048) from cache/resnet101_apy_15_full.npz
2026-08-17 00:05:03,290 - INFO - Per-instance binary tags (5189, 64) from data/aPY-data/aPY/per-instance-attributes.tsv (density=0.0869, 1703 distinct rows)
2026-08-17 00:05:03,330 - INFO - Annotation r=0.5 (instance-level): 2615/5189 annotated, 2574 mean-imputed
2026-08-17 00:05:03,330 - INFO - === DDC rebuild | apy | N=5189 | K=15 | M=64 | preproc=none | r=0.5 ===
2026-08-17 00:05:06,192 - INFO - Pre-training 10 epochs (g = identity, Algorithm 1 lines 1-2)
2026-08-17 00:05:07,693 - INFO - [pretrain r0 e1] L=-1.3534 MI=-1.3537 PW=0.0003 H(Y|X)=2.707 H(Y)=2.707 active=15/15 pairs=2615 sameclass=0.6122 NMI=0.3225 ACC=0.3453
2026-08-17 00:05:07,861 - INFO - [pretrain r0 e2] L=-1.3541 MI=-1.3543 PW=0.0002 H(Y|X)=2.708 H(Y)=2.708 active=14/15 pairs=2615 sameclass=0.6325 NMI=0.4823 ACC=0.4706
2026-08-17 00:05:08,013 - INFO - [pretrain r0 e3] L=-1.3834 MI=-1.5359 PW=0.1525 H(Y|X)=2.513 H(Y)=2.700 active=8/15 pairs=2615 sameclass=0.6176 NMI=0.3867 ACC=0.3037
2026-08-17 00:05:08,164 - INFO - [pretrain r0 e4] L=-1.4669 MI=-1.7495 PW=0.2827 H(Y|X)=2.277 H(Y)=2.684 active=13/15 pairs=2615 sameclass=0.626 NMI=0.5651 ACC=0.5034
2026-08-17 00:05:08,310 - INFO - [pretrain r0 e5] L=-1.6562 MI=-2.0150 PW=0.3588 H(Y|X)=2.001 H(Y)=2.677 active=15/15 pairs=2615 sameclass=0.6107 NMI=0.5721 ACC=0.5406
2026-08-17 00:05:08,456 - INFO - [pretrain r0 e6] L=-1.7802 MI=-2.1339 PW=0.3537 H(Y|X)=1.889 H(Y)=2.682 active=15/15 pairs=2615 sameclass=0.6272 NMI=0.6479 ACC=0.6153
2026-08-17 00:05:08,600 - INFO - [pretrain r0 e7] L=-1.8704 MI=-2.1716 PW=0.3012 H(Y|X)=1.811 H(Y)=2.655 active=13/15 pairs=2615 sameclass=0.6229 NMI=0.6753 ACC=0.6113
2026-08-17 00:05:08,744 - INFO - [pretrain r0 e8] L=-2.0645 MI=-2.5740 PW=0.5096 H(Y|X)=1.437 H(Y)=2.674 active=15/15 pairs=2615 sameclass=0.6249 NMI=0.6817 ACC=0.6481
2026-08-17 00:05:08,885 - INFO - [pretrain r0 e9] L=-2.2018 MI=-2.7505 PW=0.5487 H(Y|X)=1.241 H(Y)=2.661 active=15/15 pairs=2615 sameclass=0.6256 NMI=0.6932 ACC=0.6396
2026-08-17 00:05:09,030 - INFO - [pretrain r0 e10] L=-2.3655 MI=-2.8719 PW=0.5064 H(Y|X)=1.116 H(Y)=2.659 active=14/15 pairs=2615 sameclass=0.6153 NMI=0.7072 ACC=0.6618
2026-08-17 00:05:09,249 - INFO - [ILP] beta=1 [proven_optimal, 0.2s], 14 active clusters, 27/64 tags kept, 2.6 tags/cluster
2026-08-17 00:05:09,434 - INFO - [round r1 e1] L=-2.1749 MI=-2.7008 PW=0.5259 H(Y|X)=1.306 H(Y)=2.671 active=15/15 pairs=2615 sameclass=0.5736 NMI=0.6975 ACC=0.5903
2026-08-17 00:05:09,588 - INFO - [round r1 e2] L=-2.2752 MI=-2.7586 PW=0.4834 H(Y|X)=1.251 H(Y)=2.673 active=15/15 pairs=2615 sameclass=0.5537 NMI=0.6995 ACC=0.6300
2026-08-17 00:05:09,783 - INFO - [ILP] beta=1 [proven_optimal, 0.2s], 15 active clusters, 27/64 tags kept, 2.9 tags/cluster
2026-08-17 00:05:09,942 - INFO - [round r2 e1] L=-2.2787 MI=-2.7872 PW=0.5085 H(Y|X)=1.213 H(Y)=2.667 active=15/15 pairs=2615 sameclass=0.5549 NMI=0.6851 ACC=0.6358
2026-08-17 00:05:10,132 - INFO - [round r2 e2] L=-2.3715 MI=-2.8012 PW=0.4298 H(Y|X)=1.204 H(Y)=2.670 active=15/15 pairs=2615 sameclass=0.5553 NMI=0.6790 ACC=0.6047
2026-08-17 00:05:10,307 - INFO - [ILP] beta=1 [proven_optimal, 0.1s], 15 active clusters, 26/64 tags kept, 2.5 tags/cluster
2026-08-17 00:05:10,497 - INFO - [round r3 e1] L=-2.3561 MI=-2.8233 PW=0.4671 H(Y|X)=1.173 H(Y)=2.664 active=15/15 pairs=2615 sameclass=0.5591 NMI=0.6687 ACC=0.6213
2026-08-17 00:05:10,655 - INFO - [round r3 e2] L=-2.4384 MI=-2.8617 PW=0.4233 H(Y|X)=1.142 H(Y)=2.669 active=15/15 pairs=2615 sameclass=0.5663 NMI=0.6744 ACC=0.5951
2026-08-17 00:05:10,823 - INFO - [ILP] beta=1 [proven_optimal, 0.1s], 15 active clusters, 26/64 tags kept, 2.7 tags/cluster
2026-08-17 00:05:11,001 - INFO - [round r4 e1] L=-2.4950 MI=-2.9456 PW=0.4505 H(Y|X)=1.058 H(Y)=2.669 active=15/15 pairs=2615 sameclass=0.5648 NMI=0.6680 ACC=0.6404
2026-08-17 00:05:11,194 - INFO - [round r4 e2] L=-2.5233 MI=-2.9581 PW=0.4348 H(Y|X)=1.049 H(Y)=2.671 active=15/15 pairs=2615 sameclass=0.5686 NMI=0.6819 ACC=0.6184
2026-08-17 00:05:11,494 - INFO - [ILP] beta=1 [proven_optimal, 0.3s], 15 active clusters, 27/64 tags kept, 2.7 tags/cluster
2026-08-17 00:05:11,653 - INFO - [round r5 e1] L=-2.4902 MI=-2.9764 PW=0.4862 H(Y|X)=1.026 H(Y)=2.668 active=15/15 pairs=2615 sameclass=0.5618 NMI=0.6755 ACC=0.6547
2026-08-17 00:05:11,824 - INFO - [round r5 e2] L=-2.4874 MI=-2.9876 PW=0.5002 H(Y|X)=1.014 H(Y)=2.668 active=15/15 pairs=2615 sameclass=0.5361 NMI=0.6747 ACC=0.6888
2026-08-17 00:05:12,031 - INFO - [ILP] beta=1 [proven_optimal, 0.2s], 15 active clusters, 26/64 tags kept, 2.8 tags/cluster
2026-08-17 00:05:12,267 - INFO - [round r6 e1] L=-2.3599 MI=-2.9714 PW=0.6115 H(Y|X)=1.026 H(Y)=2.665 active=15/15 pairs=2615 sameclass=0.5641 NMI=0.6832 ACC=0.6570
2026-08-17 00:05:12,486 - INFO - [round r6 e2] L=-2.4354 MI=-2.9506 PW=0.5152 H(Y|X)=1.044 H(Y)=2.663 active=15/15 pairs=2615 sameclass=0.5468 NMI=0.6728 ACC=0.6485
2026-08-17 00:05:12,632 - INFO - [ILP] beta=1 [proven_optimal, 0.1s], 15 active clusters, 26/64 tags kept, 2.7 tags/cluster
2026-08-17 00:05:12,897 - INFO - [round r7 e1] L=-2.5875 MI=-3.0271 PW=0.4396 H(Y|X)=0.973 H(Y)=2.667 active=15/15 pairs=2615 sameclass=0.5679 NMI=0.6767 ACC=0.6691
2026-08-17 00:05:13,183 - INFO - [round r7 e2] L=-2.5898 MI=-3.0511 PW=0.4614 H(Y|X)=0.943 H(Y)=2.663 active=15/15 pairs=2615 sameclass=0.5663 NMI=0.6642 ACC=0.6119
2026-08-17 00:05:13,446 - INFO - [ILP] beta=1 [proven_optimal, 0.2s], 15 active clusters, 27/64 tags kept, 2.8 tags/cluster
2026-08-17 00:05:13,670 - INFO - [round r8 e1] L=-2.5793 MI=-3.0602 PW=0.4809 H(Y|X)=0.925 H(Y)=2.656 active=15/15 pairs=2615 sameclass=0.5881 NMI=0.6748 ACC=0.6346
2026-08-17 00:05:13,912 - INFO - [round r8 e2] L=-2.6960 MI=-3.0903 PW=0.3943 H(Y|X)=0.904 H(Y)=2.663 active=15/15 pairs=2615 sameclass=0.587 NMI=0.6691 ACC=0.6257
2026-08-17 00:05:14,228 - INFO - [ILP] beta=1 [proven_optimal, 0.3s], 15 active clusters, 27/64 tags kept, 2.8 tags/cluster
2026-08-17 00:05:14,454 - INFO - [round r9 e1] L=-2.5982 MI=-3.0906 PW=0.4924 H(Y|X)=0.903 H(Y)=2.662 active=15/15 pairs=2615 sameclass=0.569 NMI=0.6811 ACC=0.6367
2026-08-17 00:05:14,670 - INFO - [round r9 e2] L=-2.6441 MI=-3.1031 PW=0.4590 H(Y|X)=0.895 H(Y)=2.665 active=15/15 pairs=2615 sameclass=0.5392 NMI=0.6489 ACC=0.6138
2026-08-17 00:05:14,830 - INFO - [ILP] beta=1 [proven_optimal, 0.1s], 15 active clusters, 27/64 tags kept, 2.8 tags/cluster
2026-08-17 00:05:15,054 - INFO - [round r10 e1] L=-2.6048 MI=-3.0855 PW=0.4807 H(Y|X)=0.884 H(Y)=2.647 active=15/15 pairs=2615 sameclass=0.5679 NMI=0.6482 ACC=0.5666
2026-08-17 00:05:15,307 - INFO - [round r10 e2] L=-2.6870 MI=-3.1231 PW=0.4361 H(Y|X)=0.856 H(Y)=2.653 active=15/15 pairs=2615 sameclass=0.5663 NMI=0.6546 ACC=0.6350
2026-08-17 00:05:15,502 - INFO - [ILP] beta=1 [proven_optimal, 0.1s], 15 active clusters, 28/64 tags kept, 3.0 tags/cluster
2026-08-17 00:05:15,667 - INFO - [round r11 e1] L=-2.7337 MI=-3.1615 PW=0.4278 H(Y|X)=0.799 H(Y)=2.640 active=15/15 pairs=2615 sameclass=0.5885 NMI=0.6575 ACC=0.6363
2026-08-17 00:05:15,837 - INFO - [round r11 e2] L=-2.7509 MI=-3.1523 PW=0.4014 H(Y|X)=0.813 H(Y)=2.643 active=15/15 pairs=2615 sameclass=0.5828 NMI=0.6683 ACC=0.6427
2026-08-17 00:05:16,080 - INFO - [ILP] beta=1 [proven_optimal, 0.2s], 15 active clusters, 26/64 tags kept, 3.0 tags/cluster
2026-08-17 00:05:16,289 - INFO - [round r12 e1] L=-2.7381 MI=-3.1858 PW=0.4478 H(Y|X)=0.774 H(Y)=2.640 active=15/15 pairs=2615 sameclass=0.5663 NMI=0.6609 ACC=0.6229
2026-08-17 00:05:16,475 - INFO - [round r12 e2] L=-2.7742 MI=-3.1542 PW=0.3800 H(Y|X)=0.807 H(Y)=2.641 active=15/15 pairs=2615 sameclass=0.5663 NMI=0.6561 ACC=0.6315
2026-08-17 00:05:16,660 - INFO - [ILP] beta=1 [proven_optimal, 0.1s], 15 active clusters, 27/64 tags kept, 2.7 tags/cluster
2026-08-17 00:05:16,901 - INFO - [round r13 e1] L=-2.7805 MI=-3.1770 PW=0.3965 H(Y|X)=0.772 H(Y)=2.633 active=15/15 pairs=2615 sameclass=0.5717 NMI=0.6505 ACC=0.6215
2026-08-17 00:05:17,129 - INFO - [round r13 e2] L=-2.8323 MI=-3.2189 PW=0.3867 H(Y|X)=0.726 H(Y)=2.630 active=15/15 pairs=2615 sameclass=0.574 NMI=0.6521 ACC=0.5997
2026-08-17 00:05:17,513 - INFO - [ILP] beta=1 [proven_optimal, 0.3s], 15 active clusters, 26/64 tags kept, 2.9 tags/cluster
2026-08-17 00:05:17,719 - INFO - [round r14 e1] L=-2.7318 MI=-3.1817 PW=0.4500 H(Y|X)=0.777 H(Y)=2.639 active=15/15 pairs=2615 sameclass=0.5598 NMI=0.6580 ACC=0.5982
2026-08-17 00:05:17,930 - INFO - [round r14 e2] L=-2.7889 MI=-3.1980 PW=0.4091 H(Y|X)=0.762 H(Y)=2.640 active=15/15 pairs=2615 sameclass=0.5488 NMI=0.6447 ACC=0.6094
2026-08-17 00:05:18,148 - INFO - [ILP] beta=1 [proven_optimal, 0.2s], 15 active clusters, 26/64 tags kept, 2.8 tags/cluster
2026-08-17 00:05:18,399 - INFO - [round r15 e1] L=-2.8439 MI=-3.2255 PW=0.3817 H(Y|X)=0.732 H(Y)=2.638 active=15/15 pairs=2615 sameclass=0.5778 NMI=0.6647 ACC=0.6406
2026-08-17 00:05:18,698 - INFO - [round r15 e2] L=-2.7917 MI=-3.1960 PW=0.4042 H(Y|X)=0.766 H(Y)=2.642 active=15/15 pairs=2615 sameclass=0.5813 NMI=0.6682 ACC=0.6402
2026-08-17 00:05:19,231 - INFO - [ILP] beta=1 [proven_optimal, 0.5s], 15 active clusters, 25/64 tags kept, 2.9 tags/cluster
2026-08-17 00:05:19,433 - INFO - [round r16 e1] L=-2.8359 MI=-3.2121 PW=0.3762 H(Y|X)=0.737 H(Y)=2.633 active=15/15 pairs=2615 sameclass=0.5706 NMI=0.6596 ACC=0.5870
2026-08-17 00:05:19,584 - INFO - [round r16 e2] L=-2.8649 MI=-3.2255 PW=0.3606 H(Y|X)=0.718 H(Y)=2.629 active=15/15 pairs=2615 sameclass=0.5904 NMI=0.6571 ACC=0.6198
2026-08-17 00:05:19,868 - INFO - [ILP] beta=1 [proven_optimal, 0.2s], 15 active clusters, 25/64 tags kept, 2.9 tags/cluster
2026-08-17 00:05:20,042 - INFO - [round r17 e1] L=-2.8183 MI=-3.2129 PW=0.3947 H(Y|X)=0.724 H(Y)=2.625 active=15/15 pairs=2615 sameclass=0.5518 NMI=0.6518 ACC=0.6213
2026-08-17 00:05:20,196 - INFO - [round r17 e2] L=-2.8087 MI=-3.2154 PW=0.4067 H(Y|X)=0.727 H(Y)=2.628 active=15/15 pairs=2615 sameclass=0.5671 NMI=0.6628 ACC=0.6113
2026-08-17 00:05:20,589 - INFO - [ILP] beta=1 [proven_optimal, 0.4s], 15 active clusters, 25/64 tags kept, 2.9 tags/cluster
2026-08-17 00:05:20,796 - INFO - [round r18 e1] L=-2.8142 MI=-3.2058 PW=0.3916 H(Y|X)=0.721 H(Y)=2.618 active=15/15 pairs=2615 sameclass=0.5816 NMI=0.6457 ACC=0.5966
2026-08-17 00:05:20,972 - INFO - [round r18 e2] L=-2.8438 MI=-3.2126 PW=0.3688 H(Y|X)=0.711 H(Y)=2.616 active=15/15 pairs=2615 sameclass=0.5755 NMI=0.6642 ACC=0.6283
2026-08-17 00:05:21,117 - INFO - [ILP] beta=1 [proven_optimal, 0.1s], 15 active clusters, 25/64 tags kept, 2.9 tags/cluster
2026-08-17 00:05:21,258 - INFO - [round r19 e1] L=-2.8136 MI=-3.2281 PW=0.4145 H(Y|X)=0.701 H(Y)=2.620 active=15/15 pairs=2615 sameclass=0.5549 NMI=0.6584 ACC=0.6036
2026-08-17 00:05:21,415 - INFO - [round r19 e2] L=-2.8805 MI=-3.2369 PW=0.3564 H(Y|X)=0.670 H(Y)=2.604 active=15/15 pairs=2615 sameclass=0.5442 NMI=0.6478 ACC=0.6124
2026-08-17 00:05:21,950 - INFO - [ILP] beta=1 [proven_optimal, 0.5s], 15 active clusters, 26/64 tags kept, 2.9 tags/cluster
2026-08-17 00:05:22,181 - INFO - [round r20 e1] L=-2.8671 MI=-3.2368 PW=0.3697 H(Y|X)=0.683 H(Y)=2.613 active=15/15 pairs=2615 sameclass=0.5514 NMI=0.6505 ACC=0.5970
2026-08-17 00:05:22,416 - INFO - [round r20 e2] L=-2.8804 MI=-3.2551 PW=0.3747 H(Y|X)=0.639 H(Y)=2.596 active=15/15 pairs=2615 sameclass=0.5698 NMI=0.6515 ACC=0.5907
2026-08-17 00:05:23,214 - INFO - Artefacts written to results_v2/ddc_phase1/apy/apy15_mu15_a1_ilp_s46/
2026-08-17 00:05:23,214 - INFO - === RESULT ===
2026-08-17 00:05:23,214 - INFO - final  NMI=0.6515 ACC=0.5907 ARI=0.4909 active=15/15
2026-08-17 00:05:23,214 - INFO - best   NMI=0.6995 at step 252 (round round 1)
2026-08-17 00:05:23,215 - INFO - TC=0.3844 ITF=2.1696 (nats)
2026-08-17 01:14:27,426 - INFO - GPU: NVIDIA GeForce RTX 4090
2026-08-17 01:14:27,445 - INFO - Predicate matrix: 32 classes × 64 attributes
2026-08-17 01:14:27,448 - INFO - Class filter: 15 classes, 6487 instances retained
2026-08-17 01:14:27,457 - INFO - Train split: 5189 samples, 15 classes, 64 attributes
2026-08-17 01:14:27,676 - INFO - Loaded cached features (5189, 2048) from cache/resnet101_apy_15_full.npz
2026-08-17 01:14:27,867 - INFO - Per-instance binary tags (5189, 64) from data/aPY-data/aPY/per-instance-attributes.tsv (density=0.0869, 1703 distinct rows)
2026-08-17 01:14:27,906 - INFO - Annotation r=0.5 (instance-level): 2615/5189 annotated, 2574 mean-imputed
2026-08-17 01:14:27,906 - INFO - === DDC rebuild | apy | N=5189 | K=15 | M=64 | preproc=none | r=0.5 ===
2026-08-17 01:14:30,740 - INFO - Pre-training 10 epochs (g = identity, Algorithm 1 lines 1-2)
2026-08-17 01:14:32,232 - INFO - [pretrain r0 e1] L=-1.3534 MI=-1.3537 PW=0.0003 H(Y|X)=2.707 H(Y)=2.707 active=15/15 pairs=2615 sameclass=0.6122 NMI=0.3225 ACC=0.3453
2026-08-17 01:14:32,375 - INFO - [pretrain r0 e2] L=-1.3541 MI=-1.3543 PW=0.0002 H(Y|X)=2.708 H(Y)=2.708 active=14/15 pairs=2615 sameclass=0.6325 NMI=0.4823 ACC=0.4706
2026-08-17 01:14:32,518 - INFO - [pretrain r0 e3] L=-1.3834 MI=-1.5359 PW=0.1525 H(Y|X)=2.513 H(Y)=2.700 active=8/15 pairs=2615 sameclass=0.6176 NMI=0.3867 ACC=0.3037
2026-08-17 01:14:32,668 - INFO - [pretrain r0 e4] L=-1.4669 MI=-1.7495 PW=0.2827 H(Y|X)=2.277 H(Y)=2.684 active=13/15 pairs=2615 sameclass=0.626 NMI=0.5651 ACC=0.5034
2026-08-17 01:14:32,819 - INFO - [pretrain r0 e5] L=-1.6562 MI=-2.0150 PW=0.3588 H(Y|X)=2.001 H(Y)=2.677 active=15/15 pairs=2615 sameclass=0.6107 NMI=0.5721 ACC=0.5406
2026-08-17 01:14:32,965 - INFO - [pretrain r0 e6] L=-1.7802 MI=-2.1339 PW=0.3537 H(Y|X)=1.889 H(Y)=2.682 active=15/15 pairs=2615 sameclass=0.6272 NMI=0.6479 ACC=0.6153
2026-08-17 01:14:33,119 - INFO - [pretrain r0 e7] L=-1.8704 MI=-2.1716 PW=0.3012 H(Y|X)=1.811 H(Y)=2.655 active=13/15 pairs=2615 sameclass=0.6229 NMI=0.6753 ACC=0.6113
2026-08-17 01:14:33,267 - INFO - [pretrain r0 e8] L=-2.0645 MI=-2.5740 PW=0.5096 H(Y|X)=1.437 H(Y)=2.674 active=15/15 pairs=2615 sameclass=0.6249 NMI=0.6817 ACC=0.6481
2026-08-17 01:14:33,415 - INFO - [pretrain r0 e9] L=-2.2018 MI=-2.7505 PW=0.5487 H(Y|X)=1.241 H(Y)=2.661 active=15/15 pairs=2615 sameclass=0.6256 NMI=0.6932 ACC=0.6396
2026-08-17 01:14:33,562 - INFO - [pretrain r0 e10] L=-2.3655 MI=-2.8719 PW=0.5064 H(Y|X)=1.116 H(Y)=2.659 active=14/15 pairs=2615 sameclass=0.6153 NMI=0.7072 ACC=0.6618
2026-08-17 01:14:33,789 - INFO - [ILP] beta=1 [proven_optimal, 0.2s], 14 active clusters, 27/64 tags kept, 2.6 tags/cluster
2026-08-17 01:14:33,937 - INFO - [round r1 e1] L=-2.1749 MI=-2.7008 PW=0.5259 H(Y|X)=1.306 H(Y)=2.671 active=15/15 pairs=2615 sameclass=0.5736 NMI=0.6975 ACC=0.5903
2026-08-17 01:14:34,097 - INFO - [round r1 e2] L=-2.2752 MI=-2.7586 PW=0.4834 H(Y|X)=1.251 H(Y)=2.673 active=15/15 pairs=2615 sameclass=0.5537 NMI=0.6995 ACC=0.6300
2026-08-17 01:14:34,298 - INFO - [ILP] beta=1 [proven_optimal, 0.2s], 15 active clusters, 27/64 tags kept, 2.9 tags/cluster
2026-08-17 01:14:34,423 - INFO - [round r2 e1] L=-2.2787 MI=-2.7872 PW=0.5085 H(Y|X)=1.213 H(Y)=2.667 active=15/15 pairs=2615 sameclass=0.5549 NMI=0.6851 ACC=0.6358
2026-08-17 01:14:34,550 - INFO - [round r2 e2] L=-2.3715 MI=-2.8012 PW=0.4298 H(Y|X)=1.204 H(Y)=2.670 active=15/15 pairs=2615 sameclass=0.5553 NMI=0.6790 ACC=0.6047
2026-08-17 01:14:34,737 - INFO - [ILP] beta=1 [proven_optimal, 0.1s], 15 active clusters, 26/64 tags kept, 2.5 tags/cluster
2026-08-17 01:14:34,904 - INFO - [round r3 e1] L=-2.3561 MI=-2.8233 PW=0.4671 H(Y|X)=1.173 H(Y)=2.664 active=15/15 pairs=2615 sameclass=0.5591 NMI=0.6687 ACC=0.6213
2026-08-17 01:14:35,076 - INFO - [round r3 e2] L=-2.4384 MI=-2.8617 PW=0.4233 H(Y|X)=1.142 H(Y)=2.669 active=15/15 pairs=2615 sameclass=0.5663 NMI=0.6744 ACC=0.5951
2026-08-17 01:14:35,210 - INFO - [ILP] beta=1 [proven_optimal, 0.1s], 15 active clusters, 26/64 tags kept, 2.7 tags/cluster
2026-08-17 01:14:35,394 - INFO - [round r4 e1] L=-2.4950 MI=-2.9456 PW=0.4505 H(Y|X)=1.058 H(Y)=2.669 active=15/15 pairs=2615 sameclass=0.5648 NMI=0.6680 ACC=0.6404
2026-08-17 01:14:35,561 - INFO - [round r4 e2] L=-2.5233 MI=-2.9581 PW=0.4348 H(Y|X)=1.049 H(Y)=2.671 active=15/15 pairs=2615 sameclass=0.5686 NMI=0.6819 ACC=0.6184
2026-08-17 01:14:35,844 - INFO - [ILP] beta=1 [proven_optimal, 0.3s], 15 active clusters, 27/64 tags kept, 2.7 tags/cluster
2026-08-17 01:14:36,018 - INFO - [round r5 e1] L=-2.4902 MI=-2.9764 PW=0.4862 H(Y|X)=1.026 H(Y)=2.668 active=15/15 pairs=2615 sameclass=0.5618 NMI=0.6755 ACC=0.6547
2026-08-17 01:14:36,169 - INFO - [round r5 e2] L=-2.4874 MI=-2.9876 PW=0.5002 H(Y|X)=1.014 H(Y)=2.668 active=15/15 pairs=2615 sameclass=0.5361 NMI=0.6747 ACC=0.6888
2026-08-17 01:14:36,391 - INFO - [ILP] beta=1 [proven_optimal, 0.2s], 15 active clusters, 26/64 tags kept, 2.8 tags/cluster
2026-08-17 01:14:36,543 - INFO - [round r6 e1] L=-2.3599 MI=-2.9714 PW=0.6115 H(Y|X)=1.026 H(Y)=2.665 active=15/15 pairs=2615 sameclass=0.5641 NMI=0.6832 ACC=0.6570
2026-08-17 01:14:36,706 - INFO - [round r6 e2] L=-2.4354 MI=-2.9506 PW=0.5152 H(Y|X)=1.044 H(Y)=2.663 active=15/15 pairs=2615 sameclass=0.5468 NMI=0.6728 ACC=0.6485
2026-08-17 01:14:36,848 - INFO - [ILP] beta=1 [proven_optimal, 0.1s], 15 active clusters, 26/64 tags kept, 2.7 tags/cluster
2026-08-17 01:14:36,983 - INFO - [round r7 e1] L=-2.5875 MI=-3.0271 PW=0.4396 H(Y|X)=0.973 H(Y)=2.667 active=15/15 pairs=2615 sameclass=0.5679 NMI=0.6767 ACC=0.6691
2026-08-17 01:14:37,152 - INFO - [round r7 e2] L=-2.5898 MI=-3.0511 PW=0.4614 H(Y|X)=0.943 H(Y)=2.663 active=15/15 pairs=2615 sameclass=0.5663 NMI=0.6642 ACC=0.6119
2026-08-17 01:14:37,372 - INFO - [ILP] beta=1 [proven_optimal, 0.2s], 15 active clusters, 27/64 tags kept, 2.8 tags/cluster
2026-08-17 01:14:37,522 - INFO - [round r8 e1] L=-2.5793 MI=-3.0602 PW=0.4809 H(Y|X)=0.925 H(Y)=2.656 active=15/15 pairs=2615 sameclass=0.5881 NMI=0.6748 ACC=0.6346
2026-08-17 01:14:37,667 - INFO - [round r8 e2] L=-2.6960 MI=-3.0903 PW=0.3943 H(Y|X)=0.904 H(Y)=2.663 active=15/15 pairs=2615 sameclass=0.587 NMI=0.6691 ACC=0.6257
2026-08-17 01:14:38,070 - INFO - [ILP] beta=1 [proven_optimal, 0.4s], 15 active clusters, 27/64 tags kept, 2.8 tags/cluster
2026-08-17 01:14:38,240 - INFO - [round r9 e1] L=-2.5982 MI=-3.0906 PW=0.4924 H(Y|X)=0.903 H(Y)=2.662 active=15/15 pairs=2615 sameclass=0.569 NMI=0.6811 ACC=0.6367
2026-08-17 01:14:38,421 - INFO - [round r9 e2] L=-2.6441 MI=-3.1031 PW=0.4590 H(Y|X)=0.895 H(Y)=2.665 active=15/15 pairs=2615 sameclass=0.5392 NMI=0.6489 ACC=0.6138
2026-08-17 01:14:38,552 - INFO - [ILP] beta=1 [proven_optimal, 0.1s], 15 active clusters, 27/64 tags kept, 2.8 tags/cluster
2026-08-17 01:14:38,755 - INFO - [round r10 e1] L=-2.6048 MI=-3.0855 PW=0.4807 H(Y|X)=0.884 H(Y)=2.647 active=15/15 pairs=2615 sameclass=0.5679 NMI=0.6482 ACC=0.5666
2026-08-17 01:14:38,949 - INFO - [round r10 e2] L=-2.6870 MI=-3.1231 PW=0.4361 H(Y|X)=0.856 H(Y)=2.653 active=15/15 pairs=2615 sameclass=0.5663 NMI=0.6546 ACC=0.6350
2026-08-17 01:14:39,125 - INFO - [ILP] beta=1 [proven_optimal, 0.1s], 15 active clusters, 28/64 tags kept, 3.0 tags/cluster
2026-08-17 01:14:39,266 - INFO - [round r11 e1] L=-2.7337 MI=-3.1615 PW=0.4278 H(Y|X)=0.799 H(Y)=2.640 active=15/15 pairs=2615 sameclass=0.5885 NMI=0.6575 ACC=0.6363
2026-08-17 01:14:39,449 - INFO - [round r11 e2] L=-2.7509 MI=-3.1523 PW=0.4014 H(Y|X)=0.813 H(Y)=2.643 active=15/15 pairs=2615 sameclass=0.5828 NMI=0.6683 ACC=0.6427
2026-08-17 01:14:39,677 - INFO - [ILP] beta=1 [proven_optimal, 0.2s], 15 active clusters, 26/64 tags kept, 3.0 tags/cluster
2026-08-17 01:14:39,846 - INFO - [round r12 e1] L=-2.7381 MI=-3.1858 PW=0.4478 H(Y|X)=0.774 H(Y)=2.640 active=15/15 pairs=2615 sameclass=0.5663 NMI=0.6609 ACC=0.6229
2026-08-17 01:14:40,021 - INFO - [round r12 e2] L=-2.7742 MI=-3.1542 PW=0.3800 H(Y|X)=0.807 H(Y)=2.641 active=15/15 pairs=2615 sameclass=0.5663 NMI=0.6561 ACC=0.6315
2026-08-17 01:14:40,205 - INFO - [ILP] beta=1 [proven_optimal, 0.2s], 15 active clusters, 27/64 tags kept, 2.7 tags/cluster
2026-08-17 01:14:40,421 - INFO - [round r13 e1] L=-2.7805 MI=-3.1770 PW=0.3965 H(Y|X)=0.772 H(Y)=2.633 active=15/15 pairs=2615 sameclass=0.5717 NMI=0.6505 ACC=0.6215
2026-08-17 01:14:40,606 - INFO - [round r13 e2] L=-2.8323 MI=-3.2189 PW=0.3867 H(Y|X)=0.726 H(Y)=2.630 active=15/15 pairs=2615 sameclass=0.574 NMI=0.6521 ACC=0.5997
2026-08-17 01:14:40,889 - INFO - [ILP] beta=1 [proven_optimal, 0.3s], 15 active clusters, 26/64 tags kept, 2.9 tags/cluster
2026-08-17 01:14:41,094 - INFO - [round r14 e1] L=-2.7318 MI=-3.1817 PW=0.4500 H(Y|X)=0.777 H(Y)=2.639 active=15/15 pairs=2615 sameclass=0.5598 NMI=0.6580 ACC=0.5982
2026-08-17 01:14:41,324 - INFO - [round r14 e2] L=-2.7889 MI=-3.1980 PW=0.4091 H(Y|X)=0.762 H(Y)=2.640 active=15/15 pairs=2615 sameclass=0.5488 NMI=0.6447 ACC=0.6094
2026-08-17 01:14:41,553 - INFO - [ILP] beta=1 [proven_optimal, 0.2s], 15 active clusters, 26/64 tags kept, 2.8 tags/cluster
2026-08-17 01:14:41,765 - INFO - [round r15 e1] L=-2.8439 MI=-3.2255 PW=0.3817 H(Y|X)=0.732 H(Y)=2.638 active=15/15 pairs=2615 sameclass=0.5778 NMI=0.6647 ACC=0.6406
2026-08-17 01:14:41,957 - INFO - [round r15 e2] L=-2.7917 MI=-3.1960 PW=0.4042 H(Y|X)=0.766 H(Y)=2.642 active=15/15 pairs=2615 sameclass=0.5813 NMI=0.6682 ACC=0.6402
2026-08-17 01:14:42,508 - INFO - [ILP] beta=1 [proven_optimal, 0.5s], 15 active clusters, 25/64 tags kept, 2.9 tags/cluster
2026-08-17 01:14:42,686 - INFO - [round r16 e1] L=-2.8359 MI=-3.2121 PW=0.3762 H(Y|X)=0.737 H(Y)=2.633 active=15/15 pairs=2615 sameclass=0.5706 NMI=0.6596 ACC=0.5870
2026-08-17 01:14:42,880 - INFO - [round r16 e2] L=-2.8649 MI=-3.2255 PW=0.3606 H(Y|X)=0.718 H(Y)=2.629 active=15/15 pairs=2615 sameclass=0.5904 NMI=0.6571 ACC=0.6198
2026-08-17 01:14:43,130 - INFO - [ILP] beta=1 [proven_optimal, 0.2s], 15 active clusters, 25/64 tags kept, 2.9 tags/cluster
2026-08-17 01:14:43,303 - INFO - [round r17 e1] L=-2.8183 MI=-3.2129 PW=0.3947 H(Y|X)=0.724 H(Y)=2.625 active=15/15 pairs=2615 sameclass=0.5518 NMI=0.6518 ACC=0.6213
2026-08-17 01:14:43,463 - INFO - [round r17 e2] L=-2.8087 MI=-3.2154 PW=0.4067 H(Y|X)=0.727 H(Y)=2.628 active=15/15 pairs=2615 sameclass=0.5671 NMI=0.6628 ACC=0.6113
2026-08-17 01:14:43,843 - INFO - [ILP] beta=1 [proven_optimal, 0.3s], 15 active clusters, 25/64 tags kept, 2.9 tags/cluster
2026-08-17 01:14:44,048 - INFO - [round r18 e1] L=-2.8142 MI=-3.2058 PW=0.3916 H(Y|X)=0.721 H(Y)=2.618 active=15/15 pairs=2615 sameclass=0.5816 NMI=0.6457 ACC=0.5966
2026-08-17 01:14:44,242 - INFO - [round r18 e2] L=-2.8438 MI=-3.2126 PW=0.3688 H(Y|X)=0.711 H(Y)=2.616 active=15/15 pairs=2615 sameclass=0.5755 NMI=0.6642 ACC=0.6283
2026-08-17 01:14:44,388 - INFO - [ILP] beta=1 [proven_optimal, 0.1s], 15 active clusters, 25/64 tags kept, 2.9 tags/cluster
2026-08-17 01:14:44,567 - INFO - [round r19 e1] L=-2.8136 MI=-3.2281 PW=0.4145 H(Y|X)=0.701 H(Y)=2.620 active=15/15 pairs=2615 sameclass=0.5549 NMI=0.6584 ACC=0.6036
2026-08-17 01:14:44,752 - INFO - [round r19 e2] L=-2.8805 MI=-3.2369 PW=0.3564 H(Y|X)=0.670 H(Y)=2.604 active=15/15 pairs=2615 sameclass=0.5442 NMI=0.6478 ACC=0.6124
2026-08-17 01:14:45,267 - INFO - [ILP] beta=1 [proven_optimal, 0.5s], 15 active clusters, 26/64 tags kept, 2.9 tags/cluster
2026-08-17 01:14:45,488 - INFO - [round r20 e1] L=-2.8671 MI=-3.2368 PW=0.3697 H(Y|X)=0.683 H(Y)=2.613 active=15/15 pairs=2615 sameclass=0.5514 NMI=0.6505 ACC=0.5970
2026-08-17 01:14:45,685 - INFO - [round r20 e2] L=-2.8804 MI=-3.2551 PW=0.3747 H(Y|X)=0.639 H(Y)=2.596 active=15/15 pairs=2615 sameclass=0.5698 NMI=0.6515 ACC=0.5907
2026-08-17 01:14:46,195 - INFO - [ILP] beta=1 [proven_optimal, 0.5s], 15 active clusters, 25/64 tags kept, 2.9 tags/cluster
2026-08-17 01:14:46,988 - INFO - Artefacts written to results_v2/ddc_phase1/apy/apy15_mu15_a1_ilp_s46/
2026-08-17 01:14:46,988 - INFO - === RESULT ===
2026-08-17 01:14:46,988 - INFO - final  NMI=0.6515 ACC=0.5907 ARI=0.4909 active=15/15
2026-08-17 01:14:46,988 - INFO - best   NMI=0.6995 at step 252 (round round 1)
2026-08-17 01:14:46,988 - INFO - TC=0.393 ITF=2.0876 (nats)
