2026-08-17 00:05:32,050 - INFO - GPU: NVIDIA GeForce RTX 4090
2026-08-17 00:05:32,069 - INFO - Predicate matrix: 32 classes × 64 attributes
2026-08-17 00:05:32,071 - INFO - Class filter: 15 classes, 6487 instances retained
2026-08-17 00:05:32,080 - INFO - Train split: 5189 samples, 15 classes, 64 attributes
2026-08-17 00:05:32,295 - INFO - Loaded cached features (5189, 2048) from cache/resnet101_apy_15_full.npz
2026-08-17 00:05:32,477 - INFO - Per-instance binary tags (5189, 64) from data/aPY-data/aPY/per-instance-attributes.tsv (density=0.0869, 1703 distinct rows)
2026-08-17 00:05:32,518 - INFO - Annotation r=0.5 (instance-level): 2561/5189 annotated, 2628 mean-imputed
2026-08-17 00:05:32,518 - INFO - === DDC rebuild | apy | N=5189 | K=15 | M=64 | preproc=none | r=0.5 ===
2026-08-17 00:05:35,365 - INFO - Pre-training 10 epochs (g = identity, Algorithm 1 lines 1-2)
2026-08-17 00:05:36,807 - INFO - [pretrain r0 e1] L=-1.7115 MI=-1.7115 PW=2.3582 H(Y|X)=2.217 H(Y)=2.619 active=12/15 pairs=2561 sameclass=0.6103 NMI=0.2475 ACC=0.2511
2026-08-17 00:05:36,943 - INFO - [pretrain r0 e2] L=-3.1030 MI=-3.1030 PW=10.0280 H(Y|X)=0.788 H(Y)=2.594 active=15/15 pairs=2561 sameclass=0.6146 NMI=0.3999 ACC=0.3374
2026-08-17 00:05:37,088 - INFO - [pretrain r0 e3] L=-3.7693 MI=-3.7693 PW=13.0278 H(Y|X)=0.183 H(Y)=2.635 active=15/15 pairs=2561 sameclass=0.6185 NMI=0.4439 ACC=0.3442
2026-08-17 00:05:37,238 - INFO - [pretrain r0 e4] L=-3.8518 MI=-3.8518 PW=13.9581 H(Y|X)=0.088 H(Y)=2.626 active=15/15 pairs=2561 sameclass=0.6064 NMI=0.4587 ACC=0.3646
2026-08-17 00:05:37,394 - INFO - [pretrain r0 e5] L=-3.8931 MI=-3.8931 PW=14.2661 H(Y|X)=0.067 H(Y)=2.640 active=15/15 pairs=2561 sameclass=0.6072 NMI=0.4528 ACC=0.3746
2026-08-17 00:05:37,551 - INFO - [pretrain r0 e6] L=-3.9178 MI=-3.9178 PW=14.2388 H(Y|X)=0.058 H(Y)=2.651 active=15/15 pairs=2561 sameclass=0.6224 NMI=0.4630 ACC=0.3804
2026-08-17 00:05:37,714 - INFO - [pretrain r0 e7] L=-3.8914 MI=-3.8914 PW=14.4141 H(Y|X)=0.046 H(Y)=2.625 active=15/15 pairs=2561 sameclass=0.6041 NMI=0.4662 ACC=0.3791
2026-08-17 00:05:37,900 - INFO - [pretrain r0 e8] L=-3.9451 MI=-3.9451 PW=14.8864 H(Y|X)=0.043 H(Y)=2.659 active=15/15 pairs=2561 sameclass=0.6111 NMI=0.4629 ACC=0.3704
2026-08-17 00:05:38,126 - INFO - [pretrain r0 e9] L=-3.9396 MI=-3.9396 PW=14.6819 H(Y|X)=0.039 H(Y)=2.652 active=15/15 pairs=2561 sameclass=0.6185 NMI=0.4440 ACC=0.3827
2026-08-17 00:05:38,352 - INFO - [pretrain r0 e10] L=-3.8982 MI=-3.8982 PW=14.9578 H(Y|X)=0.048 H(Y)=2.631 active=15/15 pairs=2561 sameclass=0.6158 NMI=0.4478 ACC=0.3877
2026-08-17 00:05:38,877 - INFO - [ILP] beta=1 [proven_optimal, 0.5s], 15 active clusters, 24/64 tags kept, 3.5 tags/cluster
2026-08-17 00:05:39,077 - INFO - [round r1 e1] L=-3.9033 MI=-3.9033 PW=16.0029 H(Y|X)=0.041 H(Y)=2.629 active=15/15 pairs=2561 sameclass=0.5111 NMI=0.4355 ACC=0.3733
2026-08-17 00:05:39,281 - INFO - [round r1 e2] L=-3.9246 MI=-3.9246 PW=15.7949 H(Y|X)=0.034 H(Y)=2.639 active=15/15 pairs=2561 sameclass=0.5353 NMI=0.4532 ACC=0.3739
2026-08-17 00:05:41,510 - INFO - [ILP] beta=1 [proven_optimal, 2.2s], 15 active clusters, 24/64 tags kept, 3.6 tags/cluster
2026-08-17 00:05:41,701 - INFO - [round r2 e1] L=-3.9403 MI=-3.9403 PW=16.0753 H(Y|X)=0.034 H(Y)=2.650 active=15/15 pairs=2561 sameclass=0.5412 NMI=0.4351 ACC=0.3727
2026-08-17 00:05:41,888 - INFO - [round r2 e2] L=-3.9394 MI=-3.9394 PW=16.1568 H(Y|X)=0.030 H(Y)=2.646 active=15/15 pairs=2561 sameclass=0.5365 NMI=0.4427 ACC=0.3731
2026-08-17 00:05:42,233 - INFO - [ILP] beta=1 [proven_optimal, 0.3s], 15 active clusters, 24/64 tags kept, 3.7 tags/cluster
2026-08-17 00:05:42,444 - INFO - [round r3 e1] L=-3.9462 MI=-3.9462 PW=15.9924 H(Y|X)=0.030 H(Y)=2.651 active=15/15 pairs=2561 sameclass=0.5381 NMI=0.4394 ACC=0.3798
2026-08-17 00:05:42,628 - INFO - [round r3 e2] L=-3.9658 MI=-3.9658 PW=16.0007 H(Y|X)=0.029 H(Y)=2.663 active=15/15 pairs=2561 sameclass=0.5498 NMI=0.4479 ACC=0.3681
2026-08-17 00:05:42,868 - INFO - [ILP] beta=1 [proven_optimal, 0.2s], 15 active clusters, 26/64 tags kept, 3.7 tags/cluster
2026-08-17 00:05:43,061 - INFO - [round r4 e1] L=-3.9368 MI=-3.9368 PW=15.7784 H(Y|X)=0.027 H(Y)=2.642 active=15/15 pairs=2561 sameclass=0.5545 NMI=0.4641 ACC=0.4093
2026-08-17 00:05:43,258 - INFO - [round r4 e2] L=-3.9639 MI=-3.9639 PW=15.7912 H(Y|X)=0.025 H(Y)=2.660 active=15/15 pairs=2561 sameclass=0.5513 NMI=0.4640 ACC=0.4003
2026-08-17 00:05:44,827 - INFO - [ILP] beta=1 [proven_optimal, 1.5s], 15 active clusters, 22/64 tags kept, 3.5 tags/cluster
2026-08-17 00:05:45,048 - INFO - [round r5 e1] L=-3.9600 MI=-3.9600 PW=16.1120 H(Y|X)=0.024 H(Y)=2.656 active=15/15 pairs=2561 sameclass=0.5205 NMI=0.4625 ACC=0.3877
2026-08-17 00:05:45,233 - INFO - [round r5 e2] L=-3.9593 MI=-3.9593 PW=16.1231 H(Y|X)=0.021 H(Y)=2.653 active=15/15 pairs=2561 sameclass=0.5205 NMI=0.4660 ACC=0.3935
2026-08-17 00:05:45,826 - INFO - [ILP] beta=1 [proven_optimal, 0.6s], 15 active clusters, 25/64 tags kept, 3.6 tags/cluster
2026-08-17 00:05:46,016 - INFO - [round r6 e1] L=-3.9581 MI=-3.9581 PW=15.7857 H(Y|X)=0.021 H(Y)=2.653 active=15/15 pairs=2561 sameclass=0.5674 NMI=0.4603 ACC=0.3831
2026-08-17 00:05:46,220 - INFO - [round r6 e2] L=-3.9826 MI=-3.9826 PW=15.8935 H(Y|X)=0.019 H(Y)=2.668 active=15/15 pairs=2561 sameclass=0.5435 NMI=0.4649 ACC=0.3812
2026-08-17 00:05:48,012 - INFO - [ILP] beta=1 [proven_optimal, 1.8s], 15 active clusters, 24/64 tags kept, 3.6 tags/cluster
2026-08-17 00:05:48,214 - INFO - [round r7 e1] L=-3.9494 MI=-3.9494 PW=15.9597 H(Y|X)=0.020 H(Y)=2.646 active=15/15 pairs=2561 sameclass=0.5463 NMI=0.4683 ACC=0.3904
2026-08-17 00:05:48,417 - INFO - [round r7 e2] L=-3.9529 MI=-3.9529 PW=16.0783 H(Y|X)=0.018 H(Y)=2.647 active=15/15 pairs=2561 sameclass=0.5443 NMI=0.4728 ACC=0.3976
2026-08-17 00:05:48,681 - INFO - [ILP] beta=1 [proven_optimal, 0.2s], 15 active clusters, 26/64 tags kept, 3.5 tags/cluster
2026-08-17 00:05:48,891 - INFO - [round r8 e1] L=-3.9508 MI=-3.9508 PW=16.0567 H(Y|X)=0.019 H(Y)=2.646 active=15/15 pairs=2561 sameclass=0.5482 NMI=0.4723 ACC=0.4003
2026-08-17 00:05:49,118 - INFO - [round r8 e2] L=-3.9540 MI=-3.9540 PW=15.9334 H(Y|X)=0.018 H(Y)=2.648 active=15/15 pairs=2561 sameclass=0.5439 NMI=0.4632 ACC=0.3908
2026-08-17 00:05:50,462 - INFO - [ILP] beta=1 [proven_optimal, 1.3s], 15 active clusters, 24/64 tags kept, 3.6 tags/cluster
2026-08-17 00:05:50,656 - INFO - [round r9 e1] L=-3.9808 MI=-3.9808 PW=16.2351 H(Y|X)=0.018 H(Y)=2.666 active=15/15 pairs=2561 sameclass=0.5369 NMI=0.4650 ACC=0.3935
2026-08-17 00:05:50,864 - INFO - [round r9 e2] L=-3.9591 MI=-3.9591 PW=16.3112 H(Y|X)=0.017 H(Y)=2.651 active=15/15 pairs=2561 sameclass=0.5291 NMI=0.4621 ACC=0.4001
2026-08-17 00:05:51,073 - INFO - [ILP] beta=1 [proven_optimal, 0.2s], 15 active clusters, 23/64 tags kept, 3.5 tags/cluster
2026-08-17 00:05:51,275 - INFO - [round r10 e1] L=-3.9664 MI=-3.9664 PW=15.9154 H(Y|X)=0.017 H(Y)=2.655 active=15/15 pairs=2561 sameclass=0.5338 NMI=0.4579 ACC=0.3675
2026-08-17 00:05:51,469 - INFO - [round r10 e2] L=-3.9567 MI=-3.9567 PW=15.9429 H(Y|X)=0.017 H(Y)=2.649 active=15/15 pairs=2561 sameclass=0.5486 NMI=0.4647 ACC=0.3744
2026-08-17 00:05:51,697 - INFO - [ILP] beta=1 [proven_optimal, 0.2s], 15 active clusters, 24/64 tags kept, 3.5 tags/cluster
2026-08-17 00:05:51,892 - INFO - [round r11 e1] L=-3.9591 MI=-3.9591 PW=16.3959 H(Y|X)=0.016 H(Y)=2.650 active=15/15 pairs=2561 sameclass=0.549 NMI=0.4751 ACC=0.3918
2026-08-17 00:05:52,070 - INFO - [round r11 e2] L=-3.9730 MI=-3.9730 PW=16.2175 H(Y|X)=0.015 H(Y)=2.658 active=15/15 pairs=2561 sameclass=0.5443 NMI=0.4676 ACC=0.3962
2026-08-17 00:05:53,004 - INFO - [ILP] beta=1 [proven_optimal, 0.9s], 15 active clusters, 23/64 tags kept, 3.5 tags/cluster
2026-08-17 00:05:53,180 - INFO - [round r12 e1] L=-3.9510 MI=-3.9510 PW=15.9756 H(Y|X)=0.014 H(Y)=2.643 active=15/15 pairs=2561 sameclass=0.5439 NMI=0.4657 ACC=0.4130
2026-08-17 00:05:53,349 - INFO - [round r12 e2] L=-3.9189 MI=-3.9189 PW=15.9655 H(Y|X)=0.014 H(Y)=2.622 active=15/15 pairs=2561 sameclass=0.5338 NMI=0.4832 ACC=0.4203
2026-08-17 00:05:54,084 - INFO - [ILP] beta=1 [proven_optimal, 0.7s], 15 active clusters, 22/64 tags kept, 3.5 tags/cluster
2026-08-17 00:05:54,305 - INFO - [round r13 e1] L=-3.9552 MI=-3.9552 PW=15.8450 H(Y|X)=0.014 H(Y)=2.646 active=15/15 pairs=2561 sameclass=0.5291 NMI=0.4870 ACC=0.4303
2026-08-17 00:05:54,504 - INFO - [round r13 e2] L=-3.9555 MI=-3.9555 PW=15.7553 H(Y|X)=0.013 H(Y)=2.645 active=15/15 pairs=2561 sameclass=0.5412 NMI=0.4833 ACC=0.4176
2026-08-17 00:05:54,751 - INFO - [ILP] beta=1 [proven_optimal, 0.2s], 15 active clusters, 25/64 tags kept, 3.5 tags/cluster
2026-08-17 00:05:54,948 - INFO - [round r14 e1] L=-3.9664 MI=-3.9664 PW=15.9415 H(Y|X)=0.016 H(Y)=2.655 active=15/15 pairs=2561 sameclass=0.5471 NMI=0.4803 ACC=0.4192
2026-08-17 00:05:55,128 - INFO - [round r14 e2] L=-3.9607 MI=-3.9607 PW=15.8563 H(Y|X)=0.013 H(Y)=2.649 active=15/15 pairs=2561 sameclass=0.5346 NMI=0.4863 ACC=0.4197
2026-08-17 00:05:55,563 - INFO - [ILP] beta=1 [proven_optimal, 0.4s], 15 active clusters, 25/64 tags kept, 3.5 tags/cluster
2026-08-17 00:05:55,715 - INFO - [round r15 e1] L=-3.9649 MI=-3.9649 PW=15.9044 H(Y|X)=0.014 H(Y)=2.652 active=15/15 pairs=2561 sameclass=0.5037 NMI=0.4844 ACC=0.4276
2026-08-17 00:05:55,860 - INFO - [round r15 e2] L=-3.9775 MI=-3.9775 PW=15.8357 H(Y|X)=0.012 H(Y)=2.660 active=15/15 pairs=2561 sameclass=0.5205 NMI=0.4856 ACC=0.4253
2026-08-17 00:05:56,467 - INFO - [ILP] beta=1 [proven_optimal, 0.6s], 15 active clusters, 25/64 tags kept, 3.4 tags/cluster
2026-08-17 00:05:56,647 - INFO - [round r16 e1] L=-3.9837 MI=-3.9837 PW=15.8929 H(Y|X)=0.011 H(Y)=2.663 active=15/15 pairs=2561 sameclass=0.5478 NMI=0.4704 ACC=0.4167
2026-08-17 00:05:56,837 - INFO - [round r16 e2] L=-3.9715 MI=-3.9715 PW=15.8244 H(Y|X)=0.013 H(Y)=2.657 active=15/15 pairs=2561 sameclass=0.5533 NMI=0.4886 ACC=0.4151
2026-08-17 00:05:57,331 - INFO - [ILP] beta=1 [proven_optimal, 0.5s], 15 active clusters, 27/64 tags kept, 3.5 tags/cluster
2026-08-17 00:05:57,525 - INFO - [round r17 e1] L=-3.9484 MI=-3.9484 PW=15.7757 H(Y|X)=0.011 H(Y)=2.640 active=15/15 pairs=2561 sameclass=0.5474 NMI=0.4766 ACC=0.4238
2026-08-17 00:05:57,730 - INFO - [round r17 e2] L=-3.9670 MI=-3.9670 PW=15.9403 H(Y|X)=0.013 H(Y)=2.653 active=15/15 pairs=2561 sameclass=0.5502 NMI=0.4804 ACC=0.4332
2026-08-17 00:05:58,534 - INFO - [ILP] beta=1 [proven_optimal, 0.8s], 15 active clusters, 23/64 tags kept, 3.4 tags/cluster
2026-08-17 00:05:58,751 - INFO - [round r18 e1] L=-3.9564 MI=-3.9564 PW=15.7077 H(Y|X)=0.011 H(Y)=2.645 active=15/15 pairs=2561 sameclass=0.5513 NMI=0.4812 ACC=0.4234
2026-08-17 00:05:58,956 - INFO - [round r18 e2] L=-3.9595 MI=-3.9595 PW=15.9118 H(Y|X)=0.013 H(Y)=2.648 active=15/15 pairs=2561 sameclass=0.5377 NMI=0.4713 ACC=0.4124
2026-08-17 00:05:59,141 - INFO - [ILP] beta=1 [proven_optimal, 0.1s], 15 active clusters, 23/64 tags kept, 3.4 tags/cluster
2026-08-17 00:05:59,338 - INFO - [round r19 e1] L=-3.9750 MI=-3.9750 PW=16.1100 H(Y|X)=0.011 H(Y)=2.658 active=15/15 pairs=2561 sameclass=0.5064 NMI=0.4872 ACC=0.4215
2026-08-17 00:05:59,535 - INFO - [round r19 e2] L=-3.9506 MI=-3.9506 PW=16.0516 H(Y|X)=0.012 H(Y)=2.641 active=15/15 pairs=2561 sameclass=0.5139 NMI=0.4978 ACC=0.4429
2026-08-17 00:06:00,868 - INFO - [ILP] beta=1 [proven_optimal, 1.3s], 15 active clusters, 27/64 tags kept, 3.5 tags/cluster
2026-08-17 00:06:01,036 - INFO - [round r20 e1] L=-3.9253 MI=-3.9253 PW=15.7575 H(Y|X)=0.011 H(Y)=2.624 active=15/15 pairs=2561 sameclass=0.5506 NMI=0.5008 ACC=0.4301
2026-08-17 00:06:01,206 - INFO - [round r20 e2] L=-3.9721 MI=-3.9721 PW=16.0323 H(Y|X)=0.010 H(Y)=2.655 active=15/15 pairs=2561 sameclass=0.54 NMI=0.4918 ACC=0.4411
2026-08-17 00:06:02,051 - INFO - Artefacts written to results_v2/ddc_phase1/apy/apy15_mu15_a1_lam0_s44/
2026-08-17 00:06:02,051 - INFO - === RESULT ===
2026-08-17 00:06:02,051 - INFO - final  NMI=0.4918 ACC=0.4411 ARI=0.2756 active=15/15
2026-08-17 00:06:02,051 - INFO - best   NMI=0.5008 at step 1029 (round round 20)
2026-08-17 00:06:02,051 - INFO - TC=0.3169 ITF=1.908 (nats)
2026-08-17 01:14:56,804 - INFO - GPU: NVIDIA GeForce RTX 4090
2026-08-17 01:14:56,823 - INFO - Predicate matrix: 32 classes × 64 attributes
2026-08-17 01:14:56,826 - INFO - Class filter: 15 classes, 6487 instances retained
2026-08-17 01:14:56,834 - INFO - Train split: 5189 samples, 15 classes, 64 attributes
2026-08-17 01:14:57,048 - INFO - Loaded cached features (5189, 2048) from cache/resnet101_apy_15_full.npz
2026-08-17 01:14:57,234 - INFO - Per-instance binary tags (5189, 64) from data/aPY-data/aPY/per-instance-attributes.tsv (density=0.0869, 1703 distinct rows)
2026-08-17 01:14:57,272 - INFO - Annotation r=0.5 (instance-level): 2561/5189 annotated, 2628 mean-imputed
2026-08-17 01:14:57,272 - INFO - === DDC rebuild | apy | N=5189 | K=15 | M=64 | preproc=none | r=0.5 ===
2026-08-17 01:14:59,887 - INFO - Pre-training 10 epochs (g = identity, Algorithm 1 lines 1-2)
2026-08-17 01:15:01,302 - INFO - [pretrain r0 e1] L=-1.7115 MI=-1.7115 PW=2.3582 H(Y|X)=2.217 H(Y)=2.619 active=12/15 pairs=2561 sameclass=0.6103 NMI=0.2475 ACC=0.2511
2026-08-17 01:15:01,434 - INFO - [pretrain r0 e2] L=-3.1030 MI=-3.1030 PW=10.0280 H(Y|X)=0.788 H(Y)=2.594 active=15/15 pairs=2561 sameclass=0.6146 NMI=0.3999 ACC=0.3374
2026-08-17 01:15:01,575 - INFO - [pretrain r0 e3] L=-3.7693 MI=-3.7693 PW=13.0278 H(Y|X)=0.183 H(Y)=2.635 active=15/15 pairs=2561 sameclass=0.6185 NMI=0.4439 ACC=0.3442
2026-08-17 01:15:01,714 - INFO - [pretrain r0 e4] L=-3.8518 MI=-3.8518 PW=13.9581 H(Y|X)=0.088 H(Y)=2.626 active=15/15 pairs=2561 sameclass=0.6064 NMI=0.4587 ACC=0.3646
2026-08-17 01:15:01,858 - INFO - [pretrain r0 e5] L=-3.8931 MI=-3.8931 PW=14.2661 H(Y|X)=0.067 H(Y)=2.640 active=15/15 pairs=2561 sameclass=0.6072 NMI=0.4528 ACC=0.3746
2026-08-17 01:15:01,995 - INFO - [pretrain r0 e6] L=-3.9178 MI=-3.9178 PW=14.2388 H(Y|X)=0.058 H(Y)=2.651 active=15/15 pairs=2561 sameclass=0.6224 NMI=0.4630 ACC=0.3804
2026-08-17 01:15:02,179 - INFO - [pretrain r0 e7] L=-3.8914 MI=-3.8914 PW=14.4141 H(Y|X)=0.046 H(Y)=2.625 active=15/15 pairs=2561 sameclass=0.6041 NMI=0.4662 ACC=0.3791
2026-08-17 01:15:02,405 - INFO - [pretrain r0 e8] L=-3.9451 MI=-3.9451 PW=14.8864 H(Y|X)=0.043 H(Y)=2.659 active=15/15 pairs=2561 sameclass=0.6111 NMI=0.4629 ACC=0.3704
2026-08-17 01:15:02,655 - INFO - [pretrain r0 e9] L=-3.9396 MI=-3.9396 PW=14.6819 H(Y|X)=0.039 H(Y)=2.652 active=15/15 pairs=2561 sameclass=0.6185 NMI=0.4440 ACC=0.3827
2026-08-17 01:15:02,901 - INFO - [pretrain r0 e10] L=-3.8982 MI=-3.8982 PW=14.9578 H(Y|X)=0.048 H(Y)=2.631 active=15/15 pairs=2561 sameclass=0.6158 NMI=0.4478 ACC=0.3877
2026-08-17 01:15:03,361 - INFO - [ILP] beta=1 [proven_optimal, 0.4s], 15 active clusters, 24/64 tags kept, 3.5 tags/cluster
2026-08-17 01:15:03,613 - INFO - [round r1 e1] L=-3.9033 MI=-3.9033 PW=16.0029 H(Y|X)=0.041 H(Y)=2.629 active=15/15 pairs=2561 sameclass=0.5111 NMI=0.4355 ACC=0.3733
2026-08-17 01:15:03,870 - INFO - [round r1 e2] L=-3.9246 MI=-3.9246 PW=15.7949 H(Y|X)=0.034 H(Y)=2.639 active=15/15 pairs=2561 sameclass=0.5353 NMI=0.4532 ACC=0.3739
2026-08-17 01:15:06,130 - INFO - [ILP] beta=1 [proven_optimal, 2.2s], 15 active clusters, 24/64 tags kept, 3.6 tags/cluster
2026-08-17 01:15:06,391 - INFO - [round r2 e1] L=-3.9403 MI=-3.9403 PW=16.0753 H(Y|X)=0.034 H(Y)=2.650 active=15/15 pairs=2561 sameclass=0.5412 NMI=0.4351 ACC=0.3727
2026-08-17 01:15:06,632 - INFO - [round r2 e2] L=-3.9394 MI=-3.9394 PW=16.1568 H(Y|X)=0.030 H(Y)=2.646 active=15/15 pairs=2561 sameclass=0.5365 NMI=0.4427 ACC=0.3731
2026-08-17 01:15:06,965 - INFO - [ILP] beta=1 [proven_optimal, 0.3s], 15 active clusters, 24/64 tags kept, 3.7 tags/cluster
2026-08-17 01:15:07,176 - INFO - [round r3 e1] L=-3.9462 MI=-3.9462 PW=15.9924 H(Y|X)=0.030 H(Y)=2.651 active=15/15 pairs=2561 sameclass=0.5381 NMI=0.4394 ACC=0.3798
2026-08-17 01:15:07,378 - INFO - [round r3 e2] L=-3.9658 MI=-3.9658 PW=16.0007 H(Y|X)=0.029 H(Y)=2.663 active=15/15 pairs=2561 sameclass=0.5498 NMI=0.4479 ACC=0.3681
2026-08-17 01:15:07,621 - INFO - [ILP] beta=1 [proven_optimal, 0.2s], 15 active clusters, 26/64 tags kept, 3.7 tags/cluster
2026-08-17 01:15:07,856 - INFO - [round r4 e1] L=-3.9368 MI=-3.9368 PW=15.7784 H(Y|X)=0.027 H(Y)=2.642 active=15/15 pairs=2561 sameclass=0.5545 NMI=0.4641 ACC=0.4093
2026-08-17 01:15:08,060 - INFO - [round r4 e2] L=-3.9639 MI=-3.9639 PW=15.7912 H(Y|X)=0.025 H(Y)=2.660 active=15/15 pairs=2561 sameclass=0.5513 NMI=0.4640 ACC=0.4003
2026-08-17 01:15:09,595 - INFO - [ILP] beta=1 [proven_optimal, 1.5s], 15 active clusters, 22/64 tags kept, 3.5 tags/cluster
2026-08-17 01:15:09,769 - INFO - [round r5 e1] L=-3.9600 MI=-3.9600 PW=16.1120 H(Y|X)=0.024 H(Y)=2.656 active=15/15 pairs=2561 sameclass=0.5205 NMI=0.4625 ACC=0.3877
2026-08-17 01:15:09,970 - INFO - [round r5 e2] L=-3.9593 MI=-3.9593 PW=16.1231 H(Y|X)=0.021 H(Y)=2.653 active=15/15 pairs=2561 sameclass=0.5205 NMI=0.4660 ACC=0.3935
2026-08-17 01:15:10,643 - INFO - [ILP] beta=1 [proven_optimal, 0.6s], 15 active clusters, 25/64 tags kept, 3.6 tags/cluster
2026-08-17 01:15:10,850 - INFO - [round r6 e1] L=-3.9581 MI=-3.9581 PW=15.7857 H(Y|X)=0.021 H(Y)=2.653 active=15/15 pairs=2561 sameclass=0.5674 NMI=0.4603 ACC=0.3831
2026-08-17 01:15:11,051 - INFO - [round r6 e2] L=-3.9826 MI=-3.9826 PW=15.8935 H(Y|X)=0.019 H(Y)=2.668 active=15/15 pairs=2561 sameclass=0.5435 NMI=0.4649 ACC=0.3812
2026-08-17 01:15:12,837 - INFO - [ILP] beta=1 [proven_optimal, 1.8s], 15 active clusters, 24/64 tags kept, 3.6 tags/cluster
2026-08-17 01:15:12,996 - INFO - [round r7 e1] L=-3.9494 MI=-3.9494 PW=15.9597 H(Y|X)=0.020 H(Y)=2.646 active=15/15 pairs=2561 sameclass=0.5463 NMI=0.4683 ACC=0.3904
2026-08-17 01:15:13,182 - INFO - [round r7 e2] L=-3.9529 MI=-3.9529 PW=16.0783 H(Y|X)=0.018 H(Y)=2.647 active=15/15 pairs=2561 sameclass=0.5443 NMI=0.4728 ACC=0.3976
2026-08-17 01:15:13,444 - INFO - [ILP] beta=1 [proven_optimal, 0.2s], 15 active clusters, 26/64 tags kept, 3.5 tags/cluster
2026-08-17 01:15:13,646 - INFO - [round r8 e1] L=-3.9508 MI=-3.9508 PW=16.0567 H(Y|X)=0.019 H(Y)=2.646 active=15/15 pairs=2561 sameclass=0.5482 NMI=0.4723 ACC=0.4003
2026-08-17 01:15:13,849 - INFO - [round r8 e2] L=-3.9540 MI=-3.9540 PW=15.9334 H(Y|X)=0.018 H(Y)=2.648 active=15/15 pairs=2561 sameclass=0.5439 NMI=0.4632 ACC=0.3908
2026-08-17 01:15:15,080 - INFO - [ILP] beta=1 [proven_optimal, 1.2s], 15 active clusters, 24/64 tags kept, 3.6 tags/cluster
2026-08-17 01:15:15,273 - INFO - [round r9 e1] L=-3.9808 MI=-3.9808 PW=16.2351 H(Y|X)=0.018 H(Y)=2.666 active=15/15 pairs=2561 sameclass=0.5369 NMI=0.4650 ACC=0.3935
2026-08-17 01:15:15,479 - INFO - [round r9 e2] L=-3.9591 MI=-3.9591 PW=16.3112 H(Y|X)=0.017 H(Y)=2.651 active=15/15 pairs=2561 sameclass=0.5291 NMI=0.4621 ACC=0.4001
2026-08-17 01:15:15,691 - INFO - [ILP] beta=1 [proven_optimal, 0.2s], 15 active clusters, 23/64 tags kept, 3.5 tags/cluster
2026-08-17 01:15:15,903 - INFO - [round r10 e1] L=-3.9664 MI=-3.9664 PW=15.9154 H(Y|X)=0.017 H(Y)=2.655 active=15/15 pairs=2561 sameclass=0.5338 NMI=0.4579 ACC=0.3675
2026-08-17 01:15:16,109 - INFO - [round r10 e2] L=-3.9567 MI=-3.9567 PW=15.9429 H(Y|X)=0.017 H(Y)=2.649 active=15/15 pairs=2561 sameclass=0.5486 NMI=0.4647 ACC=0.3744
2026-08-17 01:15:16,334 - INFO - [ILP] beta=1 [proven_optimal, 0.2s], 15 active clusters, 24/64 tags kept, 3.5 tags/cluster
2026-08-17 01:15:16,538 - INFO - [round r11 e1] L=-3.9591 MI=-3.9591 PW=16.3959 H(Y|X)=0.016 H(Y)=2.650 active=15/15 pairs=2561 sameclass=0.549 NMI=0.4751 ACC=0.3918
2026-08-17 01:15:16,736 - INFO - [round r11 e2] L=-3.9730 MI=-3.9730 PW=16.2175 H(Y|X)=0.015 H(Y)=2.658 active=15/15 pairs=2561 sameclass=0.5443 NMI=0.4676 ACC=0.3962
2026-08-17 01:15:17,694 - INFO - [ILP] beta=1 [proven_optimal, 0.9s], 15 active clusters, 23/64 tags kept, 3.5 tags/cluster
2026-08-17 01:15:17,840 - INFO - [round r12 e1] L=-3.9510 MI=-3.9510 PW=15.9756 H(Y|X)=0.014 H(Y)=2.643 active=15/15 pairs=2561 sameclass=0.5439 NMI=0.4657 ACC=0.4130
2026-08-17 01:15:18,003 - INFO - [round r12 e2] L=-3.9189 MI=-3.9189 PW=15.9655 H(Y|X)=0.014 H(Y)=2.622 active=15/15 pairs=2561 sameclass=0.5338 NMI=0.4832 ACC=0.4203
2026-08-17 01:15:18,753 - INFO - [ILP] beta=1 [proven_optimal, 0.7s], 15 active clusters, 22/64 tags kept, 3.5 tags/cluster
2026-08-17 01:15:18,951 - INFO - [round r13 e1] L=-3.9552 MI=-3.9552 PW=15.8450 H(Y|X)=0.014 H(Y)=2.646 active=15/15 pairs=2561 sameclass=0.5291 NMI=0.4870 ACC=0.4303
2026-08-17 01:15:19,162 - INFO - [round r13 e2] L=-3.9555 MI=-3.9555 PW=15.7553 H(Y|X)=0.013 H(Y)=2.645 active=15/15 pairs=2561 sameclass=0.5412 NMI=0.4833 ACC=0.4176
2026-08-17 01:15:19,410 - INFO - [ILP] beta=1 [proven_optimal, 0.2s], 15 active clusters, 25/64 tags kept, 3.5 tags/cluster
2026-08-17 01:15:19,556 - INFO - [round r14 e1] L=-3.9664 MI=-3.9664 PW=15.9415 H(Y|X)=0.016 H(Y)=2.655 active=15/15 pairs=2561 sameclass=0.5471 NMI=0.4803 ACC=0.4192
2026-08-17 01:15:19,692 - INFO - [round r14 e2] L=-3.9607 MI=-3.9607 PW=15.8563 H(Y|X)=0.013 H(Y)=2.649 active=15/15 pairs=2561 sameclass=0.5346 NMI=0.4863 ACC=0.4197
2026-08-17 01:15:20,137 - INFO - [ILP] beta=1 [proven_optimal, 0.4s], 15 active clusters, 25/64 tags kept, 3.5 tags/cluster
2026-08-17 01:15:20,299 - INFO - [round r15 e1] L=-3.9649 MI=-3.9649 PW=15.9044 H(Y|X)=0.014 H(Y)=2.652 active=15/15 pairs=2561 sameclass=0.5037 NMI=0.4844 ACC=0.4276
2026-08-17 01:15:20,480 - INFO - [round r15 e2] L=-3.9775 MI=-3.9775 PW=15.8357 H(Y|X)=0.012 H(Y)=2.660 active=15/15 pairs=2561 sameclass=0.5205 NMI=0.4856 ACC=0.4253
2026-08-17 01:15:21,222 - INFO - [ILP] beta=1 [proven_optimal, 0.7s], 15 active clusters, 25/64 tags kept, 3.4 tags/cluster
2026-08-17 01:15:21,422 - INFO - [round r16 e1] L=-3.9837 MI=-3.9837 PW=15.8929 H(Y|X)=0.011 H(Y)=2.663 active=15/15 pairs=2561 sameclass=0.5478 NMI=0.4704 ACC=0.4167
2026-08-17 01:15:21,628 - INFO - [round r16 e2] L=-3.9715 MI=-3.9715 PW=15.8244 H(Y|X)=0.013 H(Y)=2.657 active=15/15 pairs=2561 sameclass=0.5533 NMI=0.4886 ACC=0.4151
2026-08-17 01:15:22,132 - INFO - [ILP] beta=1 [proven_optimal, 0.5s], 15 active clusters, 27/64 tags kept, 3.5 tags/cluster
2026-08-17 01:15:22,351 - INFO - [round r17 e1] L=-3.9484 MI=-3.9484 PW=15.7757 H(Y|X)=0.011 H(Y)=2.640 active=15/15 pairs=2561 sameclass=0.5474 NMI=0.4766 ACC=0.4238
2026-08-17 01:15:22,561 - INFO - [round r17 e2] L=-3.9670 MI=-3.9670 PW=15.9403 H(Y|X)=0.013 H(Y)=2.653 active=15/15 pairs=2561 sameclass=0.5502 NMI=0.4804 ACC=0.4332
2026-08-17 01:15:23,404 - INFO - [ILP] beta=1 [proven_optimal, 0.8s], 15 active clusters, 23/64 tags kept, 3.4 tags/cluster
2026-08-17 01:15:23,613 - INFO - [round r18 e1] L=-3.9564 MI=-3.9564 PW=15.7077 H(Y|X)=0.011 H(Y)=2.645 active=15/15 pairs=2561 sameclass=0.5513 NMI=0.4812 ACC=0.4234
2026-08-17 01:15:23,810 - INFO - [round r18 e2] L=-3.9595 MI=-3.9595 PW=15.9118 H(Y|X)=0.013 H(Y)=2.648 active=15/15 pairs=2561 sameclass=0.5377 NMI=0.4713 ACC=0.4124
2026-08-17 01:15:23,996 - INFO - [ILP] beta=1 [proven_optimal, 0.2s], 15 active clusters, 23/64 tags kept, 3.4 tags/cluster
2026-08-17 01:15:24,201 - INFO - [round r19 e1] L=-3.9750 MI=-3.9750 PW=16.1100 H(Y|X)=0.011 H(Y)=2.658 active=15/15 pairs=2561 sameclass=0.5064 NMI=0.4872 ACC=0.4215
2026-08-17 01:15:24,397 - INFO - [round r19 e2] L=-3.9506 MI=-3.9506 PW=16.0516 H(Y|X)=0.012 H(Y)=2.641 active=15/15 pairs=2561 sameclass=0.5139 NMI=0.4978 ACC=0.4429
2026-08-17 01:15:25,710 - INFO - [ILP] beta=1 [proven_optimal, 1.3s], 15 active clusters, 27/64 tags kept, 3.5 tags/cluster
2026-08-17 01:15:25,923 - INFO - [round r20 e1] L=-3.9253 MI=-3.9253 PW=15.7575 H(Y|X)=0.011 H(Y)=2.624 active=15/15 pairs=2561 sameclass=0.5506 NMI=0.5008 ACC=0.4301
2026-08-17 01:15:26,118 - INFO - [round r20 e2] L=-3.9721 MI=-3.9721 PW=16.0323 H(Y|X)=0.010 H(Y)=2.655 active=15/15 pairs=2561 sameclass=0.54 NMI=0.4918 ACC=0.4411
2026-08-17 01:15:26,890 - INFO - [ILP] beta=1 [proven_optimal, 0.7s], 15 active clusters, 23/64 tags kept, 3.4 tags/cluster
2026-08-17 01:15:27,607 - INFO - Artefacts written to results_v2/ddc_phase1/apy/apy15_mu15_a1_lam0_s44/
2026-08-17 01:15:27,608 - INFO - === RESULT ===
2026-08-17 01:15:27,608 - INFO - final  NMI=0.4918 ACC=0.4411 ARI=0.2756 active=15/15
2026-08-17 01:15:27,608 - INFO - best   NMI=0.5008 at step 1029 (round round 20)
2026-08-17 01:15:27,608 - INFO - TC=0.3194 ITF=1.8308 (nats)
