2026-08-12 13:36:13,078 - INFO - GPU: NVIDIA GeForce RTX 4090
2026-08-12 13:36:13,131 - INFO - Predicate matrix: 50 classes × 85 attributes
2026-08-12 13:36:13,178 - INFO - Train split: 29857 samples, 50 classes, 85 attributes
2026-08-12 13:36:14,275 - INFO - Loaded cached features (29857, 2048) from cache/resnet101_awa2_full.npz
2026-08-12 13:36:14,286 - INFO - Binary tags (29857, 85) from data/AwA2-data/Animals_with_Attributes2/predicate-matrix-binary.txt (density=0.365)
2026-08-12 13:36:14,295 - INFO - Annotation r=0.5 (instance-level): 813/1600 annotated, 787 mean-imputed
2026-08-12 13:36:14,295 - INFO - === DDC rebuild | awa2 (sanity) | N=1600 | K=50 | M=85 | preproc=none | r=0.5 ===
2026-08-12 13:36:16,985 - INFO - Pre-training 10 epochs (g = identity, Algorithm 1 lines 1-2)
2026-08-12 13:36:18,109 - INFO - [pretrain r0 e1] L=-1.9578 MI=-1.9578 PW=0.0039 H(Y|X)=3.906 H(Y)=3.909 active=21/50 pairs=813 NMI=0.4030 ACC=0.1856
2026-08-12 13:36:18,150 - INFO - [pretrain r0 e2] L=-2.1943 MI=-2.1943 PW=0.5643 H(Y|X)=3.444 H(Y)=3.759 active=16/50 pairs=813 NMI=0.4654 ACC=0.2025
2026-08-12 13:36:18,196 - INFO - [pretrain r0 e3] L=-3.0529 MI=-3.0529 PW=2.0621 H(Y|X)=2.395 H(Y)=3.632 active=32/50 pairs=813 NMI=0.5303 ACC=0.2906
2026-08-12 13:36:18,247 - INFO - [pretrain r0 e4] L=-3.8187 MI=-3.8187 PW=3.9808 H(Y|X)=1.541 H(Y)=3.573 active=38/50 pairs=813 NMI=0.5811 ACC=0.3337
2026-08-12 13:36:18,302 - INFO - [pretrain r0 e5] L=-4.2077 MI=-4.2077 PW=6.2797 H(Y|X)=1.047 H(Y)=3.503 active=38/50 pairs=813 NMI=0.6027 ACC=0.3575
2026-08-12 13:36:18,360 - INFO - [pretrain r0 e6] L=-4.4909 MI=-4.4909 PW=7.7402 H(Y|X)=0.733 H(Y)=3.483 active=39/50 pairs=813 NMI=0.6207 ACC=0.3950
2026-08-12 13:36:18,421 - INFO - [pretrain r0 e7] L=-4.6655 MI=-4.6655 PW=8.4133 H(Y|X)=0.511 H(Y)=3.451 active=41/50 pairs=813 NMI=0.6300 ACC=0.4106
2026-08-12 13:36:18,484 - INFO - [pretrain r0 e8] L=-4.8924 MI=-4.8924 PW=9.6199 H(Y|X)=0.372 H(Y)=3.510 active=41/50 pairs=813 NMI=0.6354 ACC=0.4394
2026-08-12 13:36:18,548 - INFO - [pretrain r0 e9] L=-4.9359 MI=-4.9359 PW=10.4519 H(Y|X)=0.274 H(Y)=3.474 active=40/50 pairs=813 NMI=0.6357 ACC=0.4138
2026-08-12 13:36:18,613 - INFO - [pretrain r0 e10] L=-4.9262 MI=-4.9262 PW=10.3839 H(Y|X)=0.225 H(Y)=3.434 active=39/50 pairs=813 NMI=0.6392 ACC=0.4425
2026-08-12 13:36:18,682 - INFO - [round r1 e1] L=-4.9025 MI=-4.9025 PW=10.7180 H(Y|X)=0.173 H(Y)=3.384 active=38/50 pairs=813 NMI=0.6434 ACC=0.4400
2026-08-12 13:36:18,748 - INFO - [round r1 e2] L=-5.0145 MI=-5.0145 PW=11.0031 H(Y|X)=0.146 H(Y)=3.440 active=39/50 pairs=813 NMI=0.6483 ACC=0.4544
2026-08-12 13:36:18,818 - INFO - [round r2 e1] L=-5.1080 MI=-5.1080 PW=12.0981 H(Y|X)=0.131 H(Y)=3.492 active=40/50 pairs=813 NMI=0.6479 ACC=0.4612
2026-08-12 13:36:18,885 - INFO - [round r2 e2] L=-5.1413 MI=-5.1413 PW=12.4708 H(Y|X)=0.136 H(Y)=3.518 active=40/50 pairs=813 NMI=0.6576 ACC=0.4506
2026-08-12 13:36:18,955 - INFO - [round r3 e1] L=-5.1587 MI=-5.1587 PW=12.4761 H(Y|X)=0.112 H(Y)=3.514 active=40/50 pairs=813 NMI=0.6519 ACC=0.4600
2026-08-12 13:36:19,022 - INFO - [round r3 e2] L=-5.1256 MI=-5.1256 PW=12.5045 H(Y|X)=0.108 H(Y)=3.489 active=40/50 pairs=813 NMI=0.6569 ACC=0.4556
2026-08-12 13:36:19,095 - INFO - [round r4 e1] L=-5.1373 MI=-5.1373 PW=12.5470 H(Y|X)=0.105 H(Y)=3.495 active=40/50 pairs=813 NMI=0.6614 ACC=0.4713
2026-08-12 13:36:19,161 - INFO - [round r4 e2] L=-5.1628 MI=-5.1628 PW=12.3521 H(Y|X)=0.094 H(Y)=3.505 active=39/50 pairs=813 NMI=0.6693 ACC=0.4856
2026-08-12 13:36:19,232 - INFO - [round r5 e1] L=-5.1540 MI=-5.1540 PW=12.7776 H(Y|X)=0.082 H(Y)=3.491 active=40/50 pairs=813 NMI=0.6640 ACC=0.4788
2026-08-12 13:36:19,298 - INFO - [round r5 e2] L=-5.2371 MI=-5.2371 PW=12.5268 H(Y|X)=0.077 H(Y)=3.543 active=40/50 pairs=813 NMI=0.6577 ACC=0.4656
2026-08-12 13:36:19,368 - INFO - [round r6 e1] L=-5.1802 MI=-5.1802 PW=13.4567 H(Y|X)=0.085 H(Y)=3.510 active=40/50 pairs=813 NMI=0.6649 ACC=0.4856
2026-08-12 13:36:19,435 - INFO - [round r6 e2] L=-5.2299 MI=-5.2299 PW=13.2290 H(Y|X)=0.066 H(Y)=3.531 active=40/50 pairs=813 NMI=0.6625 ACC=0.4944
2026-08-12 13:36:19,505 - INFO - [round r7 e1] L=-5.2228 MI=-5.2228 PW=13.4500 H(Y|X)=0.068 H(Y)=3.527 active=40/50 pairs=813 NMI=0.6630 ACC=0.4838
2026-08-12 13:36:19,572 - INFO - [round r7 e2] L=-5.2157 MI=-5.2157 PW=13.1002 H(Y|X)=0.052 H(Y)=3.512 active=40/50 pairs=813 NMI=0.6721 ACC=0.5044
2026-08-12 13:36:19,643 - INFO - [round r8 e1] L=-5.2093 MI=-5.2093 PW=13.1859 H(Y|X)=0.066 H(Y)=3.517 active=40/50 pairs=813 NMI=0.6708 ACC=0.4981
2026-08-12 13:36:19,710 - INFO - [round r8 e2] L=-5.2549 MI=-5.2549 PW=13.9632 H(Y|X)=0.067 H(Y)=3.548 active=40/50 pairs=813 NMI=0.6600 ACC=0.4806
2026-08-12 13:36:19,780 - INFO - [round r9 e1] L=-5.2388 MI=-5.2388 PW=14.0607 H(Y|X)=0.066 H(Y)=3.536 active=40/50 pairs=813 NMI=0.6702 ACC=0.5112
2026-08-12 13:36:19,847 - INFO - [round r9 e2] L=-5.2839 MI=-5.2839 PW=13.6850 H(Y|X)=0.059 H(Y)=3.562 active=40/50 pairs=813 NMI=0.6776 ACC=0.5106
2026-08-12 13:36:19,917 - INFO - [round r10 e1] L=-5.2195 MI=-5.2195 PW=13.3485 H(Y|X)=0.055 H(Y)=3.517 active=40/50 pairs=813 NMI=0.6757 ACC=0.4994
2026-08-12 13:36:19,985 - INFO - [round r10 e2] L=-5.2269 MI=-5.2269 PW=13.3048 H(Y|X)=0.047 H(Y)=3.516 active=40/50 pairs=813 NMI=0.6800 ACC=0.5281
2026-08-12 13:36:20,056 - INFO - [round r11 e1] L=-5.2490 MI=-5.2490 PW=12.9483 H(Y|X)=0.053 H(Y)=3.535 active=40/50 pairs=813 NMI=0.6879 ACC=0.5244
2026-08-12 13:36:20,125 - INFO - [round r11 e2] L=-5.2783 MI=-5.2783 PW=13.3264 H(Y|X)=0.051 H(Y)=3.553 active=40/50 pairs=813 NMI=0.6917 ACC=0.5275
2026-08-12 13:36:20,195 - INFO - [round r12 e1] L=-5.2692 MI=-5.2692 PW=13.0478 H(Y|X)=0.035 H(Y)=3.536 active=40/50 pairs=813 NMI=0.6941 ACC=0.5356
2026-08-12 13:36:20,262 - INFO - [round r12 e2] L=-5.2830 MI=-5.2830 PW=13.0431 H(Y|X)=0.043 H(Y)=3.550 active=40/50 pairs=813 NMI=0.6901 ACC=0.5281
2026-08-12 13:36:20,332 - INFO - [round r13 e1] L=-5.2430 MI=-5.2430 PW=13.0355 H(Y|X)=0.045 H(Y)=3.525 active=39/50 pairs=813 NMI=0.6821 ACC=0.5244
2026-08-12 13:36:20,400 - INFO - [round r13 e2] L=-5.2481 MI=-5.2481 PW=13.0532 H(Y|X)=0.040 H(Y)=3.526 active=39/50 pairs=813 NMI=0.6901 ACC=0.5244
2026-08-12 13:36:20,470 - INFO - [round r14 e1] L=-5.2472 MI=-5.2472 PW=13.1983 H(Y|X)=0.036 H(Y)=3.522 active=39/50 pairs=813 NMI=0.6875 ACC=0.5225
2026-08-12 13:36:20,538 - INFO - [round r14 e2] L=-5.1771 MI=-5.1771 PW=12.9413 H(Y|X)=0.041 H(Y)=3.478 active=39/50 pairs=813 NMI=0.6841 ACC=0.5250
2026-08-12 13:36:20,609 - INFO - [round r15 e1] L=-5.2174 MI=-5.2174 PW=12.9300 H(Y|X)=0.042 H(Y)=3.506 active=39/50 pairs=813 NMI=0.6725 ACC=0.5238
2026-08-12 13:36:20,676 - INFO - [round r15 e2] L=-5.2542 MI=-5.2542 PW=13.9012 H(Y|X)=0.032 H(Y)=3.524 active=39/50 pairs=813 NMI=0.6811 ACC=0.5262
2026-08-12 13:36:20,745 - INFO - [round r16 e1] L=-5.2479 MI=-5.2479 PW=13.0308 H(Y|X)=0.027 H(Y)=3.517 active=39/50 pairs=813 NMI=0.6837 ACC=0.5175
2026-08-12 13:36:20,812 - INFO - [round r16 e2] L=-5.2628 MI=-5.2628 PW=13.6150 H(Y|X)=0.027 H(Y)=3.527 active=39/50 pairs=813 NMI=0.6837 ACC=0.5225
2026-08-12 13:36:20,881 - INFO - [round r17 e1] L=-5.2184 MI=-5.2184 PW=13.2917 H(Y|X)=0.039 H(Y)=3.505 active=39/50 pairs=813 NMI=0.6782 ACC=0.5188
2026-08-12 13:36:20,947 - INFO - [round r17 e2] L=-5.2119 MI=-5.2119 PW=13.2744 H(Y|X)=0.034 H(Y)=3.497 active=40/50 pairs=813 NMI=0.6790 ACC=0.5175
2026-08-12 13:36:21,021 - INFO - [round r18 e1] L=-5.2431 MI=-5.2431 PW=13.6801 H(Y|X)=0.037 H(Y)=3.520 active=40/50 pairs=813 NMI=0.6770 ACC=0.5138
2026-08-12 13:36:21,106 - INFO - [round r18 e2] L=-5.2853 MI=-5.2853 PW=13.9401 H(Y|X)=0.031 H(Y)=3.544 active=39/50 pairs=813 NMI=0.6788 ACC=0.5025
2026-08-12 13:36:21,203 - INFO - [round r19 e1] L=-5.2333 MI=-5.2333 PW=13.5916 H(Y|X)=0.040 H(Y)=3.516 active=40/50 pairs=813 NMI=0.6777 ACC=0.5219
2026-08-12 13:36:21,291 - INFO - [round r19 e2] L=-5.2057 MI=-5.2057 PW=13.1696 H(Y|X)=0.039 H(Y)=3.497 active=40/50 pairs=813 NMI=0.6708 ACC=0.5038
2026-08-12 13:36:21,392 - INFO - [round r20 e1] L=-5.1567 MI=-5.1567 PW=13.7749 H(Y|X)=0.041 H(Y)=3.465 active=40/50 pairs=813 NMI=0.6707 ACC=0.4956
2026-08-12 13:36:21,489 - INFO - [round r20 e2] L=-5.2063 MI=-5.2063 PW=13.6008 H(Y|X)=0.030 H(Y)=3.491 active=40/50 pairs=813 NMI=0.6800 ACC=0.5100
2026-08-12 13:36:22,650 - INFO - Artefacts written to results_v2/ddc_phase1/awa2/raw_lam0_s42/
2026-08-12 13:36:22,650 - INFO - === RESULT ===
2026-08-12 13:36:22,650 - INFO - final  NMI=0.6800 ACC=0.5100 ARI=0.3820 active=40/50
2026-08-12 13:36:22,651 - INFO - best   NMI=0.6941 at step 231 (round round 12)
2026-08-12 13:36:22,651 - INFO - TC=0.0 ITF=0.0 (nats)
