2026-08-12 13:38:03,278 - INFO - GPU: NVIDIA GeForce RTX 4090
2026-08-12 13:38:03,332 - INFO - Predicate matrix: 50 classes × 85 attributes
2026-08-12 13:38:03,379 - INFO - Train split: 29857 samples, 50 classes, 85 attributes
2026-08-12 13:38:04,478 - INFO - Loaded cached features (29857, 2048) from cache/resnet101_awa2_full.npz
2026-08-12 13:38:04,490 - INFO - Binary tags (29857, 85) from data/AwA2-data/Animals_with_Attributes2/predicate-matrix-binary.txt (density=0.365)
2026-08-12 13:38:04,499 - INFO - Annotation r=0.5 (instance-level): 830/1600 annotated, 770 mean-imputed
2026-08-12 13:38:04,499 - INFO - === DDC rebuild | awa2 (sanity) | N=1600 | K=50 | M=85 | preproc=none | r=0.5 ===
2026-08-12 13:38:07,148 - INFO - Pre-training 10 epochs (g = identity, Algorithm 1 lines 1-2)
2026-08-12 13:38:08,283 - INFO - [pretrain r0 e1] L=-1.9633 MI=-1.9633 PW=0.0215 H(Y|X)=3.892 H(Y)=3.903 active=17/50 pairs=830 NMI=0.2922 ACC=0.1469
2026-08-12 13:38:08,326 - INFO - [pretrain r0 e2] L=-2.2751 MI=-2.2751 PW=0.6964 H(Y|X)=3.333 H(Y)=3.739 active=22/50 pairs=830 NMI=0.4233 ACC=0.2275
2026-08-12 13:38:08,374 - INFO - [pretrain r0 e3] L=-2.9503 MI=-2.9503 PW=2.7217 H(Y|X)=2.454 H(Y)=3.603 active=26/50 pairs=830 NMI=0.4675 ACC=0.2612
2026-08-12 13:38:08,427 - INFO - [pretrain r0 e4] L=-3.5529 MI=-3.5529 PW=5.1564 H(Y|X)=1.832 H(Y)=3.590 active=30/50 pairs=830 NMI=0.5418 ACC=0.3444
2026-08-12 13:38:08,483 - INFO - [pretrain r0 e5] L=-4.0162 MI=-4.0162 PW=6.1126 H(Y|X)=1.333 H(Y)=3.566 active=38/50 pairs=830 NMI=0.5661 ACC=0.3450
2026-08-12 13:38:08,542 - INFO - [pretrain r0 e6] L=-4.3474 MI=-4.3474 PW=8.1527 H(Y|X)=0.917 H(Y)=3.509 active=39/50 pairs=830 NMI=0.5854 ACC=0.3688
2026-08-12 13:38:08,603 - INFO - [pretrain r0 e7] L=-4.5491 MI=-4.5491 PW=8.9270 H(Y|X)=0.668 H(Y)=3.478 active=37/50 pairs=830 NMI=0.5980 ACC=0.3825
2026-08-12 13:38:08,668 - INFO - [pretrain r0 e8] L=-4.6970 MI=-4.6970 PW=9.4393 H(Y|X)=0.497 H(Y)=3.463 active=36/50 pairs=830 NMI=0.6070 ACC=0.3769
2026-08-12 13:38:08,733 - INFO - [pretrain r0 e9] L=-4.8036 MI=-4.8036 PW=10.4701 H(Y|X)=0.362 H(Y)=3.444 active=38/50 pairs=830 NMI=0.6215 ACC=0.4012
2026-08-12 13:38:08,798 - INFO - [pretrain r0 e10] L=-4.9056 MI=-4.9056 PW=10.4219 H(Y|X)=0.269 H(Y)=3.450 active=39/50 pairs=830 NMI=0.6313 ACC=0.4325
2026-08-12 13:38:08,867 - INFO - [round r1 e1] L=-4.9700 MI=-4.9700 PW=10.8949 H(Y|X)=0.213 H(Y)=3.455 active=39/50 pairs=830 NMI=0.6336 ACC=0.4512
2026-08-12 13:38:08,933 - INFO - [round r1 e2] L=-5.0747 MI=-5.0747 PW=11.6055 H(Y|X)=0.183 H(Y)=3.505 active=39/50 pairs=830 NMI=0.6437 ACC=0.4462
2026-08-12 13:38:09,001 - INFO - [round r2 e1] L=-5.0279 MI=-5.0279 PW=11.1196 H(Y|X)=0.151 H(Y)=3.453 active=38/50 pairs=830 NMI=0.6388 ACC=0.4487
2026-08-12 13:38:09,068 - INFO - [round r2 e2] L=-5.0459 MI=-5.0459 PW=11.5662 H(Y|X)=0.132 H(Y)=3.452 active=38/50 pairs=830 NMI=0.6414 ACC=0.4531
2026-08-12 13:38:09,137 - INFO - [round r3 e1] L=-5.0654 MI=-5.0654 PW=12.1681 H(Y|X)=0.119 H(Y)=3.456 active=38/50 pairs=830 NMI=0.6398 ACC=0.4587
2026-08-12 13:38:09,204 - INFO - [round r3 e2] L=-5.0915 MI=-5.0915 PW=12.4913 H(Y|X)=0.105 H(Y)=3.465 active=38/50 pairs=830 NMI=0.6354 ACC=0.4581
2026-08-12 13:38:09,272 - INFO - [round r4 e1] L=-5.1468 MI=-5.1468 PW=12.2908 H(Y|X)=0.090 H(Y)=3.491 active=40/50 pairs=830 NMI=0.6450 ACC=0.4725
2026-08-12 13:38:09,339 - INFO - [round r4 e2] L=-5.1943 MI=-5.1943 PW=12.3576 H(Y|X)=0.103 H(Y)=3.532 active=40/50 pairs=830 NMI=0.6347 ACC=0.4537
2026-08-12 13:38:09,411 - INFO - [round r5 e1] L=-5.1042 MI=-5.1042 PW=12.2650 H(Y|X)=0.102 H(Y)=3.471 active=40/50 pairs=830 NMI=0.6371 ACC=0.4569
2026-08-12 13:38:09,476 - INFO - [round r5 e2] L=-5.1525 MI=-5.1525 PW=12.2666 H(Y|X)=0.103 H(Y)=3.503 active=40/50 pairs=830 NMI=0.6483 ACC=0.4713
2026-08-12 13:38:09,543 - INFO - [round r6 e1] L=-5.0780 MI=-5.0780 PW=11.6858 H(Y|X)=0.105 H(Y)=3.455 active=39/50 pairs=830 NMI=0.6424 ACC=0.4681
2026-08-12 13:38:09,608 - INFO - [round r6 e2] L=-5.1024 MI=-5.1024 PW=12.9380 H(Y|X)=0.092 H(Y)=3.463 active=38/50 pairs=830 NMI=0.6314 ACC=0.4619
2026-08-12 13:38:09,676 - INFO - [round r7 e1] L=-5.1650 MI=-5.1650 PW=12.8547 H(Y|X)=0.079 H(Y)=3.496 active=38/50 pairs=830 NMI=0.6424 ACC=0.4625
2026-08-12 13:38:09,742 - INFO - [round r7 e2] L=-5.1588 MI=-5.1588 PW=13.5715 H(Y|X)=0.076 H(Y)=3.490 active=39/50 pairs=830 NMI=0.6380 ACC=0.4631
2026-08-12 13:38:09,810 - INFO - [round r8 e1] L=-5.1959 MI=-5.1959 PW=13.3218 H(Y|X)=0.081 H(Y)=3.518 active=39/50 pairs=830 NMI=0.6364 ACC=0.4606
2026-08-12 13:38:09,877 - INFO - [round r8 e2] L=-5.1810 MI=-5.1810 PW=13.9926 H(Y|X)=0.073 H(Y)=3.503 active=39/50 pairs=830 NMI=0.6443 ACC=0.4813
2026-08-12 13:38:09,946 - INFO - [round r9 e1] L=-5.1952 MI=-5.1952 PW=13.6329 H(Y|X)=0.065 H(Y)=3.507 active=39/50 pairs=830 NMI=0.6495 ACC=0.4944
2026-08-12 13:38:10,012 - INFO - [round r9 e2] L=-5.1564 MI=-5.1564 PW=12.9109 H(Y|X)=0.057 H(Y)=3.476 active=39/50 pairs=830 NMI=0.6399 ACC=0.4750
2026-08-12 13:38:10,082 - INFO - [round r10 e1] L=-5.1741 MI=-5.1741 PW=13.3954 H(Y|X)=0.064 H(Y)=3.492 active=39/50 pairs=830 NMI=0.6507 ACC=0.4938
2026-08-12 13:38:10,149 - INFO - [round r10 e2] L=-5.1723 MI=-5.1723 PW=13.3582 H(Y|X)=0.055 H(Y)=3.485 active=39/50 pairs=830 NMI=0.6454 ACC=0.4875
2026-08-12 13:38:10,219 - INFO - [round r11 e1] L=-5.1583 MI=-5.1583 PW=13.2530 H(Y|X)=0.062 H(Y)=3.480 active=39/50 pairs=830 NMI=0.6501 ACC=0.4756
2026-08-12 13:38:10,285 - INFO - [round r11 e2] L=-5.1442 MI=-5.1442 PW=13.3546 H(Y|X)=0.057 H(Y)=3.468 active=39/50 pairs=830 NMI=0.6455 ACC=0.4844
2026-08-12 13:38:10,354 - INFO - [round r12 e1] L=-5.2178 MI=-5.2178 PW=13.9548 H(Y|X)=0.059 H(Y)=3.518 active=39/50 pairs=830 NMI=0.6472 ACC=0.4763
2026-08-12 13:38:10,420 - INFO - [round r12 e2] L=-5.2177 MI=-5.2177 PW=13.2969 H(Y|X)=0.061 H(Y)=3.519 active=39/50 pairs=830 NMI=0.6640 ACC=0.5019
2026-08-12 13:38:10,490 - INFO - [round r13 e1] L=-5.2402 MI=-5.2402 PW=13.1286 H(Y|X)=0.043 H(Y)=3.522 active=39/50 pairs=830 NMI=0.6585 ACC=0.4950
2026-08-12 13:38:10,557 - INFO - [round r13 e2] L=-5.1542 MI=-5.1542 PW=13.7191 H(Y|X)=0.052 H(Y)=3.471 active=39/50 pairs=830 NMI=0.6289 ACC=0.4637
2026-08-12 13:38:10,625 - INFO - [round r14 e1] L=-5.1883 MI=-5.1883 PW=13.6731 H(Y|X)=0.043 H(Y)=3.488 active=39/50 pairs=830 NMI=0.6476 ACC=0.4844
2026-08-12 13:38:10,689 - INFO - [round r14 e2] L=-5.2450 MI=-5.2450 PW=13.4178 H(Y|X)=0.050 H(Y)=3.530 active=39/50 pairs=830 NMI=0.6521 ACC=0.5075
2026-08-12 13:38:10,758 - INFO - [round r15 e1] L=-5.2547 MI=-5.2547 PW=13.1807 H(Y|X)=0.050 H(Y)=3.537 active=39/50 pairs=830 NMI=0.6544 ACC=0.5031
2026-08-12 13:38:10,823 - INFO - [round r15 e2] L=-5.2497 MI=-5.2497 PW=13.2927 H(Y|X)=0.043 H(Y)=3.529 active=39/50 pairs=830 NMI=0.6530 ACC=0.4956
2026-08-12 13:38:10,897 - INFO - [round r16 e1] L=-5.2525 MI=-5.2525 PW=14.0276 H(Y|X)=0.049 H(Y)=3.534 active=39/50 pairs=830 NMI=0.6591 ACC=0.5025
2026-08-12 13:38:10,962 - INFO - [round r16 e2] L=-5.2319 MI=-5.2319 PW=13.2980 H(Y|X)=0.052 H(Y)=3.523 active=39/50 pairs=830 NMI=0.6532 ACC=0.4988
2026-08-12 13:38:11,030 - INFO - [round r17 e1] L=-5.2238 MI=-5.2238 PW=13.9160 H(Y|X)=0.046 H(Y)=3.513 active=39/50 pairs=830 NMI=0.6658 ACC=0.5156
2026-08-12 13:38:11,096 - INFO - [round r17 e2] L=-5.2158 MI=-5.2158 PW=13.0214 H(Y|X)=0.041 H(Y)=3.504 active=39/50 pairs=830 NMI=0.6615 ACC=0.5094
2026-08-12 13:38:11,166 - INFO - [round r18 e1] L=-5.2166 MI=-5.2166 PW=13.2658 H(Y|X)=0.042 H(Y)=3.506 active=39/50 pairs=830 NMI=0.6568 ACC=0.5025
2026-08-12 13:38:11,232 - INFO - [round r18 e2] L=-5.2041 MI=-5.2041 PW=13.3181 H(Y|X)=0.041 H(Y)=3.497 active=39/50 pairs=830 NMI=0.6622 ACC=0.5125
2026-08-12 13:38:11,299 - INFO - [round r19 e1] L=-5.2264 MI=-5.2264 PW=13.6344 H(Y|X)=0.044 H(Y)=3.514 active=39/50 pairs=830 NMI=0.6579 ACC=0.5025
2026-08-12 13:38:11,365 - INFO - [round r19 e2] L=-5.1931 MI=-5.1931 PW=13.1489 H(Y|X)=0.041 H(Y)=3.489 active=39/50 pairs=830 NMI=0.6598 ACC=0.5000
2026-08-12 13:38:11,433 - INFO - [round r20 e1] L=-5.1879 MI=-5.1879 PW=12.5931 H(Y|X)=0.036 H(Y)=3.482 active=39/50 pairs=830 NMI=0.6626 ACC=0.5106
2026-08-12 13:38:11,499 - INFO - [round r20 e2] L=-5.1960 MI=-5.1960 PW=13.0975 H(Y|X)=0.040 H(Y)=3.491 active=39/50 pairs=830 NMI=0.6524 ACC=0.4931
2026-08-12 13:38:12,538 - INFO - Artefacts written to results_v2/ddc_phase1/awa2/raw_lam0_s46/
2026-08-12 13:38:12,538 - INFO - === RESULT ===
2026-08-12 13:38:12,538 - INFO - final  NMI=0.6524 ACC=0.4931 ARI=0.3822 active=39/50
2026-08-12 13:38:12,538 - INFO - best   NMI=0.6658 at step 301 (round round 17)
2026-08-12 13:38:12,538 - INFO - TC=0.0 ITF=0.0 (nats)
