2026-08-12 11:20:07,619 - INFO - GPU: NVIDIA GeForce RTX 4090
2026-08-12 11:20:07,672 - INFO - Predicate matrix: 50 classes × 85 attributes
2026-08-12 11:20:07,718 - INFO - Train split: 29857 samples, 50 classes, 85 attributes
2026-08-12 11:20:08,813 - INFO - Loaded cached features (29857, 2048) from cache/resnet101_awa2_full.npz
2026-08-12 11:20:08,825 - INFO - Binary tags (29857, 85) from data/AwA2-data/Animals_with_Attributes2/predicate-matrix-binary.txt (density=0.365)
2026-08-12 11:20:08,851 - INFO - Annotation r=0.5 (instance-level): 813/1600 annotated, 787 mean-imputed
2026-08-12 11:20:08,851 - INFO - === DDC rebuild | awa2 (sanity) | N=1600 | K=50 | M=85 | preproc=zscore | r=0.5 ===
2026-08-12 11:20:11,459 - INFO - Pre-training 10 epochs (g = identity, Algorithm 1 lines 1-2)
2026-08-12 11:20:12,572 - INFO - [pretrain r0 e1] L=-1.9520 MI=-1.9580 PW=0.0060 H(Y|X)=3.907 H(Y)=3.910 active=48/50 pairs=813 NMI=0.3684 ACC=0.2000
2026-08-12 11:20:12,616 - INFO - [pretrain r0 e2] L=-1.9514 MI=-1.9612 PW=0.0098 H(Y|X)=3.906 H(Y)=3.912 active=41/50 pairs=813 NMI=0.4762 ACC=0.2456
2026-08-12 11:20:12,667 - INFO - [pretrain r0 e3] L=-2.0054 MI=-2.0420 PW=0.0366 H(Y|X)=3.812 H(Y)=3.903 active=29/50 pairs=813 NMI=0.5086 ACC=0.2487
2026-08-12 11:20:12,721 - INFO - [pretrain r0 e4] L=-2.3758 MI=-2.6080 PW=0.2322 H(Y|X)=3.097 H(Y)=3.803 active=42/50 pairs=813 NMI=0.6294 ACC=0.3675
2026-08-12 11:20:12,778 - INFO - [pretrain r0 e5] L=-2.7329 MI=-3.1452 PW=0.4123 H(Y|X)=2.567 H(Y)=3.808 active=41/50 pairs=813 NMI=0.7082 ACC=0.4994
2026-08-12 11:20:12,837 - INFO - [pretrain r0 e6] L=-3.0778 MI=-3.5477 PW=0.4699 H(Y|X)=2.157 H(Y)=3.803 active=41/50 pairs=813 NMI=0.7385 ACC=0.5138
2026-08-12 11:20:12,898 - INFO - [pretrain r0 e7] L=-3.3417 MI=-3.9055 PW=0.5638 H(Y|X)=1.768 H(Y)=3.782 active=42/50 pairs=813 NMI=0.7799 ACC=0.5619
2026-08-12 11:20:12,961 - INFO - [pretrain r0 e8] L=-3.7769 MI=-4.2084 PW=0.4315 H(Y|X)=1.370 H(Y)=3.719 active=38/50 pairs=813 NMI=0.7932 ACC=0.6044
2026-08-12 11:20:13,025 - INFO - [pretrain r0 e9] L=-3.8701 MI=-4.4607 PW=0.5906 H(Y|X)=1.070 H(Y)=3.687 active=43/50 pairs=813 NMI=0.8430 ACC=0.7075
2026-08-12 11:20:13,091 - INFO - [pretrain r0 e10] L=-3.9986 MI=-4.6350 PW=0.6364 H(Y|X)=0.911 H(Y)=3.698 active=44/50 pairs=813 NMI=0.8426 ACC=0.7050
2026-08-12 11:23:15,214 - INFO - [ILP] beta=13, 44 active clusters, 85/85 tags kept, 20.4 tags/cluster
2026-08-12 11:23:15,259 - INFO - [round r1 e1] L=-3.9864 MI=-4.7109 PW=0.7245 H(Y|X)=0.807 H(Y)=3.679 active=46/50 pairs=813 NMI=0.8703 ACC=0.7681
2026-08-12 11:23:15,305 - INFO - [round r1 e2] L=-4.0599 MI=-4.9050 PW=0.8451 H(Y|X)=0.640 H(Y)=3.696 active=46/50 pairs=813 NMI=0.8844 ACC=0.7856
2026-08-12 11:24:56,102 - INFO - [ILP] beta=16, 46 active clusters, 63/85 tags kept, 10.3 tags/cluster
2026-08-12 11:24:56,159 - INFO - [round r2 e1] L=-4.2964 MI=-4.9844 PW=0.6880 H(Y|X)=0.541 H(Y)=3.684 active=44/50 pairs=813 NMI=0.8756 ACC=0.7950
2026-08-12 11:24:56,221 - INFO - [round r2 e2] L=-4.1905 MI=-4.9965 PW=0.8060 H(Y|X)=0.430 H(Y)=3.617 active=41/50 pairs=813 NMI=0.8784 ACC=0.7738
2026-08-12 11:25:16,416 - INFO - [ILP] beta=15, 41 active clusters, 85/85 tags kept, 17.0 tags/cluster
2026-08-12 11:25:16,476 - INFO - [round r3 e1] L=-4.4452 MI=-5.0223 PW=0.5772 H(Y|X)=0.408 H(Y)=3.620 active=45/50 pairs=813 NMI=0.8848 ACC=0.7881
2026-08-12 11:25:16,541 - INFO - [round r3 e2] L=-4.4127 MI=-5.0627 PW=0.6500 H(Y|X)=0.347 H(Y)=3.607 active=43/50 pairs=813 NMI=0.8940 ACC=0.8106
2026-08-12 11:25:36,770 - INFO - [ILP] beta=14, 43 active clusters, 64/85 tags kept, 10.5 tags/cluster
2026-08-12 11:25:36,832 - INFO - [round r4 e1] L=-4.4148 MI=-5.1259 PW=0.7112 H(Y|X)=0.380 H(Y)=3.671 active=42/50 pairs=813 NMI=0.8886 ACC=0.7969
2026-08-12 11:25:36,896 - INFO - [round r4 e2] L=-4.3831 MI=-5.1149 PW=0.7318 H(Y|X)=0.339 H(Y)=3.636 active=43/50 pairs=813 NMI=0.8912 ACC=0.8100
2026-08-12 11:27:17,818 - INFO - [ILP] beta=17, 43 active clusters, 38/85 tags kept, 9.4 tags/cluster
2026-08-12 11:27:17,876 - INFO - [round r5 e1] L=-4.0103 MI=-5.0986 PW=1.0883 H(Y|X)=0.362 H(Y)=3.640 active=44/50 pairs=813 NMI=0.8978 ACC=0.8225
2026-08-12 11:27:17,943 - INFO - [round r5 e2] L=-4.1393 MI=-5.0923 PW=0.9529 H(Y|X)=0.423 H(Y)=3.677 active=46/50 pairs=813 NMI=0.8967 ACC=0.8331
2026-08-12 11:28:18,435 - INFO - [ILP] beta=18, 46 active clusters, 82/85 tags kept, 13.8 tags/cluster
2026-08-12 11:28:18,483 - INFO - [round r6 e1] L=-4.0035 MI=-5.1317 PW=1.1282 H(Y|X)=0.429 H(Y)=3.707 active=48/50 pairs=813 NMI=0.8864 ACC=0.7937
2026-08-12 11:28:18,528 - INFO - [round r6 e2] L=-4.3831 MI=-5.1613 PW=0.7782 H(Y|X)=0.425 H(Y)=3.724 active=46/50 pairs=813 NMI=0.9013 ACC=0.8450
2026-08-12 11:28:58,821 - INFO - [ILP] beta=18, 46 active clusters, 85/85 tags kept, 22.2 tags/cluster
2026-08-12 11:28:58,870 - INFO - [round r7 e1] L=-4.4387 MI=-5.2406 PW=0.8020 H(Y|X)=0.355 H(Y)=3.730 active=47/50 pairs=813 NMI=0.8998 ACC=0.8169
2026-08-12 11:28:58,924 - INFO - [round r7 e2] L=-4.5605 MI=-5.2392 PW=0.6787 H(Y|X)=0.330 H(Y)=3.713 active=49/50 pairs=813 NMI=0.8938 ACC=0.8106
2026-08-12 11:29:19,093 - INFO - [ILP] beta=17, 49 active clusters, 64/85 tags kept, 10.3 tags/cluster
2026-08-12 11:29:19,156 - INFO - [round r8 e1] L=-4.4948 MI=-5.2436 PW=0.7488 H(Y|X)=0.318 H(Y)=3.708 active=48/50 pairs=813 NMI=0.8966 ACC=0.8319
2026-08-12 11:29:19,218 - INFO - [round r8 e2] L=-4.6193 MI=-5.2129 PW=0.5936 H(Y|X)=0.337 H(Y)=3.700 active=48/50 pairs=813 NMI=0.8935 ACC=0.8206
2026-08-12 11:30:44,927 - INFO - [ILP] beta=20, 48 active clusters, 33/85 tags kept, 9.3 tags/cluster
2026-08-12 11:30:44,973 - INFO - [round r9 e1] L=-4.3404 MI=-5.2425 PW=0.9021 H(Y|X)=0.324 H(Y)=3.711 active=47/50 pairs=813 NMI=0.9002 ACC=0.8313
2026-08-12 11:30:45,018 - INFO - [round r9 e2] L=-3.9605 MI=-5.2314 PW=1.2709 H(Y|X)=0.348 H(Y)=3.720 active=49/50 pairs=813 NMI=0.8936 ACC=0.8281
2026-08-12 11:31:12,138 - INFO - [ILP] beta=20, 49 active clusters, 42/85 tags kept, 9.2 tags/cluster
2026-08-12 11:31:12,181 - INFO - [round r10 e1] L=-4.4829 MI=-5.1932 PW=0.7103 H(Y|X)=0.352 H(Y)=3.696 active=48/50 pairs=813 NMI=0.8994 ACC=0.8294
2026-08-12 11:31:12,238 - INFO - [round r10 e2] L=-4.3897 MI=-5.1813 PW=0.7915 H(Y|X)=0.367 H(Y)=3.699 active=48/50 pairs=813 NMI=0.8936 ACC=0.8175
2026-08-12 11:31:32,419 - INFO - [ILP] beta=19, 48 active clusters, 80/85 tags kept, 13.1 tags/cluster
2026-08-12 11:31:32,490 - INFO - [round r11 e1] L=-4.6723 MI=-5.1808 PW=0.5086 H(Y|X)=0.347 H(Y)=3.686 active=48/50 pairs=813 NMI=0.8996 ACC=0.8181
2026-08-12 11:31:32,558 - INFO - [round r11 e2] L=-4.4707 MI=-5.2033 PW=0.7326 H(Y|X)=0.322 H(Y)=3.684 active=48/50 pairs=813 NMI=0.8972 ACC=0.8106
2026-08-12 11:32:15,601 - INFO - [ILP] beta=20, 48 active clusters, 32/85 tags kept, 9.3 tags/cluster
2026-08-12 11:32:15,651 - INFO - [round r12 e1] L=-4.2831 MI=-5.2645 PW=0.9814 H(Y|X)=0.295 H(Y)=3.707 active=49/50 pairs=813 NMI=0.8998 ACC=0.8313
2026-08-12 11:32:15,707 - INFO - [round r12 e2] L=-4.7032 MI=-5.2470 PW=0.5438 H(Y|X)=0.332 H(Y)=3.719 active=48/50 pairs=813 NMI=0.8917 ACC=0.8150
2026-08-12 11:32:35,977 - INFO - [ILP] beta=19, 48 active clusters, 49/85 tags kept, 10.3 tags/cluster
2026-08-12 11:32:36,034 - INFO - [round r13 e1] L=-4.2902 MI=-5.1991 PW=0.9090 H(Y|X)=0.349 H(Y)=3.699 active=50/50 pairs=813 NMI=0.8992 ACC=0.8431
2026-08-12 11:32:36,096 - INFO - [round r13 e2] L=-4.3520 MI=-5.2769 PW=0.9249 H(Y|X)=0.304 H(Y)=3.721 active=48/50 pairs=813 NMI=0.8989 ACC=0.8269
2026-08-12 11:32:56,318 - INFO - [ILP] beta=18, 48 active clusters, 78/85 tags kept, 12.8 tags/cluster
2026-08-12 11:32:56,383 - INFO - [round r14 e1] L=-4.4257 MI=-5.2681 PW=0.8423 H(Y|X)=0.305 H(Y)=3.715 active=48/50 pairs=813 NMI=0.8980 ACC=0.8344
2026-08-12 11:32:56,444 - INFO - [round r14 e2] L=-4.8027 MI=-5.2471 PW=0.4444 H(Y|X)=0.320 H(Y)=3.712 active=49/50 pairs=813 NMI=0.8974 ACC=0.8175
2026-08-12 11:33:16,675 - INFO - [ILP] beta=17, 49 active clusters, 62/85 tags kept, 10.2 tags/cluster
2026-08-12 11:33:16,736 - INFO - [round r15 e1] L=-4.6295 MI=-5.2397 PW=0.6102 H(Y|X)=0.337 H(Y)=3.718 active=50/50 pairs=813 NMI=0.8993 ACC=0.8363
2026-08-12 11:33:16,793 - INFO - [round r15 e2] L=-4.6241 MI=-5.2540 PW=0.6300 H(Y|X)=0.329 H(Y)=3.722 active=50/50 pairs=813 NMI=0.9024 ACC=0.8450
2026-08-12 11:33:37,010 - INFO - [ILP] beta=16, 50 active clusters, 60/85 tags kept, 10.6 tags/cluster
2026-08-12 11:33:37,071 - INFO - [round r16 e1] L=-4.6191 MI=-5.2499 PW=0.6308 H(Y|X)=0.309 H(Y)=3.706 active=50/50 pairs=813 NMI=0.8975 ACC=0.8281
2026-08-12 11:33:37,130 - INFO - [round r16 e2] L=-4.4271 MI=-5.2930 PW=0.8660 H(Y|X)=0.292 H(Y)=3.723 active=50/50 pairs=813 NMI=0.8972 ACC=0.8181
2026-08-12 11:33:57,308 - INFO - [ILP] beta=15, 50 active clusters, 56/85 tags kept, 10.1 tags/cluster
2026-08-12 11:33:57,372 - INFO - [round r17 e1] L=-4.6082 MI=-5.2899 PW=0.6817 H(Y|X)=0.284 H(Y)=3.716 active=50/50 pairs=813 NMI=0.8951 ACC=0.8219
2026-08-12 11:33:57,433 - INFO - [round r17 e2] L=-4.6116 MI=-5.2900 PW=0.6784 H(Y|X)=0.280 H(Y)=3.713 active=49/50 pairs=813 NMI=0.8937 ACC=0.8125
2026-08-12 11:34:17,608 - INFO - [ILP] beta=14, 49 active clusters, 60/85 tags kept, 10.4 tags/cluster
2026-08-12 11:34:17,672 - INFO - [round r18 e1] L=-4.4725 MI=-5.2577 PW=0.7852 H(Y|X)=0.302 H(Y)=3.706 active=49/50 pairs=813 NMI=0.8956 ACC=0.8206
2026-08-12 11:34:17,733 - INFO - [round r18 e2] L=-4.5863 MI=-5.2873 PW=0.7010 H(Y|X)=0.267 H(Y)=3.703 active=50/50 pairs=813 NMI=0.8940 ACC=0.8131
2026-08-12 11:36:18,793 - INFO - [ILP] beta=18, 50 active clusters, 85/85 tags kept, 17.3 tags/cluster
2026-08-12 11:36:18,842 - INFO - [round r19 e1] L=-4.7883 MI=-5.3013 PW=0.5130 H(Y|X)=0.272 H(Y)=3.716 active=49/50 pairs=813 NMI=0.8920 ACC=0.8113
2026-08-12 11:36:18,893 - INFO - [round r19 e2] L=-4.8310 MI=-5.2779 PW=0.4469 H(Y|X)=0.288 H(Y)=3.710 active=50/50 pairs=813 NMI=0.8936 ACC=0.8187
2026-08-12 11:37:22,005 - INFO - [ILP] beta=20, 50 active clusters, 44/85 tags kept, 9.3 tags/cluster
2026-08-12 11:37:22,054 - INFO - [round r20 e1] L=-4.5820 MI=-5.3168 PW=0.7348 H(Y|X)=0.257 H(Y)=3.716 active=50/50 pairs=813 NMI=0.8925 ACC=0.8125
2026-08-12 11:37:22,110 - INFO - [round r20 e2] L=-4.8294 MI=-5.2619 PW=0.4326 H(Y|X)=0.268 H(Y)=3.686 active=50/50 pairs=813 NMI=0.8847 ACC=0.7887
2026-08-12 11:38:02,475 - INFO - [ILP] beta=20, 50 active clusters, 49/85 tags kept, 9.7 tags/cluster
2026-08-12 11:38:02,520 - INFO - [round r21 e1] L=-4.4390 MI=-5.2558 PW=0.8168 H(Y|X)=0.269 H(Y)=3.683 active=49/50 pairs=813 NMI=0.8854 ACC=0.7925
2026-08-12 11:38:02,578 - INFO - [round r21 e2] L=-4.6598 MI=-5.2621 PW=0.6023 H(Y|X)=0.299 H(Y)=3.707 active=50/50 pairs=813 NMI=0.8870 ACC=0.7981
2026-08-12 11:38:43,034 - INFO - [ILP] beta=20, 50 active clusters, 41/85 tags kept, 9.3 tags/cluster
2026-08-12 11:38:43,078 - INFO - [round r22 e1] L=-4.8068 MI=-5.2820 PW=0.4752 H(Y|X)=0.304 H(Y)=3.724 active=50/50 pairs=813 NMI=0.8876 ACC=0.7975
2026-08-12 11:38:43,136 - INFO - [round r22 e2] L=-4.6868 MI=-5.2984 PW=0.6117 H(Y|X)=0.273 H(Y)=3.714 active=50/50 pairs=813 NMI=0.8856 ACC=0.7856
2026-08-12 11:39:06,256 - INFO - [ILP] beta=20, 50 active clusters, 38/85 tags kept, 9.3 tags/cluster
2026-08-12 11:39:06,307 - INFO - [round r23 e1] L=-4.6790 MI=-5.3144 PW=0.6353 H(Y|X)=0.273 H(Y)=3.725 active=50/50 pairs=813 NMI=0.8796 ACC=0.7844
2026-08-12 11:39:06,361 - INFO - [round r23 e2] L=-4.8108 MI=-5.3304 PW=0.5196 H(Y|X)=0.254 H(Y)=3.723 active=50/50 pairs=813 NMI=0.8854 ACC=0.8006
2026-08-12 11:39:28,613 - INFO - [ILP] beta=20, 50 active clusters, 41/85 tags kept, 9.4 tags/cluster
2026-08-12 11:39:28,658 - INFO - [round r24 e1] L=-4.5177 MI=-5.3042 PW=0.7865 H(Y|X)=0.276 H(Y)=3.720 active=50/50 pairs=813 NMI=0.8858 ACC=0.7937
2026-08-12 11:39:28,710 - INFO - [round r24 e2] L=-4.8074 MI=-5.2736 PW=0.4661 H(Y|X)=0.284 H(Y)=3.705 active=50/50 pairs=813 NMI=0.8862 ACC=0.7963
2026-08-12 11:39:34,662 - INFO - [ILP] beta=19, 50 active clusters, 45/85 tags kept, 9.4 tags/cluster
2026-08-12 11:39:34,721 - INFO - [round r25 e1] L=-4.9200 MI=-5.3014 PW=0.3814 H(Y|X)=0.275 H(Y)=3.718 active=50/50 pairs=813 NMI=0.8852 ACC=0.7856
2026-08-12 11:39:34,785 - INFO - [round r25 e2] L=-4.5410 MI=-5.3432 PW=0.8022 H(Y|X)=0.252 H(Y)=3.730 active=50/50 pairs=813 NMI=0.8830 ACC=0.7887
2026-08-12 11:39:35,602 - INFO - Artefacts written to results_v2/ddc_phase1/awa2/sanity_mu15/
2026-08-12 11:39:35,602 - INFO - === RESULT ===
2026-08-12 11:39:35,602 - INFO - final  NMI=0.8830 ACC=0.7887 ARI=0.7529 active=50/50
2026-08-12 11:39:35,602 - INFO - best   NMI=0.9024 at step 280 (round round 15)
2026-08-12 11:39:35,602 - INFO - TC=0.8481 ITF=1.1496 (nats)
