2026-08-12 13:36:54,386 - INFO - GPU: NVIDIA GeForce RTX 4090
2026-08-12 13:36:54,440 - INFO - Predicate matrix: 50 classes × 85 attributes
2026-08-12 13:36:54,486 - INFO - Train split: 29857 samples, 50 classes, 85 attributes
2026-08-12 13:36:55,586 - INFO - Loaded cached features (29857, 2048) from cache/resnet101_awa2_full.npz
2026-08-12 13:36:55,598 - INFO - Binary tags (29857, 85) from data/AwA2-data/Animals_with_Attributes2/predicate-matrix-binary.txt (density=0.365)
2026-08-12 13:36:55,607 - INFO - Annotation r=0.5 (instance-level): 819/1600 annotated, 781 mean-imputed
2026-08-12 13:36:55,607 - INFO - === DDC rebuild | awa2 (sanity) | N=1600 | K=50 | M=85 | preproc=none | r=0.5 ===
2026-08-12 13:36:58,293 - INFO - Pre-training 10 epochs (g = identity, Algorithm 1 lines 1-2)
2026-08-12 13:36:59,428 - INFO - [pretrain r0 e1] L=-1.9556 MI=-1.9559 PW=0.0003 H(Y|X)=3.911 H(Y)=3.911 active=20/50 pairs=819 NMI=0.3940 ACC=0.2256
2026-08-12 13:36:59,471 - INFO - [pretrain r0 e2] L=-1.9563 MI=-1.9564 PW=0.0002 H(Y|X)=3.912 H(Y)=3.912 active=26/50 pairs=819 NMI=0.5210 ACC=0.2706
2026-08-12 13:36:59,518 - INFO - [pretrain r0 e3] L=-1.9858 MI=-2.0061 PW=0.0203 H(Y|X)=3.855 H(Y)=3.907 active=11/50 pairs=819 NMI=0.3097 ACC=0.1100
2026-08-12 13:36:59,570 - INFO - [pretrain r0 e4] L=-2.2092 MI=-2.3692 PW=0.1601 H(Y|X)=3.392 H(Y)=3.841 active=18/50 pairs=819 NMI=0.4770 ACC=0.2075
2026-08-12 13:36:59,626 - INFO - [pretrain r0 e5] L=-2.3917 MI=-2.5553 PW=0.1636 H(Y|X)=3.238 H(Y)=3.862 active=18/50 pairs=819 NMI=0.5412 ACC=0.2644
2026-08-12 13:36:59,685 - INFO - [pretrain r0 e6] L=-2.5395 MI=-2.5894 PW=0.0500 H(Y|X)=3.223 H(Y)=3.875 active=16/50 pairs=819 NMI=0.4741 ACC=0.1950
2026-08-12 13:36:59,746 - INFO - [pretrain r0 e7] L=-2.6552 MI=-2.7010 PW=0.0458 H(Y|X)=3.105 H(Y)=3.871 active=26/50 pairs=819 NMI=0.6314 ACC=0.3531
2026-08-12 13:36:59,809 - INFO - [pretrain r0 e8] L=-2.7491 MI=-2.8867 PW=0.1376 H(Y|X)=2.903 H(Y)=3.860 active=25/50 pairs=819 NMI=0.6375 ACC=0.3762
2026-08-12 13:36:59,874 - INFO - [pretrain r0 e9] L=-2.7416 MI=-3.0679 PW=0.3263 H(Y|X)=2.674 H(Y)=3.828 active=26/50 pairs=819 NMI=0.6714 ACC=0.4131
2026-08-12 13:36:59,940 - INFO - [pretrain r0 e10] L=-2.9470 MI=-3.2042 PW=0.2572 H(Y|X)=2.445 H(Y)=3.766 active=27/50 pairs=819 NMI=0.6874 ACC=0.3894
2026-08-12 13:37:00,009 - INFO - [round r1 e1] L=-3.2359 MI=-3.4868 PW=0.2509 H(Y|X)=2.097 H(Y)=3.722 active=36/50 pairs=819 NMI=0.7296 ACC=0.4412
2026-08-12 13:37:00,075 - INFO - [round r1 e2] L=-3.2765 MI=-3.7614 PW=0.4849 H(Y|X)=1.825 H(Y)=3.724 active=34/50 pairs=819 NMI=0.7579 ACC=0.5075
2026-08-12 13:37:00,144 - INFO - [round r2 e1] L=-3.3921 MI=-3.9534 PW=0.5614 H(Y|X)=1.598 H(Y)=3.701 active=38/50 pairs=819 NMI=0.7966 ACC=0.5744
2026-08-12 13:37:00,210 - INFO - [round r2 e2] L=-3.7297 MI=-4.0765 PW=0.3468 H(Y|X)=1.496 H(Y)=3.715 active=39/50 pairs=819 NMI=0.8093 ACC=0.5737
2026-08-12 13:37:00,280 - INFO - [round r3 e1] L=-3.8790 MI=-4.1632 PW=0.2842 H(Y|X)=1.375 H(Y)=3.692 active=37/50 pairs=819 NMI=0.8255 ACC=0.5981
2026-08-12 13:37:00,346 - INFO - [round r3 e2] L=-3.8838 MI=-4.2784 PW=0.3946 H(Y|X)=1.286 H(Y)=3.709 active=34/50 pairs=819 NMI=0.8472 ACC=0.6338
2026-08-12 13:37:00,419 - INFO - [round r4 e1] L=-3.9185 MI=-4.4182 PW=0.4997 H(Y|X)=1.165 H(Y)=3.722 active=39/50 pairs=819 NMI=0.8649 ACC=0.6794
2026-08-12 13:37:00,485 - INFO - [round r4 e2] L=-4.0415 MI=-4.5285 PW=0.4870 H(Y|X)=0.995 H(Y)=3.682 active=36/50 pairs=819 NMI=0.8569 ACC=0.6856
2026-08-12 13:37:00,554 - INFO - [round r5 e1] L=-4.0661 MI=-4.6229 PW=0.5568 H(Y|X)=0.889 H(Y)=3.675 active=40/50 pairs=819 NMI=0.8665 ACC=0.6913
2026-08-12 13:37:00,620 - INFO - [round r5 e2] L=-4.2889 MI=-4.6811 PW=0.3922 H(Y|X)=0.840 H(Y)=3.680 active=40/50 pairs=819 NMI=0.8669 ACC=0.6887
2026-08-12 13:37:00,690 - INFO - [round r6 e1] L=-4.3125 MI=-4.7296 PW=0.4172 H(Y|X)=0.806 H(Y)=3.690 active=41/50 pairs=819 NMI=0.8870 ACC=0.7625
2026-08-12 13:37:00,757 - INFO - [round r6 e2] L=-4.1984 MI=-4.7791 PW=0.5807 H(Y|X)=0.782 H(Y)=3.708 active=42/50 pairs=819 NMI=0.8768 ACC=0.7181
2026-08-12 13:37:00,827 - INFO - [round r7 e1] L=-4.4021 MI=-4.7995 PW=0.3974 H(Y|X)=0.752 H(Y)=3.701 active=45/50 pairs=819 NMI=0.8843 ACC=0.7344
2026-08-12 13:37:00,894 - INFO - [round r7 e2] L=-4.4050 MI=-4.8132 PW=0.4083 H(Y|X)=0.740 H(Y)=3.702 active=45/50 pairs=819 NMI=0.8916 ACC=0.7594
2026-08-12 13:37:00,964 - INFO - [round r8 e1] L=-4.5244 MI=-4.8618 PW=0.3374 H(Y|X)=0.734 H(Y)=3.731 active=46/50 pairs=819 NMI=0.8873 ACC=0.7519
2026-08-12 13:37:01,031 - INFO - [round r8 e2] L=-4.2294 MI=-4.8908 PW=0.6613 H(Y|X)=0.715 H(Y)=3.737 active=43/50 pairs=819 NMI=0.8953 ACC=0.7750
2026-08-12 13:37:01,101 - INFO - [round r9 e1] L=-4.3960 MI=-4.8732 PW=0.4772 H(Y|X)=0.727 H(Y)=3.734 active=44/50 pairs=819 NMI=0.8878 ACC=0.7619
2026-08-12 13:37:01,169 - INFO - [round r9 e2] L=-4.3542 MI=-4.8656 PW=0.5113 H(Y|X)=0.703 H(Y)=3.713 active=45/50 pairs=819 NMI=0.8898 ACC=0.7806
2026-08-12 13:37:01,239 - INFO - [round r10 e1] L=-4.3968 MI=-4.8908 PW=0.4940 H(Y|X)=0.695 H(Y)=3.724 active=48/50 pairs=819 NMI=0.8878 ACC=0.7494
2026-08-12 13:37:01,306 - INFO - [round r10 e2] L=-4.3881 MI=-4.9340 PW=0.5460 H(Y|X)=0.670 H(Y)=3.736 active=47/50 pairs=819 NMI=0.8855 ACC=0.7588
2026-08-12 13:37:01,377 - INFO - [round r11 e1] L=-4.4932 MI=-4.9212 PW=0.4281 H(Y|X)=0.695 H(Y)=3.744 active=45/50 pairs=819 NMI=0.8958 ACC=0.7712
2026-08-12 13:37:01,445 - INFO - [round r11 e2] L=-4.4648 MI=-4.9377 PW=0.4729 H(Y|X)=0.674 H(Y)=3.741 active=47/50 pairs=819 NMI=0.8907 ACC=0.7581
2026-08-12 13:37:01,515 - INFO - [round r12 e1] L=-4.6449 MI=-4.9252 PW=0.2802 H(Y|X)=0.661 H(Y)=3.724 active=45/50 pairs=819 NMI=0.8930 ACC=0.7531
2026-08-12 13:37:01,582 - INFO - [round r12 e2] L=-4.4658 MI=-4.9325 PW=0.4667 H(Y|X)=0.619 H(Y)=3.701 active=47/50 pairs=819 NMI=0.8909 ACC=0.7525
2026-08-12 13:37:01,652 - INFO - [round r13 e1] L=-4.4339 MI=-4.9948 PW=0.5609 H(Y|X)=0.584 H(Y)=3.719 active=49/50 pairs=819 NMI=0.8914 ACC=0.7681
2026-08-12 13:37:01,718 - INFO - [round r13 e2] L=-4.5484 MI=-4.9630 PW=0.4146 H(Y|X)=0.601 H(Y)=3.709 active=48/50 pairs=819 NMI=0.8889 ACC=0.7538
2026-08-12 13:37:01,787 - INFO - [round r14 e1] L=-4.3762 MI=-4.9434 PW=0.5671 H(Y|X)=0.598 H(Y)=3.694 active=47/50 pairs=819 NMI=0.8936 ACC=0.7600
2026-08-12 13:37:01,854 - INFO - [round r14 e2] L=-4.7073 MI=-4.9700 PW=0.2627 H(Y|X)=0.594 H(Y)=3.709 active=46/50 pairs=819 NMI=0.8954 ACC=0.7669
2026-08-12 13:37:01,924 - INFO - [round r15 e1] L=-4.4051 MI=-5.0259 PW=0.6209 H(Y|X)=0.547 H(Y)=3.715 active=49/50 pairs=819 NMI=0.8879 ACC=0.7425
2026-08-12 13:37:01,991 - INFO - [round r15 e2] L=-4.4822 MI=-5.0302 PW=0.5479 H(Y|X)=0.549 H(Y)=3.719 active=48/50 pairs=819 NMI=0.8887 ACC=0.7588
2026-08-12 13:37:02,061 - INFO - [round r16 e1] L=-4.5095 MI=-5.0143 PW=0.5047 H(Y|X)=0.558 H(Y)=3.715 active=48/50 pairs=819 NMI=0.8817 ACC=0.7500
2026-08-12 13:37:02,128 - INFO - [round r16 e2] L=-4.6059 MI=-4.9843 PW=0.3784 H(Y|X)=0.597 H(Y)=3.721 active=47/50 pairs=819 NMI=0.8879 ACC=0.7431
2026-08-12 13:37:02,198 - INFO - [round r17 e1] L=-4.6137 MI=-5.0058 PW=0.3921 H(Y|X)=0.578 H(Y)=3.723 active=49/50 pairs=819 NMI=0.8904 ACC=0.7644
2026-08-12 13:37:02,265 - INFO - [round r17 e2] L=-4.5107 MI=-5.0210 PW=0.5104 H(Y|X)=0.537 H(Y)=3.706 active=45/50 pairs=819 NMI=0.8906 ACC=0.7550
2026-08-12 13:37:02,335 - INFO - [round r18 e1] L=-4.4940 MI=-5.0643 PW=0.5703 H(Y|X)=0.519 H(Y)=3.722 active=48/50 pairs=819 NMI=0.8871 ACC=0.7475
2026-08-12 13:37:02,406 - INFO - [round r18 e2] L=-4.6374 MI=-5.0489 PW=0.4116 H(Y|X)=0.545 H(Y)=3.729 active=50/50 pairs=819 NMI=0.8794 ACC=0.7219
2026-08-12 13:37:02,475 - INFO - [round r19 e1] L=-4.5584 MI=-5.0232 PW=0.4648 H(Y|X)=0.572 H(Y)=3.730 active=50/50 pairs=819 NMI=0.8889 ACC=0.7619
2026-08-12 13:37:02,541 - INFO - [round r19 e2] L=-4.5795 MI=-5.0324 PW=0.4529 H(Y|X)=0.532 H(Y)=3.710 active=49/50 pairs=819 NMI=0.8897 ACC=0.7369
2026-08-12 13:37:02,611 - INFO - [round r20 e1] L=-4.5127 MI=-5.0566 PW=0.5439 H(Y|X)=0.531 H(Y)=3.725 active=50/50 pairs=819 NMI=0.8845 ACC=0.7275
2026-08-12 13:37:02,678 - INFO - [round r20 e2] L=-4.4848 MI=-5.0294 PW=0.5445 H(Y|X)=0.529 H(Y)=3.706 active=49/50 pairs=819 NMI=0.8883 ACC=0.7512
2026-08-12 13:37:03,839 - INFO - Artefacts written to results_v2/ddc_phase1/awa2/raw_mu15_s44/
2026-08-12 13:37:03,839 - INFO - === RESULT ===
2026-08-12 13:37:03,839 - INFO - final  NMI=0.8883 ACC=0.7512 ARI=0.7445 active=49/50
2026-08-12 13:37:03,839 - INFO - best   NMI=0.8958 at step 217 (round round 11)
2026-08-12 13:37:03,839 - INFO - TC=0.0 ITF=0.0 (nats)
