2026-08-12 13:37:21,853 - INFO - GPU: NVIDIA GeForce RTX 4090
2026-08-12 13:37:21,910 - INFO - Predicate matrix: 50 classes × 85 attributes
2026-08-12 13:37:21,957 - INFO - Train split: 29857 samples, 50 classes, 85 attributes
2026-08-12 13:37:23,060 - INFO - Loaded cached features (29857, 2048) from cache/resnet101_awa2_full.npz
2026-08-12 13:37:23,071 - INFO - Binary tags (29857, 85) from data/AwA2-data/Animals_with_Attributes2/predicate-matrix-binary.txt (density=0.365)
2026-08-12 13:37:23,080 - INFO - Annotation r=0.5 (instance-level): 810/1600 annotated, 790 mean-imputed
2026-08-12 13:37:23,080 - INFO - === DDC rebuild | awa2 (sanity) | N=1600 | K=50 | M=85 | preproc=none | r=0.5 ===
2026-08-12 13:37:25,772 - INFO - Pre-training 10 epochs (g = identity, Algorithm 1 lines 1-2)
2026-08-12 13:37:26,914 - INFO - [pretrain r0 e1] L=-1.9556 MI=-1.9559 PW=0.0003 H(Y|X)=3.911 H(Y)=3.911 active=32/50 pairs=810 NMI=0.4226 ACC=0.2356
2026-08-12 13:37:26,957 - INFO - [pretrain r0 e2] L=-1.9560 MI=-1.9561 PW=0.0001 H(Y|X)=3.912 H(Y)=3.912 active=31/50 pairs=810 NMI=0.5605 ACC=0.3206
2026-08-12 13:37:27,006 - INFO - [pretrain r0 e3] L=-1.9631 MI=-1.9666 PW=0.0035 H(Y|X)=3.900 H(Y)=3.911 active=19/50 pairs=810 NMI=0.4704 ACC=0.2031
2026-08-12 13:37:27,059 - INFO - [pretrain r0 e4] L=-2.1405 MI=-2.2238 PW=0.0833 H(Y|X)=3.561 H(Y)=3.856 active=16/50 pairs=810 NMI=0.5398 ACC=0.2319
2026-08-12 13:37:27,115 - INFO - [pretrain r0 e5] L=-2.4054 MI=-2.5548 PW=0.1494 H(Y|X)=3.164 H(Y)=3.812 active=23/50 pairs=810 NMI=0.6069 ACC=0.3312
2026-08-12 13:37:27,174 - INFO - [pretrain r0 e6] L=-2.5467 MI=-2.7255 PW=0.1788 H(Y|X)=3.012 H(Y)=3.825 active=24/50 pairs=810 NMI=0.6125 ACC=0.3294
2026-08-12 13:37:27,240 - INFO - [pretrain r0 e7] L=-2.6116 MI=-2.9633 PW=0.3517 H(Y|X)=2.765 H(Y)=3.819 active=33/50 pairs=810 NMI=0.6667 ACC=0.3775
2026-08-12 13:37:27,302 - INFO - [pretrain r0 e8] L=-2.9354 MI=-3.2120 PW=0.2766 H(Y|X)=2.524 H(Y)=3.824 active=34/50 pairs=810 NMI=0.6998 ACC=0.4375
2026-08-12 13:37:27,366 - INFO - [pretrain r0 e9] L=-2.9372 MI=-3.4921 PW=0.5548 H(Y|X)=2.141 H(Y)=3.755 active=36/50 pairs=810 NMI=0.7258 ACC=0.4531
2026-08-12 13:37:27,432 - INFO - [pretrain r0 e10] L=-3.2672 MI=-3.6986 PW=0.4315 H(Y|X)=1.925 H(Y)=3.749 active=31/50 pairs=810 NMI=0.7463 ACC=0.4850
2026-08-12 13:37:27,501 - INFO - [round r1 e1] L=-3.4395 MI=-3.8757 PW=0.4362 H(Y|X)=1.674 H(Y)=3.700 active=35/50 pairs=810 NMI=0.7824 ACC=0.5613
2026-08-12 13:37:27,566 - INFO - [round r1 e2] L=-3.7250 MI=-4.0671 PW=0.3421 H(Y|X)=1.526 H(Y)=3.729 active=34/50 pairs=810 NMI=0.7883 ACC=0.5350
2026-08-12 13:37:27,636 - INFO - [round r2 e1] L=-3.8263 MI=-4.2232 PW=0.3969 H(Y|X)=1.308 H(Y)=3.688 active=37/50 pairs=810 NMI=0.8160 ACC=0.5844
2026-08-12 13:37:27,702 - INFO - [round r2 e2] L=-3.5135 MI=-4.3420 PW=0.8285 H(Y|X)=1.147 H(Y)=3.659 active=34/50 pairs=810 NMI=0.8171 ACC=0.6181
2026-08-12 13:37:27,771 - INFO - [round r3 e1] L=-3.8744 MI=-4.4014 PW=0.5270 H(Y|X)=1.039 H(Y)=3.627 active=35/50 pairs=810 NMI=0.8269 ACC=0.6112
2026-08-12 13:37:27,838 - INFO - [round r3 e2] L=-4.1283 MI=-4.4690 PW=0.3407 H(Y|X)=1.003 H(Y)=3.648 active=36/50 pairs=810 NMI=0.8461 ACC=0.6781
2026-08-12 13:37:27,907 - INFO - [round r4 e1] L=-3.9813 MI=-4.5260 PW=0.5448 H(Y|X)=0.955 H(Y)=3.654 active=39/50 pairs=810 NMI=0.8508 ACC=0.6737
2026-08-12 13:37:27,973 - INFO - [round r4 e2] L=-4.0482 MI=-4.6173 PW=0.5690 H(Y|X)=0.917 H(Y)=3.690 active=40/50 pairs=810 NMI=0.8643 ACC=0.7381
2026-08-12 13:37:28,043 - INFO - [round r5 e1] L=-4.3070 MI=-4.6459 PW=0.3389 H(Y|X)=0.956 H(Y)=3.735 active=39/50 pairs=810 NMI=0.8684 ACC=0.7194
2026-08-12 13:37:28,110 - INFO - [round r5 e2] L=-4.2682 MI=-4.6736 PW=0.4055 H(Y|X)=0.876 H(Y)=3.700 active=37/50 pairs=810 NMI=0.8692 ACC=0.7412
2026-08-12 13:37:28,178 - INFO - [round r6 e1] L=-4.3481 MI=-4.7393 PW=0.3911 H(Y|X)=0.810 H(Y)=3.699 active=44/50 pairs=810 NMI=0.8748 ACC=0.7400
2026-08-12 13:37:28,244 - INFO - [round r6 e2] L=-4.2500 MI=-4.7520 PW=0.5020 H(Y|X)=0.808 H(Y)=3.707 active=43/50 pairs=810 NMI=0.8732 ACC=0.7369
2026-08-12 13:37:28,314 - INFO - [round r7 e1] L=-4.2917 MI=-4.7964 PW=0.5047 H(Y|X)=0.778 H(Y)=3.716 active=47/50 pairs=810 NMI=0.8773 ACC=0.7475
2026-08-12 13:37:28,380 - INFO - [round r7 e2] L=-4.4214 MI=-4.8396 PW=0.4182 H(Y|X)=0.750 H(Y)=3.726 active=44/50 pairs=810 NMI=0.8803 ACC=0.7494
2026-08-12 13:37:28,449 - INFO - [round r8 e1] L=-4.3983 MI=-4.8698 PW=0.4715 H(Y|X)=0.715 H(Y)=3.723 active=47/50 pairs=810 NMI=0.8796 ACC=0.7375
2026-08-12 13:37:28,515 - INFO - [round r8 e2] L=-4.4077 MI=-4.8696 PW=0.4619 H(Y|X)=0.694 H(Y)=3.709 active=45/50 pairs=810 NMI=0.8766 ACC=0.7219
2026-08-12 13:37:28,584 - INFO - [round r9 e1] L=-4.3729 MI=-4.8683 PW=0.4955 H(Y|X)=0.668 H(Y)=3.691 active=47/50 pairs=810 NMI=0.8773 ACC=0.7019
2026-08-12 13:37:28,651 - INFO - [round r9 e2] L=-4.3578 MI=-4.8698 PW=0.5120 H(Y|X)=0.690 H(Y)=3.707 active=44/50 pairs=810 NMI=0.8854 ACC=0.7412
2026-08-12 13:37:28,725 - INFO - [round r10 e1] L=-4.4410 MI=-4.8588 PW=0.4178 H(Y|X)=0.679 H(Y)=3.692 active=46/50 pairs=810 NMI=0.8780 ACC=0.7200
2026-08-12 13:37:28,790 - INFO - [round r10 e2] L=-4.2283 MI=-4.8939 PW=0.6657 H(Y|X)=0.673 H(Y)=3.711 active=44/50 pairs=810 NMI=0.8815 ACC=0.7350
2026-08-12 13:37:28,860 - INFO - [round r11 e1] L=-4.4526 MI=-4.9136 PW=0.4610 H(Y|X)=0.675 H(Y)=3.726 active=48/50 pairs=810 NMI=0.8822 ACC=0.7206
2026-08-12 13:37:28,926 - INFO - [round r11 e2] L=-4.2708 MI=-4.9164 PW=0.6456 H(Y|X)=0.676 H(Y)=3.728 active=47/50 pairs=810 NMI=0.8831 ACC=0.7400
2026-08-12 13:37:28,995 - INFO - [round r12 e1] L=-4.3780 MI=-4.8911 PW=0.5131 H(Y|X)=0.698 H(Y)=3.726 active=46/50 pairs=810 NMI=0.8836 ACC=0.7244
2026-08-12 13:37:29,061 - INFO - [round r12 e2] L=-4.5408 MI=-4.9491 PW=0.4083 H(Y|X)=0.661 H(Y)=3.740 active=47/50 pairs=810 NMI=0.8870 ACC=0.7350
2026-08-12 13:37:29,130 - INFO - [round r13 e1] L=-4.5194 MI=-4.9608 PW=0.4414 H(Y|X)=0.637 H(Y)=3.732 active=46/50 pairs=810 NMI=0.8872 ACC=0.7212
2026-08-12 13:37:29,197 - INFO - [round r13 e2] L=-4.5074 MI=-4.9669 PW=0.4596 H(Y|X)=0.610 H(Y)=3.718 active=47/50 pairs=810 NMI=0.8856 ACC=0.7269
2026-08-12 13:37:29,266 - INFO - [round r14 e1] L=-4.5416 MI=-4.9957 PW=0.4541 H(Y|X)=0.607 H(Y)=3.735 active=48/50 pairs=810 NMI=0.8819 ACC=0.7275
2026-08-12 13:37:29,332 - INFO - [round r14 e2] L=-4.6562 MI=-5.0049 PW=0.3488 H(Y|X)=0.604 H(Y)=3.739 active=50/50 pairs=810 NMI=0.8767 ACC=0.7169
2026-08-12 13:37:29,402 - INFO - [round r15 e1] L=-4.6100 MI=-5.0182 PW=0.4082 H(Y|X)=0.591 H(Y)=3.739 active=49/50 pairs=810 NMI=0.8823 ACC=0.7075
2026-08-12 13:37:29,468 - INFO - [round r15 e2] L=-4.5108 MI=-5.0277 PW=0.5169 H(Y|X)=0.559 H(Y)=3.724 active=47/50 pairs=810 NMI=0.8880 ACC=0.7444
2026-08-12 13:37:29,537 - INFO - [round r16 e1] L=-4.4573 MI=-5.0018 PW=0.5445 H(Y|X)=0.586 H(Y)=3.725 active=50/50 pairs=810 NMI=0.8803 ACC=0.7238
2026-08-12 13:37:29,604 - INFO - [round r16 e2] L=-4.5259 MI=-5.0245 PW=0.4986 H(Y|X)=0.591 H(Y)=3.744 active=48/50 pairs=810 NMI=0.8725 ACC=0.7006
2026-08-12 13:37:29,673 - INFO - [round r17 e1] L=-4.3815 MI=-5.0199 PW=0.6384 H(Y|X)=0.571 H(Y)=3.727 active=46/50 pairs=810 NMI=0.8876 ACC=0.7212
2026-08-12 13:37:29,740 - INFO - [round r17 e2] L=-4.6576 MI=-5.0008 PW=0.3432 H(Y|X)=0.589 H(Y)=3.727 active=49/50 pairs=810 NMI=0.8765 ACC=0.6894
2026-08-12 13:37:29,809 - INFO - [round r18 e1] L=-4.4150 MI=-5.0391 PW=0.6240 H(Y|X)=0.562 H(Y)=3.734 active=47/50 pairs=810 NMI=0.8853 ACC=0.7300
2026-08-12 13:37:29,876 - INFO - [round r18 e2] L=-4.5849 MI=-5.0440 PW=0.4592 H(Y|X)=0.539 H(Y)=3.722 active=48/50 pairs=810 NMI=0.8799 ACC=0.7069
2026-08-12 13:37:29,945 - INFO - [round r19 e1] L=-4.6866 MI=-5.0383 PW=0.3517 H(Y|X)=0.568 H(Y)=3.737 active=46/50 pairs=810 NMI=0.8935 ACC=0.7475
2026-08-12 13:37:30,011 - INFO - [round r19 e2] L=-4.7096 MI=-5.0443 PW=0.3346 H(Y|X)=0.532 H(Y)=3.717 active=48/50 pairs=810 NMI=0.8878 ACC=0.7369
2026-08-12 13:37:30,081 - INFO - [round r20 e1] L=-4.7468 MI=-5.1122 PW=0.3654 H(Y|X)=0.497 H(Y)=3.739 active=50/50 pairs=810 NMI=0.8895 ACC=0.7344
2026-08-12 13:37:30,148 - INFO - [round r20 e2] L=-4.6106 MI=-5.1322 PW=0.5216 H(Y|X)=0.459 H(Y)=3.727 active=48/50 pairs=810 NMI=0.8887 ACC=0.7256
2026-08-12 13:37:31,312 - INFO - Artefacts written to results_v2/ddc_phase1/awa2/raw_mu15_s45/
2026-08-12 13:37:31,313 - INFO - === RESULT ===
2026-08-12 13:37:31,313 - INFO - final  NMI=0.8887 ACC=0.7256 ARI=0.7076 active=48/50
2026-08-12 13:37:31,313 - INFO - best   NMI=0.8935 at step 329 (round round 19)
2026-08-12 13:37:31,313 - INFO - TC=0.0 ITF=0.0 (nats)
