2026-08-12 13:40:01,657 - INFO - GPU: NVIDIA GeForce RTX 4090
2026-08-12 13:40:01,717 - INFO - Predicate matrix: 50 classes × 85 attributes
2026-08-12 13:40:01,765 - INFO - Train split: 29857 samples, 50 classes, 85 attributes
2026-08-12 13:40:02,882 - INFO - Loaded cached features (29857, 2048) from cache/resnet101_awa2_full.npz
2026-08-12 13:40:02,894 - INFO - Binary tags (29857, 85) from data/AwA2-data/Animals_with_Attributes2/predicate-matrix-binary.txt (density=0.365)
2026-08-12 13:40:02,903 - INFO - Annotation r=0.5 (instance-level): 813/1600 annotated, 787 mean-imputed
2026-08-12 13:40:02,904 - INFO - === DDC rebuild | awa2 (sanity) | N=1600 | K=50 | M=85 | preproc=none | r=0.5 ===
2026-08-12 13:40:05,602 - INFO - Pre-training 10 epochs (g = identity, Algorithm 1 lines 1-2)
2026-08-12 13:40:06,738 - INFO - [pretrain r0 e1] L=-0.9781 MI=-0.9786 PW=0.0005 H(Y|X)=3.911 H(Y)=3.912 active=34/50 pairs=813 NMI=0.5645 ACC=0.3044
2026-08-12 13:40:06,781 - INFO - [pretrain r0 e2] L=-1.0506 MI=-1.1123 PW=0.0617 H(Y|X)=3.758 H(Y)=3.897 active=32/50 pairs=813 NMI=0.5938 ACC=0.3150
2026-08-12 13:40:06,831 - INFO - [pretrain r0 e3] L=-1.3811 MI=-1.6201 PW=0.2390 H(Y|X)=3.169 H(Y)=3.831 active=26/50 pairs=813 NMI=0.5755 ACC=0.2831
2026-08-12 13:40:06,885 - INFO - [pretrain r0 e4] L=-1.6443 MI=-2.0178 PW=0.3735 H(Y|X)=2.635 H(Y)=3.722 active=20/50 pairs=813 NMI=0.6401 ACC=0.3113
2026-08-12 13:40:06,942 - INFO - [pretrain r0 e5] L=-1.9120 MI=-2.3239 PW=0.4119 H(Y|X)=2.178 H(Y)=3.601 active=26/50 pairs=813 NMI=0.6999 ACC=0.4206
2026-08-12 13:40:07,001 - INFO - [pretrain r0 e6] L=-2.2647 MI=-2.6147 PW=0.3500 H(Y|X)=1.887 H(Y)=3.602 active=25/50 pairs=813 NMI=0.7482 ACC=0.4850
2026-08-12 13:40:07,067 - INFO - [pretrain r0 e7] L=-2.3181 MI=-2.8772 PW=0.5592 H(Y|X)=1.521 H(Y)=3.518 active=28/50 pairs=813 NMI=0.7558 ACC=0.4825
2026-08-12 13:40:07,129 - INFO - [pretrain r0 e8] L=-2.6995 MI=-3.0162 PW=0.3167 H(Y|X)=1.252 H(Y)=3.415 active=25/50 pairs=813 NMI=0.7944 ACC=0.5138
2026-08-12 13:40:07,195 - INFO - [pretrain r0 e9] L=-2.8379 MI=-3.2128 PW=0.3749 H(Y|X)=0.995 H(Y)=3.366 active=26/50 pairs=813 NMI=0.8080 ACC=0.5437
2026-08-12 13:40:07,261 - INFO - [pretrain r0 e10] L=-2.8606 MI=-3.3837 PW=0.5232 H(Y|X)=0.883 H(Y)=3.413 active=29/50 pairs=813 NMI=0.8195 ACC=0.5631
2026-08-12 13:40:07,330 - INFO - [round r1 e1] L=-2.8776 MI=-3.3830 PW=0.5053 H(Y|X)=0.808 H(Y)=3.353 active=30/50 pairs=813 NMI=0.8405 ACC=0.6238
2026-08-12 13:40:07,396 - INFO - [round r1 e2] L=-2.9212 MI=-3.5033 PW=0.5821 H(Y|X)=0.744 H(Y)=3.398 active=35/50 pairs=813 NMI=0.8466 ACC=0.6325
2026-08-12 13:40:07,465 - INFO - [round r2 e1] L=-3.1208 MI=-3.5751 PW=0.4544 H(Y|X)=0.650 H(Y)=3.380 active=32/50 pairs=813 NMI=0.8479 ACC=0.6444
2026-08-12 13:40:07,531 - INFO - [round r2 e2] L=-3.1981 MI=-3.5982 PW=0.4001 H(Y|X)=0.588 H(Y)=3.349 active=33/50 pairs=813 NMI=0.8635 ACC=0.6556
2026-08-12 13:40:07,600 - INFO - [round r3 e1] L=-3.2606 MI=-3.6633 PW=0.4027 H(Y|X)=0.564 H(Y)=3.382 active=32/50 pairs=813 NMI=0.8654 ACC=0.6544
2026-08-12 13:40:07,666 - INFO - [round r3 e2] L=-3.1908 MI=-3.7119 PW=0.5211 H(Y|X)=0.524 H(Y)=3.388 active=36/50 pairs=813 NMI=0.8758 ACC=0.7075
2026-08-12 13:40:07,737 - INFO - [round r4 e1] L=-3.4266 MI=-3.8066 PW=0.3800 H(Y|X)=0.483 H(Y)=3.432 active=38/50 pairs=813 NMI=0.8735 ACC=0.6906
2026-08-12 13:40:07,805 - INFO - [round r4 e2] L=-3.2048 MI=-3.8319 PW=0.6271 H(Y|X)=0.484 H(Y)=3.453 active=39/50 pairs=813 NMI=0.8699 ACC=0.6775
2026-08-12 13:40:07,872 - INFO - [round r5 e1] L=-3.1954 MI=-3.8233 PW=0.6279 H(Y|X)=0.486 H(Y)=3.448 active=39/50 pairs=813 NMI=0.8685 ACC=0.6775
2026-08-12 13:40:07,937 - INFO - [round r5 e2] L=-3.2894 MI=-3.8215 PW=0.5321 H(Y|X)=0.461 H(Y)=3.426 active=36/50 pairs=813 NMI=0.8769 ACC=0.6900
2026-08-12 13:40:08,005 - INFO - [round r6 e1] L=-3.1540 MI=-3.8435 PW=0.6895 H(Y|X)=0.520 H(Y)=3.491 active=37/50 pairs=813 NMI=0.8872 ACC=0.7075
2026-08-12 13:40:08,071 - INFO - [round r6 e2] L=-3.3570 MI=-3.8408 PW=0.4838 H(Y|X)=0.576 H(Y)=3.533 active=40/50 pairs=813 NMI=0.8831 ACC=0.7212
2026-08-12 13:40:08,140 - INFO - [round r7 e1] L=-3.2349 MI=-3.8449 PW=0.6100 H(Y|X)=0.641 H(Y)=3.589 active=41/50 pairs=813 NMI=0.8829 ACC=0.7288
2026-08-12 13:40:08,204 - INFO - [round r7 e2] L=-3.4396 MI=-3.8843 PW=0.4447 H(Y|X)=0.584 H(Y)=3.574 active=39/50 pairs=813 NMI=0.8838 ACC=0.7125
2026-08-12 13:40:08,273 - INFO - [round r8 e1] L=-3.3395 MI=-3.9446 PW=0.6051 H(Y|X)=0.519 H(Y)=3.571 active=42/50 pairs=813 NMI=0.8754 ACC=0.7063
2026-08-12 13:40:08,339 - INFO - [round r8 e2] L=-3.4956 MI=-3.9495 PW=0.4540 H(Y|X)=0.484 H(Y)=3.547 active=42/50 pairs=813 NMI=0.8885 ACC=0.7256
2026-08-12 13:40:08,408 - INFO - [round r9 e1] L=-3.3192 MI=-3.9741 PW=0.6549 H(Y|X)=0.506 H(Y)=3.584 active=42/50 pairs=813 NMI=0.8884 ACC=0.7188
2026-08-12 13:40:08,474 - INFO - [round r9 e2] L=-3.2984 MI=-3.9637 PW=0.6653 H(Y|X)=0.578 H(Y)=3.633 active=43/50 pairs=813 NMI=0.8895 ACC=0.7400
2026-08-12 13:40:08,548 - INFO - [round r10 e1] L=-3.3494 MI=-3.9332 PW=0.5838 H(Y|X)=0.559 H(Y)=3.593 active=43/50 pairs=813 NMI=0.8821 ACC=0.7212
2026-08-12 13:40:08,613 - INFO - [round r10 e2] L=-3.5037 MI=-3.9393 PW=0.4356 H(Y|X)=0.560 H(Y)=3.600 active=42/50 pairs=813 NMI=0.8866 ACC=0.7281
2026-08-12 13:40:08,681 - INFO - [round r11 e1] L=-3.5424 MI=-3.9638 PW=0.4214 H(Y|X)=0.535 H(Y)=3.599 active=44/50 pairs=813 NMI=0.8900 ACC=0.7506
2026-08-12 13:40:08,747 - INFO - [round r11 e2] L=-3.5186 MI=-4.0024 PW=0.4838 H(Y|X)=0.520 H(Y)=3.618 active=45/50 pairs=813 NMI=0.8905 ACC=0.7506
2026-08-12 13:40:08,815 - INFO - [round r12 e1] L=-3.4410 MI=-4.0381 PW=0.5971 H(Y|X)=0.523 H(Y)=3.649 active=43/50 pairs=813 NMI=0.8995 ACC=0.7519
2026-08-12 13:40:08,882 - INFO - [round r12 e2] L=-3.5613 MI=-4.0406 PW=0.4792 H(Y|X)=0.504 H(Y)=3.636 active=41/50 pairs=813 NMI=0.8937 ACC=0.7506
2026-08-12 13:40:08,951 - INFO - [round r13 e1] L=-3.4741 MI=-4.0439 PW=0.5697 H(Y|X)=0.494 H(Y)=3.630 active=44/50 pairs=813 NMI=0.8960 ACC=0.7456
2026-08-12 13:40:09,017 - INFO - [round r13 e2] L=-3.4448 MI=-4.0696 PW=0.6248 H(Y|X)=0.513 H(Y)=3.666 active=41/50 pairs=813 NMI=0.8899 ACC=0.7356
2026-08-12 13:40:09,086 - INFO - [round r14 e1] L=-3.4152 MI=-4.0369 PW=0.6217 H(Y|X)=0.542 H(Y)=3.663 active=45/50 pairs=813 NMI=0.8988 ACC=0.7625
2026-08-12 13:40:09,153 - INFO - [round r14 e2] L=-3.6924 MI=-4.0237 PW=0.3314 H(Y|X)=0.568 H(Y)=3.673 active=46/50 pairs=813 NMI=0.8979 ACC=0.7825
2026-08-12 13:40:09,222 - INFO - [round r15 e1] L=-3.6171 MI=-4.0496 PW=0.4325 H(Y|X)=0.531 H(Y)=3.664 active=47/50 pairs=813 NMI=0.8931 ACC=0.7512
2026-08-12 13:40:09,289 - INFO - [round r15 e2] L=-3.6476 MI=-4.1122 PW=0.4647 H(Y|X)=0.457 H(Y)=3.655 active=44/50 pairs=813 NMI=0.8985 ACC=0.7712
2026-08-12 13:40:09,358 - INFO - [round r16 e1] L=-3.6709 MI=-4.1121 PW=0.4413 H(Y|X)=0.455 H(Y)=3.654 active=45/50 pairs=813 NMI=0.8993 ACC=0.7550
2026-08-12 13:40:09,424 - INFO - [round r16 e2] L=-3.6053 MI=-4.1443 PW=0.5389 H(Y|X)=0.454 H(Y)=3.679 active=46/50 pairs=813 NMI=0.8976 ACC=0.7650
2026-08-12 13:40:09,492 - INFO - [round r17 e1] L=-3.7499 MI=-4.1162 PW=0.3663 H(Y|X)=0.451 H(Y)=3.654 active=47/50 pairs=813 NMI=0.8936 ACC=0.7638
2026-08-12 13:40:09,557 - INFO - [round r17 e2] L=-3.5640 MI=-4.1371 PW=0.5730 H(Y|X)=0.466 H(Y)=3.683 active=47/50 pairs=813 NMI=0.8927 ACC=0.7294
2026-08-12 13:40:09,627 - INFO - [round r18 e1] L=-3.6093 MI=-4.1322 PW=0.5229 H(Y|X)=0.459 H(Y)=3.673 active=48/50 pairs=813 NMI=0.9026 ACC=0.7662
2026-08-12 13:40:09,693 - INFO - [round r18 e2] L=-3.6166 MI=-4.1279 PW=0.5113 H(Y|X)=0.471 H(Y)=3.679 active=48/50 pairs=813 NMI=0.8992 ACC=0.7550
2026-08-12 13:40:09,762 - INFO - [round r19 e1] L=-3.7148 MI=-4.1192 PW=0.4044 H(Y|X)=0.475 H(Y)=3.675 active=46/50 pairs=813 NMI=0.9023 ACC=0.7837
2026-08-12 13:40:09,828 - INFO - [round r19 e2] L=-3.8086 MI=-4.1008 PW=0.2922 H(Y|X)=0.472 H(Y)=3.658 active=45/50 pairs=813 NMI=0.8978 ACC=0.7750
2026-08-12 13:40:09,896 - INFO - [round r20 e1] L=-3.7073 MI=-4.1538 PW=0.4466 H(Y|X)=0.423 H(Y)=3.662 active=46/50 pairs=813 NMI=0.9017 ACC=0.7875
2026-08-12 13:40:09,962 - INFO - [round r20 e2] L=-3.8633 MI=-4.1467 PW=0.2834 H(Y|X)=0.429 H(Y)=3.660 active=49/50 pairs=813 NMI=0.8994 ACC=0.7738
2026-08-12 13:40:11,099 - INFO - Artefacts written to results_v2/ddc_phase1/awa2/raw_mu125/
2026-08-12 13:40:11,099 - INFO - === RESULT ===
2026-08-12 13:40:11,099 - INFO - final  NMI=0.8994 ACC=0.7738 ARI=0.7513 active=49/50
2026-08-12 13:40:11,099 - INFO - best   NMI=0.9026 at step 315 (round round 18)
2026-08-12 13:40:11,099 - INFO - TC=0.0 ITF=0.0 (nats)
