2026-08-12 12:01:22,553 - INFO - GPU: NVIDIA GeForce RTX 4090
2026-08-12 12:01:22,606 - INFO - Predicate matrix: 50 classes × 85 attributes
2026-08-12 12:01:22,651 - INFO - Train split: 29857 samples, 50 classes, 85 attributes
2026-08-12 12:01:23,740 - INFO - Loaded cached features (29857, 2048) from cache/resnet101_awa2_full.npz
2026-08-12 12:01:23,752 - INFO - Binary tags (29857, 85) from data/AwA2-data/Animals_with_Attributes2/predicate-matrix-binary.txt (density=0.365)
2026-08-12 12:01:23,760 - INFO - Annotation r=0.5 (instance-level): 813/1600 annotated, 787 mean-imputed
2026-08-12 12:01:23,760 - INFO - === DDC rebuild | awa2 (sanity) | N=1600 | K=50 | M=85 | preproc=none | r=0.5 ===
2026-08-12 12:01:26,386 - INFO - Pre-training 10 epochs (g = identity, Algorithm 1 lines 1-2)
2026-08-12 12:01:27,504 - INFO - [pretrain r0 e1] L=-1.9557 MI=-1.9559 PW=0.0002 H(Y|X)=3.911 H(Y)=3.912 active=21/50 pairs=813 NMI=0.3981 ACC=0.2288
2026-08-12 12:01:27,545 - INFO - [pretrain r0 e2] L=-1.9563 MI=-1.9565 PW=0.0002 H(Y|X)=3.911 H(Y)=3.912 active=37/50 pairs=813 NMI=0.5459 ACC=0.2744
2026-08-12 12:01:27,591 - INFO - [pretrain r0 e3] L=-1.9886 MI=-2.0060 PW=0.0175 H(Y|X)=3.859 H(Y)=3.910 active=20/50 pairs=813 NMI=0.4478 ACC=0.1806
2026-08-12 12:01:27,642 - INFO - [pretrain r0 e4] L=-2.2519 MI=-2.4342 PW=0.1823 H(Y|X)=3.357 H(Y)=3.861 active=25/50 pairs=813 NMI=0.5428 ACC=0.2619
2026-08-12 12:01:27,698 - INFO - [pretrain r0 e5] L=-2.5144 MI=-2.8552 PW=0.3408 H(Y|X)=2.861 H(Y)=3.811 active=33/50 pairs=813 NMI=0.6450 ACC=0.3969
2026-08-12 12:01:27,755 - INFO - [pretrain r0 e6] L=-2.7979 MI=-3.1065 PW=0.3085 H(Y|X)=2.609 H(Y)=3.810 active=25/50 pairs=813 NMI=0.6509 ACC=0.3419
2026-08-12 12:01:27,816 - INFO - [pretrain r0 e7] L=-2.8331 MI=-3.2981 PW=0.4650 H(Y|X)=2.334 H(Y)=3.755 active=32/50 pairs=813 NMI=0.7117 ACC=0.4306
2026-08-12 12:01:27,878 - INFO - [pretrain r0 e8] L=-3.1866 MI=-3.4258 PW=0.2391 H(Y|X)=2.182 H(Y)=3.738 active=29/50 pairs=813 NMI=0.7404 ACC=0.5062
2026-08-12 12:01:27,943 - INFO - [pretrain r0 e9] L=-3.3634 MI=-3.5787 PW=0.2154 H(Y|X)=1.985 H(Y)=3.709 active=36/50 pairs=813 NMI=0.7810 ACC=0.5869
2026-08-12 12:01:28,007 - INFO - [pretrain r0 e10] L=-3.4642 MI=-3.8048 PW=0.3405 H(Y|X)=1.810 H(Y)=3.743 active=32/50 pairs=813 NMI=0.7838 ACC=0.5719
2026-08-12 12:04:49,745 - INFO - [ILP] beta=13, 32 active clusters, 40/85 tags kept, 9.5 tags/cluster
2026-08-12 12:04:49,816 - INFO - [round r1 e1] L=-3.4789 MI=-4.0376 PW=0.5587 H(Y|X)=1.557 H(Y)=3.729 active=39/50 pairs=813 NMI=0.7848 ACC=0.5500
2026-08-12 12:04:49,880 - INFO - [round r1 e2] L=-3.4525 MI=-4.2024 PW=0.7498 H(Y|X)=1.360 H(Y)=3.709 active=37/50 pairs=813 NMI=0.8256 ACC=0.6300
2026-08-12 12:06:10,446 - INFO - [ILP] beta=15, 37 active clusters, 38/85 tags kept, 9.5 tags/cluster
2026-08-12 12:06:10,508 - INFO - [round r2 e1] L=-3.7942 MI=-4.3388 PW=0.5445 H(Y|X)=1.219 H(Y)=3.705 active=39/50 pairs=813 NMI=0.8332 ACC=0.6656
2026-08-12 12:06:10,568 - INFO - [round r2 e2] L=-3.6019 MI=-4.3967 PW=0.7948 H(Y|X)=1.115 H(Y)=3.674 active=39/50 pairs=813 NMI=0.8583 ACC=0.6975
2026-08-12 12:06:30,754 - INFO - [ILP] beta=14, 39 active clusters, 59/85 tags kept, 10.5 tags/cluster
2026-08-12 12:06:30,818 - INFO - [round r3 e1] L=-3.9749 MI=-4.4840 PW=0.5091 H(Y|X)=1.072 H(Y)=3.704 active=41/50 pairs=813 NMI=0.8716 ACC=0.7306
2026-08-12 12:06:30,880 - INFO - [round r3 e2] L=-4.1282 MI=-4.5843 PW=0.4561 H(Y|X)=0.951 H(Y)=3.690 active=46/50 pairs=813 NMI=0.8801 ACC=0.7344
2026-08-12 12:07:11,251 - INFO - [ILP] beta=14, 46 active clusters, 85/85 tags kept, 19.7 tags/cluster
2026-08-12 12:07:11,320 - INFO - [round r4 e1] L=-4.3113 MI=-4.7382 PW=0.4270 H(Y|X)=0.818 H(Y)=3.704 active=41/50 pairs=813 NMI=0.8873 ACC=0.7656
2026-08-12 12:07:11,381 - INFO - [round r4 e2] L=-4.1296 MI=-4.7833 PW=0.6537 H(Y|X)=0.785 H(Y)=3.713 active=43/50 pairs=813 NMI=0.8899 ACC=0.7738
2026-08-12 12:08:52,168 - INFO - [ILP] beta=17, 43 active clusters, 49/85 tags kept, 10.2 tags/cluster
2026-08-12 12:08:52,238 - INFO - [round r5 e1] L=-4.1010 MI=-4.8279 PW=0.7269 H(Y|X)=0.697 H(Y)=3.683 active=43/50 pairs=813 NMI=0.8887 ACC=0.7475
2026-08-12 12:08:52,301 - INFO - [round r5 e2] L=-4.1542 MI=-4.8255 PW=0.6713 H(Y|X)=0.697 H(Y)=3.682 active=41/50 pairs=813 NMI=0.8948 ACC=0.7675
2026-08-12 12:09:12,615 - INFO - [ILP] beta=16, 41 active clusters, 49/85 tags kept, 10.2 tags/cluster
2026-08-12 12:09:12,677 - INFO - [round r6 e1] L=-3.9197 MI=-4.8781 PW=0.9583 H(Y|X)=0.686 H(Y)=3.710 active=42/50 pairs=813 NMI=0.9070 ACC=0.8163
2026-08-12 12:09:12,737 - INFO - [round r6 e2] L=-4.2237 MI=-4.9118 PW=0.6881 H(Y|X)=0.696 H(Y)=3.739 active=44/50 pairs=813 NMI=0.9044 ACC=0.8113
2026-08-12 12:10:33,365 - INFO - [ILP] beta=18, 44 active clusters, 43/85 tags kept, 9.9 tags/cluster
2026-08-12 12:10:33,412 - INFO - [round r7 e1] L=-4.2581 MI=-4.9153 PW=0.6573 H(Y|X)=0.704 H(Y)=3.746 active=46/50 pairs=813 NMI=0.9120 ACC=0.8500
2026-08-12 12:10:33,468 - INFO - [round r7 e2] L=-4.4155 MI=-4.9300 PW=0.5144 H(Y|X)=0.714 H(Y)=3.763 active=46/50 pairs=813 NMI=0.9066 ACC=0.8156
2026-08-12 12:11:33,927 - INFO - [ILP] beta=19, 46 active clusters, 51/85 tags kept, 10.0 tags/cluster
2026-08-12 12:11:33,974 - INFO - [round r8 e1] L=-4.2744 MI=-4.9689 PW=0.6945 H(Y|X)=0.652 H(Y)=3.747 active=46/50 pairs=813 NMI=0.9130 ACC=0.8413
2026-08-12 12:11:34,030 - INFO - [round r8 e2] L=-4.3996 MI=-4.9775 PW=0.5780 H(Y|X)=0.611 H(Y)=3.725 active=45/50 pairs=813 NMI=0.9155 ACC=0.8263
2026-08-12 12:11:54,210 - INFO - [ILP] beta=18, 45 active clusters, 50/85 tags kept, 10.1 tags/cluster
2026-08-12 12:11:54,274 - INFO - [round r9 e1] L=-3.9948 MI=-4.9938 PW=0.9990 H(Y|X)=0.610 H(Y)=3.736 active=47/50 pairs=813 NMI=0.9181 ACC=0.8456
2026-08-12 12:11:54,334 - INFO - [round r9 e2] L=-4.1526 MI=-5.0207 PW=0.8681 H(Y|X)=0.593 H(Y)=3.742 active=46/50 pairs=813 NMI=0.9136 ACC=0.8431
2026-08-12 12:12:34,657 - INFO - [ILP] beta=18, 46 active clusters, 82/85 tags kept, 15.5 tags/cluster
2026-08-12 12:12:34,705 - INFO - [round r10 e1] L=-4.3297 MI=-4.9885 PW=0.6589 H(Y|X)=0.609 H(Y)=3.732 active=44/50 pairs=813 NMI=0.9155 ACC=0.8506
2026-08-12 12:12:34,761 - INFO - [round r10 e2] L=-4.5293 MI=-5.0399 PW=0.5105 H(Y|X)=0.574 H(Y)=3.742 active=47/50 pairs=813 NMI=0.9084 ACC=0.8337
2026-08-12 12:13:15,084 - INFO - [ILP] beta=18, 47 active clusters, 84/85 tags kept, 13.9 tags/cluster
2026-08-12 12:13:15,137 - INFO - [round r11 e1] L=-4.5618 MI=-5.0040 PW=0.4422 H(Y|X)=0.595 H(Y)=3.732 active=47/50 pairs=813 NMI=0.9117 ACC=0.8363
2026-08-12 12:13:15,195 - INFO - [round r11 e2] L=-4.4976 MI=-5.0309 PW=0.5332 H(Y|X)=0.569 H(Y)=3.733 active=45/50 pairs=813 NMI=0.9067 ACC=0.8069
2026-08-12 12:14:15,727 - INFO - [ILP] beta=19, 45 active clusters, 83/85 tags kept, 16.8 tags/cluster
2026-08-12 12:14:15,772 - INFO - [round r12 e1] L=-4.4295 MI=-5.0631 PW=0.6336 H(Y|X)=0.551 H(Y)=3.743 active=48/50 pairs=813 NMI=0.9133 ACC=0.8419
2026-08-12 12:14:15,815 - INFO - [round r12 e2] L=-4.5788 MI=-5.0626 PW=0.4838 H(Y|X)=0.550 H(Y)=3.742 active=48/50 pairs=813 NMI=0.9096 ACC=0.8469
2026-08-12 12:15:16,317 - INFO - [ILP] beta=20, 48 active clusters, 52/85 tags kept, 10.2 tags/cluster
2026-08-12 12:15:16,362 - INFO - [round r13 e1] L=-4.2666 MI=-5.0511 PW=0.7844 H(Y|X)=0.543 H(Y)=3.730 active=48/50 pairs=813 NMI=0.9081 ACC=0.8456
2026-08-12 12:15:16,415 - INFO - [round r13 e2] L=-4.3638 MI=-5.0332 PW=0.6694 H(Y|X)=0.565 H(Y)=3.732 active=47/50 pairs=813 NMI=0.9114 ACC=0.8438
2026-08-12 12:15:36,564 - INFO - [ILP] beta=19, 47 active clusters, 85/85 tags kept, 17.0 tags/cluster
2026-08-12 12:15:36,627 - INFO - [round r14 e1] L=-4.3774 MI=-5.0069 PW=0.6296 H(Y|X)=0.626 H(Y)=3.755 active=47/50 pairs=813 NMI=0.9137 ACC=0.8462
2026-08-12 12:15:36,688 - INFO - [round r14 e2] L=-4.6242 MI=-5.0191 PW=0.3949 H(Y|X)=0.625 H(Y)=3.763 active=49/50 pairs=813 NMI=0.9139 ACC=0.8381
2026-08-12 12:16:17,047 - INFO - [ILP] beta=19, 49 active clusters, 85/85 tags kept, 19.2 tags/cluster
2026-08-12 12:16:17,096 - INFO - [round r15 e1] L=-4.5433 MI=-5.0806 PW=0.5372 H(Y|X)=0.585 H(Y)=3.777 active=47/50 pairs=813 NMI=0.9159 ACC=0.8619
2026-08-12 12:16:17,153 - INFO - [round r15 e2] L=-4.6343 MI=-5.1409 PW=0.5066 H(Y|X)=0.497 H(Y)=3.759 active=50/50 pairs=813 NMI=0.9125 ACC=0.8500
2026-08-12 12:17:42,168 - INFO - [ILP] beta=22, 50 active clusters, 35/85 tags kept, 9.2 tags/cluster
2026-08-12 12:17:42,215 - INFO - [round r16 e1] L=-4.4441 MI=-5.1293 PW=0.6853 H(Y|X)=0.486 H(Y)=3.743 active=49/50 pairs=813 NMI=0.9164 ACC=0.8675
2026-08-12 12:17:42,271 - INFO - [round r16 e2] L=-4.3233 MI=-5.1515 PW=0.8282 H(Y|X)=0.517 H(Y)=3.779 active=48/50 pairs=813 NMI=0.9171 ACC=0.8562
2026-08-12 12:17:45,244 - INFO - [ILP] beta=21, 48 active clusters, 38/85 tags kept, 9.2 tags/cluster
2026-08-12 12:17:45,296 - INFO - [round r17 e1] L=-4.4834 MI=-5.0929 PW=0.6095 H(Y|X)=0.579 H(Y)=3.782 active=48/50 pairs=813 NMI=0.9277 ACC=0.8900
2026-08-12 12:17:45,355 - INFO - [round r17 e2] L=-4.4892 MI=-5.1113 PW=0.6222 H(Y|X)=0.561 H(Y)=3.781 active=50/50 pairs=813 NMI=0.9185 ACC=0.8656
2026-08-12 12:18:11,844 - INFO - [ILP] beta=21, 50 active clusters, 37/85 tags kept, 9.2 tags/cluster
2026-08-12 12:18:11,890 - INFO - [round r18 e1] L=-4.5384 MI=-5.1204 PW=0.5820 H(Y|X)=0.535 H(Y)=3.770 active=49/50 pairs=813 NMI=0.9186 ACC=0.8519
2026-08-12 12:18:11,947 - INFO - [round r18 e2] L=-4.5645 MI=-5.1601 PW=0.5956 H(Y|X)=0.503 H(Y)=3.776 active=49/50 pairs=813 NMI=0.9192 ACC=0.8562
2026-08-12 12:18:52,252 - INFO - [ILP] beta=21, 49 active clusters, 42/85 tags kept, 9.2 tags/cluster
2026-08-12 12:18:52,302 - INFO - [round r19 e1] L=-4.6404 MI=-5.1527 PW=0.5123 H(Y|X)=0.491 H(Y)=3.762 active=49/50 pairs=813 NMI=0.9208 ACC=0.8612
2026-08-12 12:18:52,359 - INFO - [round r19 e2] L=-4.6555 MI=-5.1648 PW=0.5093 H(Y|X)=0.472 H(Y)=3.758 active=50/50 pairs=813 NMI=0.9160 ACC=0.8481
2026-08-12 12:19:12,523 - INFO - [ILP] beta=20, 50 active clusters, 83/85 tags kept, 17.1 tags/cluster
2026-08-12 12:19:12,582 - INFO - [round r20 e1] L=-4.5972 MI=-5.1730 PW=0.5758 H(Y|X)=0.450 H(Y)=3.749 active=50/50 pairs=813 NMI=0.9154 ACC=0.8431
2026-08-12 12:19:12,639 - INFO - [round r20 e2] L=-4.7714 MI=-5.1003 PW=0.3290 H(Y|X)=0.494 H(Y)=3.730 active=49/50 pairs=813 NMI=0.9150 ACC=0.8494
2026-08-12 12:19:13,458 - INFO - Artefacts written to results_v2/ddc_phase1/awa2/mu15_raw/
2026-08-12 12:19:13,458 - INFO - === RESULT ===
2026-08-12 12:19:13,458 - INFO - final  NMI=0.9150 ACC=0.8494 ARI=0.8305 active=49/50
2026-08-12 12:19:13,458 - INFO - best   NMI=0.9277 at step 301 (round round 17)
2026-08-12 12:19:13,459 - INFO - TC=0.5568 ITF=1.3317 (nats)
