2026-08-16 03:29:16,516 - INFO - GPU: NVIDIA GeForce RTX 4090
2026-08-16 03:29:16,558 - INFO - Predicate matrix: 50 classes × 85 attributes
2026-08-16 03:29:16,602 - INFO - Train split: 29857 samples, 50 classes, 85 attributes
2026-08-16 03:29:17,654 - INFO - Loaded cached features (29857, 2048) from cache/resnet101_awa2_full.npz
2026-08-16 03:29:17,666 - INFO - Binary tags (29857, 85) from data/AwA2-data/Animals_with_Attributes2/predicate-matrix-binary.txt (density=0.365)
2026-08-16 03:29:17,865 - INFO - Annotation r=0.5 (instance-level): 14855/29857 annotated, 15002 mean-imputed
2026-08-16 03:29:17,865 - INFO - === DDC rebuild | awa2 | N=29857 | K=50 | M=85 | preproc=none | r=0.5 ===
2026-08-16 03:29:20,450 - INFO - Pre-training 10 epochs (g = identity, Algorithm 1 lines 1-2)
2026-08-16 03:29:22,695 - INFO - [pretrain r0 e1] L=-2.8464 MI=-3.2634 PW=0.4171 H(Y|X)=2.470 H(Y)=3.822 active=46/50 pairs=14855 sameclass=0.9216 NMI=0.8217 ACC=0.6481
2026-08-16 03:29:23,867 - INFO - [pretrain r0 e2] L=-4.1480 MI=-4.7192 PW=0.5713 H(Y|X)=0.906 H(Y)=3.750 active=48/50 pairs=14855 sameclass=0.9188 NMI=0.8755 ACC=0.7235
2026-08-16 03:29:25,040 - INFO - [pretrain r0 e3] L=-4.4737 MI=-4.9490 PW=0.4753 H(Y|X)=0.675 H(Y)=3.750 active=50/50 pairs=14855 sameclass=0.9208 NMI=0.8978 ACC=0.7776
2026-08-16 03:29:26,213 - INFO - [pretrain r0 e4] L=-4.6354 MI=-5.0308 PW=0.3954 H(Y|X)=0.575 H(Y)=3.737 active=49/50 pairs=14855 sameclass=0.9214 NMI=0.9013 ACC=0.7566
2026-08-16 03:29:27,384 - INFO - [pretrain r0 e5] L=-4.7302 MI=-5.0828 PW=0.3526 H(Y|X)=0.517 H(Y)=3.733 active=50/50 pairs=14855 sameclass=0.9208 NMI=0.9018 ACC=0.7603
2026-08-16 03:29:28,545 - INFO - [pretrain r0 e6] L=-4.7922 MI=-5.1087 PW=0.3165 H(Y|X)=0.492 H(Y)=3.734 active=50/50 pairs=14855 sameclass=0.9183 NMI=0.9049 ACC=0.7870
2026-08-16 03:29:29,709 - INFO - [pretrain r0 e7] L=-4.8389 MI=-5.1293 PW=0.2904 H(Y|X)=0.467 H(Y)=3.731 active=50/50 pairs=14855 sameclass=0.9206 NMI=0.9043 ACC=0.7684
2026-08-16 03:29:30,878 - INFO - [pretrain r0 e8] L=-4.8428 MI=-5.1327 PW=0.2899 H(Y|X)=0.463 H(Y)=3.730 active=50/50 pairs=14855 sameclass=0.9179 NMI=0.9068 ACC=0.7824
2026-08-16 03:29:32,048 - INFO - [pretrain r0 e9] L=-4.8871 MI=-5.1541 PW=0.2670 H(Y|X)=0.443 H(Y)=3.731 active=50/50 pairs=14855 sameclass=0.9216 NMI=0.9072 ACC=0.7590
2026-08-16 03:29:33,215 - INFO - [pretrain r0 e10] L=-4.8872 MI=-5.1648 PW=0.2776 H(Y|X)=0.430 H(Y)=3.730 active=50/50 pairs=14855 sameclass=0.9198 NMI=0.9161 ACC=0.8014
2026-08-16 03:29:34,450 - INFO - [round r1 e1] L=-4.8868 MI=-5.1667 PW=0.2799 H(Y|X)=0.432 H(Y)=3.733 active=48/50 pairs=14855 sameclass=0.9194 NMI=0.9082 ACC=0.7799
2026-08-16 03:29:35,617 - INFO - [round r1 e2] L=-4.9004 MI=-5.1738 PW=0.2734 H(Y|X)=0.425 H(Y)=3.733 active=49/50 pairs=14855 sameclass=0.9178 NMI=0.9114 ACC=0.7851
2026-08-16 03:29:36,859 - INFO - [round r2 e1] L=-4.9220 MI=-5.1800 PW=0.2580 H(Y|X)=0.420 H(Y)=3.733 active=49/50 pairs=14855 sameclass=0.9215 NMI=0.9072 ACC=0.7653
2026-08-16 03:29:38,025 - INFO - [round r2 e2] L=-4.9272 MI=-5.1801 PW=0.2529 H(Y|X)=0.418 H(Y)=3.732 active=50/50 pairs=14855 sameclass=0.9227 NMI=0.9107 ACC=0.7934
2026-08-16 03:29:39,266 - INFO - [round r3 e1] L=-4.9311 MI=-5.1892 PW=0.2581 H(Y|X)=0.412 H(Y)=3.734 active=48/50 pairs=14855 sameclass=0.9227 NMI=0.9156 ACC=0.7945
2026-08-16 03:29:40,431 - INFO - [round r3 e2] L=-4.9283 MI=-5.1906 PW=0.2623 H(Y|X)=0.410 H(Y)=3.734 active=50/50 pairs=14855 sameclass=0.9214 NMI=0.9091 ACC=0.7685
2026-08-16 03:29:41,673 - INFO - [round r4 e1] L=-4.9219 MI=-5.1817 PW=0.2598 H(Y|X)=0.415 H(Y)=3.731 active=50/50 pairs=14855 sameclass=0.9185 NMI=0.9107 ACC=0.7862
2026-08-16 03:29:42,839 - INFO - [round r4 e2] L=-4.9202 MI=-5.1853 PW=0.2651 H(Y|X)=0.415 H(Y)=3.733 active=49/50 pairs=14855 sameclass=0.9194 NMI=0.9125 ACC=0.7950
2026-08-16 03:29:44,076 - INFO - [round r5 e1] L=-4.9347 MI=-5.1852 PW=0.2505 H(Y|X)=0.414 H(Y)=3.733 active=50/50 pairs=14855 sameclass=0.92 NMI=0.9078 ACC=0.7925
2026-08-16 03:29:45,243 - INFO - [round r5 e2] L=-4.9073 MI=-5.1800 PW=0.2727 H(Y|X)=0.424 H(Y)=3.736 active=50/50 pairs=14855 sameclass=0.9165 NMI=0.9091 ACC=0.7686
2026-08-16 03:29:46,479 - INFO - [round r6 e1] L=-4.8560 MI=-5.1724 PW=0.3164 H(Y|X)=0.427 H(Y)=3.733 active=50/50 pairs=14855 sameclass=0.9204 NMI=0.9064 ACC=0.8042
2026-08-16 03:29:47,603 - INFO - [round r6 e2] L=-4.7007 MI=-5.1519 PW=0.4512 H(Y|X)=0.443 H(Y)=3.730 active=49/50 pairs=14855 sameclass=0.92 NMI=0.9107 ACC=0.7722
2026-08-16 03:29:48,853 - INFO - [round r7 e1] L=-4.7303 MI=-5.1543 PW=0.4240 H(Y|X)=0.441 H(Y)=3.730 active=50/50 pairs=14855 sameclass=0.9218 NMI=0.9085 ACC=0.7903
2026-08-16 03:29:50,019 - INFO - [round r7 e2] L=-4.8670 MI=-5.1758 PW=0.3088 H(Y|X)=0.428 H(Y)=3.736 active=50/50 pairs=14855 sameclass=0.9197 NMI=0.9118 ACC=0.7921
2026-08-16 03:29:51,262 - INFO - [round r8 e1] L=-4.9112 MI=-5.1815 PW=0.2703 H(Y|X)=0.416 H(Y)=3.732 active=49/50 pairs=14855 sameclass=0.9188 NMI=0.9122 ACC=0.7957
2026-08-16 03:29:52,432 - INFO - [round r8 e2] L=-4.9260 MI=-5.1902 PW=0.2643 H(Y|X)=0.408 H(Y)=3.732 active=49/50 pairs=14855 sameclass=0.9206 NMI=0.9046 ACC=0.7658
2026-08-16 03:29:53,639 - INFO - [round r9 e1] L=-4.9479 MI=-5.1920 PW=0.2441 H(Y|X)=0.406 H(Y)=3.732 active=50/50 pairs=14855 sameclass=0.9211 NMI=0.9119 ACC=0.7953
2026-08-16 03:29:54,809 - INFO - [round r9 e2] L=-4.9287 MI=-5.1926 PW=0.2639 H(Y|X)=0.409 H(Y)=3.734 active=50/50 pairs=14855 sameclass=0.9166 NMI=0.9116 ACC=0.7759
2026-08-16 03:29:56,048 - INFO - [round r10 e1] L=-4.9425 MI=-5.1965 PW=0.2540 H(Y|X)=0.403 H(Y)=3.733 active=50/50 pairs=14855 sameclass=0.9194 NMI=0.9142 ACC=0.8170
2026-08-16 03:29:57,213 - INFO - [round r10 e2] L=-4.9503 MI=-5.1973 PW=0.2471 H(Y|X)=0.402 H(Y)=3.733 active=50/50 pairs=14855 sameclass=0.9187 NMI=0.9106 ACC=0.7905
2026-08-16 03:29:58,462 - INFO - [round r11 e1] L=-4.9482 MI=-5.1966 PW=0.2483 H(Y|X)=0.404 H(Y)=3.734 active=50/50 pairs=14855 sameclass=0.9188 NMI=0.9121 ACC=0.7992
2026-08-16 03:29:59,625 - INFO - [round r11 e2] L=-4.9467 MI=-5.2031 PW=0.2563 H(Y|X)=0.396 H(Y)=3.733 active=49/50 pairs=14855 sameclass=0.9198 NMI=0.9168 ACC=0.8083
2026-08-16 03:30:00,867 - INFO - [round r12 e1] L=-4.9430 MI=-5.1992 PW=0.2562 H(Y|X)=0.401 H(Y)=3.733 active=50/50 pairs=14855 sameclass=0.9197 NMI=0.9144 ACC=0.7987
2026-08-16 03:30:02,033 - INFO - [round r12 e2] L=-4.9494 MI=-5.2002 PW=0.2507 H(Y|X)=0.401 H(Y)=3.734 active=50/50 pairs=14855 sameclass=0.9196 NMI=0.9070 ACC=0.7677
2026-08-16 03:30:03,270 - INFO - [round r13 e1] L=-4.9530 MI=-5.2060 PW=0.2530 H(Y|X)=0.396 H(Y)=3.735 active=50/50 pairs=14855 sameclass=0.9195 NMI=0.9109 ACC=0.7921
2026-08-16 03:30:04,434 - INFO - [round r13 e2] L=-4.9644 MI=-5.2070 PW=0.2427 H(Y|X)=0.391 H(Y)=3.732 active=50/50 pairs=14855 sameclass=0.9212 NMI=0.9126 ACC=0.7885
2026-08-16 03:30:05,677 - INFO - [round r14 e1] L=-4.9586 MI=-5.2035 PW=0.2449 H(Y|X)=0.394 H(Y)=3.731 active=50/50 pairs=14855 sameclass=0.9184 NMI=0.9129 ACC=0.8047
2026-08-16 03:30:06,849 - INFO - [round r14 e2] L=-4.9622 MI=-5.2050 PW=0.2427 H(Y|X)=0.398 H(Y)=3.735 active=49/50 pairs=14855 sameclass=0.9206 NMI=0.9192 ACC=0.8165
2026-08-16 03:30:08,090 - INFO - [round r15 e1] L=-4.9689 MI=-5.2064 PW=0.2374 H(Y|X)=0.397 H(Y)=3.735 active=50/50 pairs=14855 sameclass=0.9189 NMI=0.9179 ACC=0.8147
2026-08-16 03:30:09,259 - INFO - [round r15 e2] L=-4.9569 MI=-5.2010 PW=0.2441 H(Y|X)=0.396 H(Y)=3.732 active=50/50 pairs=14855 sameclass=0.9206 NMI=0.9146 ACC=0.8008
2026-08-16 03:30:10,497 - INFO - [round r16 e1] L=-4.9624 MI=-5.2067 PW=0.2443 H(Y|X)=0.396 H(Y)=3.735 active=50/50 pairs=14855 sameclass=0.9185 NMI=0.9141 ACC=0.7915
2026-08-16 03:30:11,662 - INFO - [round r16 e2] L=-4.9722 MI=-5.2093 PW=0.2371 H(Y|X)=0.393 H(Y)=3.735 active=50/50 pairs=14855 sameclass=0.9202 NMI=0.9179 ACC=0.8099
2026-08-16 03:30:12,904 - INFO - [round r17 e1] L=-4.9613 MI=-5.2027 PW=0.2414 H(Y|X)=0.396 H(Y)=3.732 active=50/50 pairs=14855 sameclass=0.9192 NMI=0.9166 ACC=0.8095
2026-08-16 03:30:14,067 - INFO - [round r17 e2] L=-4.9731 MI=-5.2093 PW=0.2362 H(Y|X)=0.390 H(Y)=3.733 active=50/50 pairs=14855 sameclass=0.9203 NMI=0.9183 ACC=0.8056
2026-08-16 03:30:15,313 - INFO - [round r18 e1] L=-4.9633 MI=-5.2077 PW=0.2443 H(Y|X)=0.393 H(Y)=3.734 active=50/50 pairs=14855 sameclass=0.9187 NMI=0.9155 ACC=0.8024
2026-08-16 03:30:16,482 - INFO - [round r18 e2] L=-4.9626 MI=-5.2009 PW=0.2383 H(Y|X)=0.399 H(Y)=3.733 active=50/50 pairs=14855 sameclass=0.9164 NMI=0.9158 ACC=0.8008
2026-08-16 03:30:17,725 - INFO - [round r19 e1] L=-4.9701 MI=-5.2064 PW=0.2362 H(Y|X)=0.395 H(Y)=3.734 active=50/50 pairs=14855 sameclass=0.9192 NMI=0.9193 ACC=0.8120
2026-08-16 03:30:18,891 - INFO - [round r19 e2] L=-4.9753 MI=-5.2100 PW=0.2348 H(Y|X)=0.385 H(Y)=3.730 active=50/50 pairs=14855 sameclass=0.921 NMI=0.9104 ACC=0.7807
2026-08-16 03:30:20,130 - INFO - [round r20 e1] L=-4.9656 MI=-5.2084 PW=0.2428 H(Y|X)=0.387 H(Y)=3.730 active=50/50 pairs=14855 sameclass=0.919 NMI=0.9113 ACC=0.7936
2026-08-16 03:30:21,305 - INFO - [round r20 e2] L=-4.9854 MI=-5.2128 PW=0.2274 H(Y|X)=0.383 H(Y)=3.730 active=50/50 pairs=14855 sameclass=0.9215 NMI=0.9182 ACC=0.8213
2026-08-16 03:30:22,373 - INFO - Artefacts written to results_v2/ddc_phase1/awa2/full_mu15_a3_noilp_s42/
2026-08-16 03:30:22,373 - INFO - === RESULT ===
2026-08-16 03:30:22,373 - INFO - final  NMI=0.9182 ACC=0.8213 ARI=0.8194 active=50/50
2026-08-16 03:30:22,373 - INFO - best   NMI=0.9193 at step 5499 (round round 19)
2026-08-16 03:30:22,373 - INFO - TC=0.0 ITF=0.0 (nats)
