2026-08-15 02:12:07,741 - INFO - GPU: NVIDIA GeForce RTX 4090
2026-08-15 02:12:07,784 - INFO - Predicate matrix: 50 classes × 85 attributes
2026-08-15 02:12:07,828 - INFO - Train split: 29857 samples, 50 classes, 85 attributes
2026-08-15 02:12:08,875 - INFO - Loaded cached features (29857, 2048) from cache/resnet101_awa2_full.npz
2026-08-15 02:12:08,887 - INFO - Binary tags (29857, 85) from data/AwA2-data/Animals_with_Attributes2/predicate-matrix-binary.txt (density=0.365)
2026-08-15 02:12:08,896 - INFO - Annotation r=0.5 (instance-level): 830/1600 annotated, 770 mean-imputed
2026-08-15 02:12:08,896 - INFO - === DDC rebuild | awa2 (sanity) | N=1600 | K=50 | M=85 | preproc=none | r=0.5 ===
2026-08-15 02:12:11,452 - INFO - Pre-training 10 epochs (g = identity, Algorithm 1 lines 1-2)
2026-08-15 02:12:12,759 - INFO - [pretrain r0 e1] L=-1.9556 MI=-1.9559 PW=0.0003 H(Y|X)=3.911 H(Y)=3.912 active=23/50 pairs=830 NMI=0.3858 ACC=0.2250
2026-08-15 02:12:12,799 - INFO - [pretrain r0 e2] L=-1.9561 MI=-1.9562 PW=0.0001 H(Y|X)=3.912 H(Y)=3.912 active=37/50 pairs=830 NMI=0.5706 ACC=0.3106
2026-08-15 02:12:12,844 - INFO - [pretrain r0 e3] L=-1.9607 MI=-1.9696 PW=0.0089 H(Y|X)=3.897 H(Y)=3.911 active=17/50 pairs=830 NMI=0.4384 ACC=0.1994
2026-08-15 02:12:12,894 - INFO - [pretrain r0 e4] L=-2.0859 MI=-2.2103 PW=0.1244 H(Y|X)=3.617 H(Y)=3.885 active=21/50 pairs=830 NMI=0.5624 ACC=0.2794
2026-08-15 02:12:12,948 - INFO - [pretrain r0 e5] L=-2.3962 MI=-2.6202 PW=0.2240 H(Y|X)=3.100 H(Y)=3.813 active=34/50 pairs=830 NMI=0.5862 ACC=0.3488
2026-08-15 02:12:13,004 - INFO - [pretrain r0 e6] L=-2.7164 MI=-2.9082 PW=0.1917 H(Y|X)=2.819 H(Y)=3.818 active=28/50 pairs=830 NMI=0.6273 ACC=0.4031
2026-08-15 02:12:13,062 - INFO - [pretrain r0 e7] L=-2.8178 MI=-3.1565 PW=0.3387 H(Y|X)=2.558 H(Y)=3.810 active=28/50 pairs=830 NMI=0.6997 ACC=0.4569
2026-08-15 02:12:13,127 - INFO - [pretrain r0 e8] L=-3.0182 MI=-3.3824 PW=0.3642 H(Y|X)=2.326 H(Y)=3.806 active=33/50 pairs=830 NMI=0.7280 ACC=0.4963
2026-08-15 02:12:13,190 - INFO - [pretrain r0 e9] L=-3.2578 MI=-3.6172 PW=0.3593 H(Y|X)=2.094 H(Y)=3.807 active=35/50 pairs=830 NMI=0.7615 ACC=0.5275
2026-08-15 02:12:13,253 - INFO - [pretrain r0 e10] L=-3.4218 MI=-3.8363 PW=0.4145 H(Y|X)=1.846 H(Y)=3.788 active=37/50 pairs=830 NMI=0.7719 ACC=0.5575
2026-08-15 02:54:12,289 - INFO - GPU: NVIDIA GeForce RTX 4090
2026-08-15 02:54:12,332 - INFO - Predicate matrix: 50 classes × 85 attributes
2026-08-15 02:54:12,376 - INFO - Train split: 29857 samples, 50 classes, 85 attributes
2026-08-15 02:54:13,425 - INFO - Loaded cached features (29857, 2048) from cache/resnet101_awa2_full.npz
2026-08-15 02:54:13,437 - INFO - Binary tags (29857, 85) from data/AwA2-data/Animals_with_Attributes2/predicate-matrix-binary.txt (density=0.365)
2026-08-15 02:54:13,446 - INFO - Annotation r=0.5 (instance-level): 830/1600 annotated, 770 mean-imputed
2026-08-15 02:54:13,446 - INFO - === DDC rebuild | awa2 (sanity) | N=1600 | K=50 | M=85 | preproc=none | r=0.5 ===
2026-08-15 02:54:15,923 - INFO - Pre-training 10 epochs (g = identity, Algorithm 1 lines 1-2)
2026-08-15 02:54:17,195 - INFO - [pretrain r0 e1] L=-1.9556 MI=-1.9559 PW=0.0003 H(Y|X)=3.911 H(Y)=3.912 active=23/50 pairs=830 NMI=0.3858 ACC=0.2250
2026-08-15 02:54:17,236 - INFO - [pretrain r0 e2] L=-1.9561 MI=-1.9562 PW=0.0001 H(Y|X)=3.912 H(Y)=3.912 active=37/50 pairs=830 NMI=0.5706 ACC=0.3106
2026-08-15 02:54:17,282 - INFO - [pretrain r0 e3] L=-1.9607 MI=-1.9696 PW=0.0089 H(Y|X)=3.897 H(Y)=3.911 active=17/50 pairs=830 NMI=0.4384 ACC=0.1994
2026-08-15 02:54:17,335 - INFO - [pretrain r0 e4] L=-2.0859 MI=-2.2103 PW=0.1244 H(Y|X)=3.617 H(Y)=3.885 active=21/50 pairs=830 NMI=0.5624 ACC=0.2794
2026-08-15 02:54:17,390 - INFO - [pretrain r0 e5] L=-2.3962 MI=-2.6202 PW=0.2240 H(Y|X)=3.100 H(Y)=3.813 active=34/50 pairs=830 NMI=0.5862 ACC=0.3488
2026-08-15 02:54:17,446 - INFO - [pretrain r0 e6] L=-2.7164 MI=-2.9082 PW=0.1917 H(Y|X)=2.819 H(Y)=3.818 active=28/50 pairs=830 NMI=0.6273 ACC=0.4031
2026-08-15 02:54:17,503 - INFO - [pretrain r0 e7] L=-2.8178 MI=-3.1565 PW=0.3387 H(Y|X)=2.558 H(Y)=3.810 active=28/50 pairs=830 NMI=0.6997 ACC=0.4569
2026-08-15 02:54:17,563 - INFO - [pretrain r0 e8] L=-3.0182 MI=-3.3824 PW=0.3642 H(Y|X)=2.326 H(Y)=3.806 active=33/50 pairs=830 NMI=0.7280 ACC=0.4963
2026-08-15 02:54:17,625 - INFO - [pretrain r0 e9] L=-3.2578 MI=-3.6172 PW=0.3593 H(Y|X)=2.094 H(Y)=3.807 active=35/50 pairs=830 NMI=0.7615 ACC=0.5275
2026-08-15 02:54:17,688 - INFO - [pretrain r0 e10] L=-3.4218 MI=-3.8363 PW=0.4145 H(Y|X)=1.846 H(Y)=3.788 active=37/50 pairs=830 NMI=0.7719 ACC=0.5575
2026-08-15 02:54:39,924 - INFO - [ILP] beta=3, 37 active clusters, 50/85 tags kept, 4.0 tags/cluster
2026-08-15 02:54:39,988 - INFO - [round r1 e1] L=-3.4778 MI=-4.0192 PW=0.5413 H(Y|X)=1.644 H(Y)=3.775 active=39/50 pairs=830 NMI=0.7975 ACC=0.5887
2026-08-15 02:54:40,049 - INFO - [round r1 e2] L=-3.7668 MI=-4.1526 PW=0.3858 H(Y|X)=1.477 H(Y)=3.753 active=34/50 pairs=830 NMI=0.8269 ACC=0.6169
2026-08-15 02:55:01,208 - INFO - [ILP] beta=3, 34 active clusters, 50/85 tags kept, 4.0 tags/cluster
2026-08-15 02:55:01,273 - INFO - [round r2 e1] L=-3.8291 MI=-4.3050 PW=0.4758 H(Y|X)=1.282 H(Y)=3.725 active=36/50 pairs=830 NMI=0.8120 ACC=0.6088
2026-08-15 02:55:01,335 - INFO - [round r2 e2] L=-3.8516 MI=-4.3960 PW=0.5444 H(Y|X)=1.133 H(Y)=3.686 active=31/50 pairs=830 NMI=0.8450 ACC=0.6519
2026-08-15 02:55:22,228 - INFO - [ILP] beta=3, 31 active clusters, 49/85 tags kept, 4.0 tags/cluster
2026-08-15 02:55:22,298 - INFO - [round r3 e1] L=-3.8097 MI=-4.4638 PW=0.6542 H(Y|X)=1.080 H(Y)=3.696 active=35/50 pairs=830 NMI=0.8635 ACC=0.6975
2026-08-15 02:55:22,361 - INFO - [round r3 e2] L=-3.9499 MI=-4.5279 PW=0.5780 H(Y|X)=1.060 H(Y)=3.725 active=37/50 pairs=830 NMI=0.8604 ACC=0.6956
2026-08-15 02:55:45,298 - INFO - [ILP] beta=3, 37 active clusters, 48/85 tags kept, 4.0 tags/cluster
2026-08-15 02:55:45,367 - INFO - [round r4 e1] L=-4.1342 MI=-4.6016 PW=0.4673 H(Y|X)=1.042 H(Y)=3.762 active=40/50 pairs=830 NMI=0.8694 ACC=0.7375
2026-08-15 02:55:45,428 - INFO - [round r4 e2] L=-4.1309 MI=-4.6861 PW=0.5551 H(Y|X)=0.986 H(Y)=3.781 active=41/50 pairs=830 NMI=0.8762 ACC=0.7438
2026-08-15 02:56:07,745 - INFO - [ILP] beta=3, 41 active clusters, 55/85 tags kept, 4.0 tags/cluster
2026-08-15 02:56:07,809 - INFO - [round r5 e1] L=-4.1630 MI=-4.7132 PW=0.5502 H(Y|X)=0.899 H(Y)=3.741 active=42/50 pairs=830 NMI=0.8787 ACC=0.7344
2026-08-15 02:56:07,869 - INFO - [round r5 e2] L=-4.2227 MI=-4.7488 PW=0.5261 H(Y|X)=0.875 H(Y)=3.749 active=44/50 pairs=830 NMI=0.8800 ACC=0.7350
2026-08-15 02:56:42,231 - INFO - [ILP] beta=3, 44 active clusters, 60/85 tags kept, 4.0 tags/cluster
2026-08-15 02:56:42,294 - INFO - [round r6 e1] L=-4.3133 MI=-4.7914 PW=0.4782 H(Y|X)=0.834 H(Y)=3.751 active=46/50 pairs=830 NMI=0.8823 ACC=0.7419
2026-08-15 02:56:42,355 - INFO - [round r6 e2] L=-4.2504 MI=-4.8624 PW=0.6119 H(Y|X)=0.748 H(Y)=3.740 active=44/50 pairs=830 NMI=0.8972 ACC=0.7744
2026-08-15 02:57:06,740 - INFO - [ILP] beta=3, 44 active clusters, 57/85 tags kept, 4.0 tags/cluster
2026-08-15 02:57:06,807 - INFO - [round r7 e1] L=-4.5383 MI=-4.8914 PW=0.3530 H(Y|X)=0.707 H(Y)=3.732 active=46/50 pairs=830 NMI=0.8896 ACC=0.7706
2026-08-15 02:57:06,865 - INFO - [round r7 e2] L=-4.4426 MI=-4.9402 PW=0.4976 H(Y|X)=0.674 H(Y)=3.742 active=47/50 pairs=830 NMI=0.8843 ACC=0.7625
2026-08-15 02:57:48,789 - INFO - [ILP] beta=4, 47 active clusters, 50/85 tags kept, 4.0 tags/cluster
2026-08-15 02:57:48,852 - INFO - [round r8 e1] L=-4.1188 MI=-4.9345 PW=0.8157 H(Y|X)=0.699 H(Y)=3.756 active=44/50 pairs=830 NMI=0.8929 ACC=0.7569
2026-08-15 02:57:48,911 - INFO - [round r8 e2] L=-4.4845 MI=-4.9325 PW=0.4480 H(Y|X)=0.691 H(Y)=3.749 active=46/50 pairs=830 NMI=0.8998 ACC=0.7900
2026-08-15 02:57:59,579 - INFO - [ILP] beta=3, 46 active clusters, 58/85 tags kept, 4.0 tags/cluster
2026-08-15 02:57:59,640 - INFO - [round r9 e1] L=-4.4236 MI=-4.9563 PW=0.5327 H(Y|X)=0.676 H(Y)=3.755 active=45/50 pairs=830 NMI=0.8946 ACC=0.7731
2026-08-15 02:57:59,706 - INFO - [round r9 e2] L=-4.3727 MI=-4.9501 PW=0.5774 H(Y|X)=0.688 H(Y)=3.759 active=49/50 pairs=830 NMI=0.8872 ACC=0.7594
2026-08-15 02:58:42,004 - INFO - [ILP] beta=4, 49 active clusters, 55/85 tags kept, 4.0 tags/cluster
2026-08-15 02:58:42,068 - INFO - [round r10 e1] L=-4.5361 MI=-4.9725 PW=0.4364 H(Y|X)=0.668 H(Y)=3.760 active=48/50 pairs=830 NMI=0.8987 ACC=0.7844
2026-08-15 02:58:42,128 - INFO - [round r10 e2] L=-4.4754 MI=-4.9774 PW=0.5021 H(Y|X)=0.663 H(Y)=3.760 active=48/50 pairs=830 NMI=0.8793 ACC=0.7150
2026-08-15 02:59:04,413 - INFO - [ILP] beta=4, 48 active clusters, 54/85 tags kept, 4.0 tags/cluster
2026-08-15 02:59:04,474 - INFO - [round r11 e1] L=-4.6162 MI=-4.9885 PW=0.3723 H(Y|X)=0.629 H(Y)=3.745 active=47/50 pairs=830 NMI=0.8799 ACC=0.7500
2026-08-15 02:59:04,534 - INFO - [round r11 e2] L=-4.3214 MI=-5.0268 PW=0.7054 H(Y|X)=0.586 H(Y)=3.742 active=48/50 pairs=830 NMI=0.8882 ACC=0.7694
2026-08-15 02:59:24,750 - INFO - [ILP] beta=3, 48 active clusters, 64/85 tags kept, 4.4 tags/cluster
2026-08-15 02:59:24,815 - INFO - [round r12 e1] L=-4.4276 MI=-5.0222 PW=0.5947 H(Y|X)=0.611 H(Y)=3.755 active=47/50 pairs=830 NMI=0.8989 ACC=0.7812
2026-08-15 02:59:24,876 - INFO - [round r12 e2] L=-4.5080 MI=-4.9666 PW=0.4586 H(Y|X)=0.649 H(Y)=3.744 active=47/50 pairs=830 NMI=0.8860 ACC=0.7594
2026-08-15 03:00:05,243 - INFO - [ILP] beta=3, 47 active clusters, 57/85 tags kept, 4.0 tags/cluster
2026-08-15 03:00:05,306 - INFO - [round r13 e1] L=-4.5746 MI=-4.9779 PW=0.4033 H(Y|X)=0.632 H(Y)=3.740 active=44/50 pairs=830 NMI=0.8960 ACC=0.7950
2026-08-15 03:00:05,366 - INFO - [round r13 e2] L=-4.5284 MI=-5.0311 PW=0.5028 H(Y|X)=0.595 H(Y)=3.751 active=47/50 pairs=830 NMI=0.8952 ACC=0.7781
2026-08-15 03:00:45,748 - INFO - [ILP] beta=3, 47 active clusters, 64/85 tags kept, 4.2 tags/cluster
2026-08-15 03:00:45,806 - INFO - [round r14 e1] L=-4.5156 MI=-5.0453 PW=0.5298 H(Y|X)=0.573 H(Y)=3.745 active=45/50 pairs=830 NMI=0.8982 ACC=0.7800
2026-08-15 03:00:45,863 - INFO - [round r14 e2] L=-4.5095 MI=-5.0646 PW=0.5551 H(Y|X)=0.562 H(Y)=3.751 active=45/50 pairs=830 NMI=0.9045 ACC=0.8069
2026-08-15 03:01:13,044 - INFO - [ILP] beta=3, 45 active clusters, 58/85 tags kept, 4.0 tags/cluster
2026-08-15 03:01:13,103 - INFO - [round r15 e1] L=-4.4477 MI=-5.0614 PW=0.6137 H(Y|X)=0.570 H(Y)=3.755 active=46/50 pairs=830 NMI=0.8995 ACC=0.7875
2026-08-15 03:01:13,160 - INFO - [round r15 e2] L=-4.5738 MI=-5.0836 PW=0.5098 H(Y|X)=0.543 H(Y)=3.751 active=47/50 pairs=830 NMI=0.8958 ACC=0.7756
2026-08-15 03:01:44,363 - INFO - [ILP] beta=3, 47 active clusters, 58/85 tags kept, 4.0 tags/cluster
2026-08-15 03:01:44,429 - INFO - [round r16 e1] L=-4.6982 MI=-5.0719 PW=0.3737 H(Y|X)=0.536 H(Y)=3.739 active=46/50 pairs=830 NMI=0.8988 ACC=0.7850
2026-08-15 03:01:44,487 - INFO - [round r16 e2] L=-4.5586 MI=-5.1289 PW=0.5703 H(Y|X)=0.533 H(Y)=3.774 active=47/50 pairs=830 NMI=0.9019 ACC=0.7869
2026-08-15 03:02:24,879 - INFO - [ILP] beta=3, 47 active clusters, 61/85 tags kept, 4.1 tags/cluster
2026-08-15 03:02:24,938 - INFO - [round r17 e1] L=-4.5643 MI=-5.1171 PW=0.5529 H(Y|X)=0.516 H(Y)=3.755 active=48/50 pairs=830 NMI=0.8969 ACC=0.7794
2026-08-15 03:02:24,994 - INFO - [round r17 e2] L=-4.6897 MI=-5.1052 PW=0.4154 H(Y|X)=0.499 H(Y)=3.736 active=49/50 pairs=830 NMI=0.8941 ACC=0.7525
2026-08-15 03:03:07,273 - INFO - [ILP] beta=4, 49 active clusters, 51/85 tags kept, 4.0 tags/cluster
2026-08-15 03:03:07,336 - INFO - [round r18 e1] L=-4.4274 MI=-5.1346 PW=0.7072 H(Y|X)=0.501 H(Y)=3.757 active=48/50 pairs=830 NMI=0.9011 ACC=0.7762
2026-08-15 03:03:07,396 - INFO - [round r18 e2] L=-4.4040 MI=-5.1102 PW=0.7061 H(Y|X)=0.521 H(Y)=3.754 active=48/50 pairs=830 NMI=0.8932 ACC=0.7694
2026-08-15 03:03:27,602 - INFO - [ILP] beta=3, 48 active clusters, 60/85 tags kept, 4.1 tags/cluster
2026-08-15 03:03:27,664 - INFO - [round r19 e1] L=-4.5690 MI=-5.0813 PW=0.5123 H(Y|X)=0.577 H(Y)=3.772 active=50/50 pairs=830 NMI=0.8996 ACC=0.7831
2026-08-15 03:03:27,726 - INFO - [round r19 e2] L=-4.6328 MI=-5.0943 PW=0.4615 H(Y|X)=0.516 H(Y)=3.740 active=50/50 pairs=830 NMI=0.8999 ACC=0.7937
2026-08-15 03:04:10,543 - INFO - [ILP] beta=4, 50 active clusters, 52/85 tags kept, 4.0 tags/cluster
2026-08-15 03:04:10,608 - INFO - [round r20 e1] L=-4.3732 MI=-5.1207 PW=0.7475 H(Y|X)=0.462 H(Y)=3.721 active=49/50 pairs=830 NMI=0.8997 ACC=0.7875
2026-08-15 03:04:10,669 - INFO - [round r20 e2] L=-4.4468 MI=-5.1120 PW=0.6652 H(Y|X)=0.473 H(Y)=3.724 active=50/50 pairs=830 NMI=0.8969 ACC=0.7600
2026-08-15 03:04:11,435 - INFO - Artefacts written to results_v2/ddc_phase1/awa2/raw_a3_ilp_s46/
2026-08-15 03:04:11,436 - INFO - === RESULT ===
2026-08-15 03:04:11,436 - INFO - final  NMI=0.8969 ACC=0.7600 ARI=0.7436 active=50/50
2026-08-15 03:04:11,436 - INFO - best   NMI=0.9045 at step 266 (round round 14)
2026-08-15 03:04:11,436 - INFO - TC=0.7591 ITF=2.4541 (nats)
