2026-08-12 13:37:08,024 - INFO - GPU: NVIDIA GeForce RTX 4090
2026-08-12 13:37:08,076 - INFO - Predicate matrix: 50 classes × 85 attributes
2026-08-12 13:37:08,125 - INFO - Train split: 29857 samples, 50 classes, 85 attributes
2026-08-12 13:37:09,229 - INFO - Loaded cached features (29857, 2048) from cache/resnet101_awa2_full.npz
2026-08-12 13:37:09,240 - INFO - Binary tags (29857, 85) from data/AwA2-data/Animals_with_Attributes2/predicate-matrix-binary.txt (density=0.365)
2026-08-12 13:37:09,249 - INFO - Annotation r=0.5 (instance-level): 819/1600 annotated, 781 mean-imputed
2026-08-12 13:37:09,250 - INFO - === DDC rebuild | awa2 (sanity) | N=1600 | K=50 | M=85 | preproc=none | r=0.5 ===
2026-08-12 13:37:11,907 - INFO - Pre-training 10 epochs (g = identity, Algorithm 1 lines 1-2)
2026-08-12 13:37:13,039 - INFO - [pretrain r0 e1] L=-1.9579 MI=-1.9579 PW=0.0052 H(Y|X)=3.905 H(Y)=3.909 active=15/50 pairs=819 NMI=0.4303 ACC=0.2231
2026-08-12 13:37:13,080 - INFO - [pretrain r0 e2] L=-2.2773 MI=-2.2773 PW=0.7236 H(Y|X)=3.271 H(Y)=3.699 active=15/50 pairs=819 NMI=0.4872 ACC=0.2487
2026-08-12 13:37:13,126 - INFO - [pretrain r0 e3] L=-3.0170 MI=-3.0170 PW=1.6264 H(Y|X)=2.406 H(Y)=3.615 active=31/50 pairs=819 NMI=0.5507 ACC=0.3137
2026-08-12 13:37:13,178 - INFO - [pretrain r0 e4] L=-3.6597 MI=-3.6597 PW=3.5611 H(Y|X)=1.718 H(Y)=3.585 active=37/50 pairs=819 NMI=0.5664 ACC=0.3556
2026-08-12 13:37:13,233 - INFO - [pretrain r0 e5] L=-4.0694 MI=-4.0694 PW=5.6457 H(Y|X)=1.218 H(Y)=3.525 active=36/50 pairs=819 NMI=0.5772 ACC=0.3719
2026-08-12 13:37:13,290 - INFO - [pretrain r0 e6] L=-4.3495 MI=-4.3495 PW=7.8784 H(Y|X)=0.884 H(Y)=3.489 active=39/50 pairs=819 NMI=0.6107 ACC=0.4169
2026-08-12 13:37:13,350 - INFO - [pretrain r0 e7] L=-4.5600 MI=-4.5600 PW=7.6716 H(Y|X)=0.695 H(Y)=3.504 active=37/50 pairs=819 NMI=0.6216 ACC=0.4238
2026-08-12 13:37:13,413 - INFO - [pretrain r0 e8] L=-4.6865 MI=-4.6865 PW=8.2909 H(Y|X)=0.496 H(Y)=3.455 active=41/50 pairs=819 NMI=0.6348 ACC=0.4406
2026-08-12 13:37:13,477 - INFO - [pretrain r0 e9] L=-4.8126 MI=-4.8126 PW=9.3465 H(Y|X)=0.351 H(Y)=3.442 active=39/50 pairs=819 NMI=0.6359 ACC=0.4631
2026-08-12 13:37:13,542 - INFO - [pretrain r0 e10] L=-4.9055 MI=-4.9055 PW=9.8814 H(Y|X)=0.263 H(Y)=3.446 active=38/50 pairs=819 NMI=0.6642 ACC=0.5175
2026-08-12 13:37:13,611 - INFO - [round r1 e1] L=-4.9372 MI=-4.9372 PW=10.2390 H(Y|X)=0.211 H(Y)=3.432 active=39/50 pairs=819 NMI=0.6647 ACC=0.4963
2026-08-12 13:37:13,676 - INFO - [round r1 e2] L=-4.9694 MI=-4.9694 PW=10.8245 H(Y|X)=0.185 H(Y)=3.436 active=38/50 pairs=819 NMI=0.6656 ACC=0.5100
2026-08-12 13:37:13,750 - INFO - [round r2 e1] L=-4.9643 MI=-4.9643 PW=10.7519 H(Y|X)=0.178 H(Y)=3.428 active=38/50 pairs=819 NMI=0.6828 ACC=0.5331
2026-08-12 13:37:13,816 - INFO - [round r2 e2] L=-5.0738 MI=-5.0738 PW=11.7595 H(Y|X)=0.134 H(Y)=3.472 active=38/50 pairs=819 NMI=0.6811 ACC=0.5256
2026-08-12 13:37:13,885 - INFO - [round r3 e1] L=-5.0513 MI=-5.0513 PW=11.3613 H(Y|X)=0.123 H(Y)=3.449 active=38/50 pairs=819 NMI=0.6722 ACC=0.5112
2026-08-12 13:37:13,951 - INFO - [round r3 e2] L=-5.0514 MI=-5.0514 PW=11.0831 H(Y|X)=0.117 H(Y)=3.446 active=38/50 pairs=819 NMI=0.6836 ACC=0.5175
2026-08-12 13:37:14,020 - INFO - [round r4 e1] L=-5.0373 MI=-5.0373 PW=11.1652 H(Y|X)=0.097 H(Y)=3.423 active=38/50 pairs=819 NMI=0.6690 ACC=0.4963
2026-08-12 13:37:14,087 - INFO - [round r4 e2] L=-5.0773 MI=-5.0773 PW=11.7481 H(Y|X)=0.095 H(Y)=3.448 active=37/50 pairs=819 NMI=0.6903 ACC=0.5238
2026-08-12 13:37:14,157 - INFO - [round r5 e1] L=-5.1031 MI=-5.1031 PW=11.7179 H(Y|X)=0.079 H(Y)=3.455 active=37/50 pairs=819 NMI=0.6910 ACC=0.5325
2026-08-12 13:37:14,224 - INFO - [round r5 e2] L=-5.0408 MI=-5.0408 PW=11.6761 H(Y|X)=0.080 H(Y)=3.414 active=37/50 pairs=819 NMI=0.6968 ACC=0.5331
2026-08-12 13:37:14,293 - INFO - [round r6 e1] L=-5.0733 MI=-5.0733 PW=11.0536 H(Y|X)=0.069 H(Y)=3.428 active=36/50 pairs=819 NMI=0.6874 ACC=0.5150
2026-08-12 13:37:14,359 - INFO - [round r6 e2] L=-5.0714 MI=-5.0714 PW=11.5855 H(Y|X)=0.085 H(Y)=3.437 active=36/50 pairs=819 NMI=0.6828 ACC=0.5125
2026-08-12 13:37:14,428 - INFO - [round r7 e1] L=-5.0642 MI=-5.0642 PW=12.3301 H(Y|X)=0.072 H(Y)=3.424 active=35/50 pairs=819 NMI=0.6878 ACC=0.5219
2026-08-12 13:37:14,495 - INFO - [round r7 e2] L=-5.0308 MI=-5.0308 PW=12.0869 H(Y|X)=0.067 H(Y)=3.399 active=35/50 pairs=819 NMI=0.6862 ACC=0.5169
2026-08-12 13:37:14,565 - INFO - [round r8 e1] L=-5.0183 MI=-5.0183 PW=11.6291 H(Y|X)=0.068 H(Y)=3.391 active=35/50 pairs=819 NMI=0.6871 ACC=0.5244
2026-08-12 13:37:14,632 - INFO - [round r8 e2] L=-5.0493 MI=-5.0493 PW=12.0325 H(Y|X)=0.068 H(Y)=3.412 active=35/50 pairs=819 NMI=0.6876 ACC=0.5181
2026-08-12 13:37:14,701 - INFO - [round r9 e1] L=-5.0993 MI=-5.0993 PW=12.1409 H(Y|X)=0.053 H(Y)=3.435 active=35/50 pairs=819 NMI=0.7003 ACC=0.5331
2026-08-12 13:37:14,768 - INFO - [round r9 e2] L=-5.0345 MI=-5.0345 PW=11.3117 H(Y|X)=0.046 H(Y)=3.387 active=35/50 pairs=819 NMI=0.7117 ACC=0.5406
2026-08-12 13:37:14,838 - INFO - [round r10 e1] L=-5.0576 MI=-5.0576 PW=12.1310 H(Y|X)=0.043 H(Y)=3.400 active=35/50 pairs=819 NMI=0.7077 ACC=0.5406
2026-08-12 13:37:14,905 - INFO - [round r10 e2] L=-5.1108 MI=-5.1108 PW=12.0872 H(Y|X)=0.048 H(Y)=3.440 active=35/50 pairs=819 NMI=0.7148 ACC=0.5500
2026-08-12 13:37:14,976 - INFO - [round r11 e1] L=-5.0565 MI=-5.0565 PW=11.9013 H(Y|X)=0.044 H(Y)=3.401 active=35/50 pairs=819 NMI=0.7156 ACC=0.5450
2026-08-12 13:37:15,043 - INFO - [round r11 e2] L=-5.0660 MI=-5.0660 PW=11.9664 H(Y|X)=0.056 H(Y)=3.415 active=35/50 pairs=819 NMI=0.6992 ACC=0.5244
2026-08-12 13:37:15,113 - INFO - [round r12 e1] L=-5.0569 MI=-5.0569 PW=12.5830 H(Y|X)=0.050 H(Y)=3.405 active=35/50 pairs=819 NMI=0.7127 ACC=0.5450
2026-08-12 13:37:15,179 - INFO - [round r12 e2] L=-5.0969 MI=-5.0969 PW=11.7910 H(Y|X)=0.042 H(Y)=3.426 active=35/50 pairs=819 NMI=0.7182 ACC=0.5587
2026-08-12 13:37:15,249 - INFO - [round r13 e1] L=-5.0981 MI=-5.0981 PW=11.4613 H(Y|X)=0.042 H(Y)=3.427 active=35/50 pairs=819 NMI=0.7158 ACC=0.5556
2026-08-12 13:37:15,314 - INFO - [round r13 e2] L=-5.1065 MI=-5.1065 PW=12.2142 H(Y|X)=0.040 H(Y)=3.431 active=35/50 pairs=819 NMI=0.7128 ACC=0.5513
2026-08-12 13:37:15,383 - INFO - [round r14 e1] L=-5.1087 MI=-5.1087 PW=12.6105 H(Y|X)=0.029 H(Y)=3.425 active=35/50 pairs=819 NMI=0.7131 ACC=0.5587
2026-08-12 13:37:15,449 - INFO - [round r14 e2] L=-5.1033 MI=-5.1033 PW=12.2615 H(Y|X)=0.038 H(Y)=3.427 active=35/50 pairs=819 NMI=0.6984 ACC=0.5406
2026-08-12 13:37:15,518 - INFO - [round r15 e1] L=-5.1094 MI=-5.1094 PW=12.4244 H(Y|X)=0.047 H(Y)=3.437 active=35/50 pairs=819 NMI=0.6949 ACC=0.5400
2026-08-12 13:37:15,584 - INFO - [round r15 e2] L=-5.0695 MI=-5.0695 PW=12.9529 H(Y|X)=0.046 H(Y)=3.410 active=35/50 pairs=819 NMI=0.6910 ACC=0.5325
2026-08-12 13:37:15,653 - INFO - [round r16 e1] L=-5.0803 MI=-5.0803 PW=12.9838 H(Y|X)=0.039 H(Y)=3.413 active=34/50 pairs=819 NMI=0.6994 ACC=0.5337
2026-08-12 13:37:15,718 - INFO - [round r16 e2] L=-5.0234 MI=-5.0234 PW=11.8919 H(Y|X)=0.037 H(Y)=3.374 active=34/50 pairs=819 NMI=0.7057 ACC=0.5419
2026-08-12 13:37:15,788 - INFO - [round r17 e1] L=-5.0262 MI=-5.0262 PW=11.8923 H(Y|X)=0.044 H(Y)=3.380 active=34/50 pairs=819 NMI=0.6995 ACC=0.5400
2026-08-12 13:37:15,854 - INFO - [round r17 e2] L=-5.0570 MI=-5.0570 PW=12.5313 H(Y|X)=0.034 H(Y)=3.394 active=34/50 pairs=819 NMI=0.6973 ACC=0.5312
2026-08-12 13:37:15,923 - INFO - [round r18 e1] L=-5.0377 MI=-5.0377 PW=13.4034 H(Y|X)=0.044 H(Y)=3.388 active=34/50 pairs=819 NMI=0.6824 ACC=0.5175
2026-08-12 13:37:15,990 - INFO - [round r18 e2] L=-5.0334 MI=-5.0334 PW=12.8312 H(Y|X)=0.049 H(Y)=3.389 active=34/50 pairs=819 NMI=0.6966 ACC=0.5337
2026-08-12 13:37:16,060 - INFO - [round r19 e1] L=-5.0258 MI=-5.0258 PW=11.6260 H(Y|X)=0.046 H(Y)=3.381 active=34/50 pairs=819 NMI=0.6958 ACC=0.5500
2026-08-12 13:37:16,127 - INFO - [round r19 e2] L=-5.0026 MI=-5.0026 PW=12.3536 H(Y|X)=0.052 H(Y)=3.370 active=34/50 pairs=819 NMI=0.6952 ACC=0.5469
2026-08-12 13:37:16,197 - INFO - [round r20 e1] L=-5.0426 MI=-5.0426 PW=12.3476 H(Y|X)=0.045 H(Y)=3.392 active=35/50 pairs=819 NMI=0.6970 ACC=0.5431
2026-08-12 13:37:16,264 - INFO - [round r20 e2] L=-5.0748 MI=-5.0748 PW=12.5202 H(Y|X)=0.041 H(Y)=3.411 active=35/50 pairs=819 NMI=0.7074 ACC=0.5450
2026-08-12 13:37:17,429 - INFO - Artefacts written to results_v2/ddc_phase1/awa2/raw_lam0_s44/
2026-08-12 13:37:17,429 - INFO - === RESULT ===
2026-08-12 13:37:17,429 - INFO - final  NMI=0.7074 ACC=0.5450 ARI=0.4641 active=35/50
2026-08-12 13:37:17,429 - INFO - best   NMI=0.7182 at step 238 (round round 12)
2026-08-12 13:37:17,429 - INFO - TC=0.0 ITF=0.0 (nats)
