2026-08-12 12:02:00,223 - INFO - GPU: NVIDIA GeForce RTX 4090
2026-08-12 12:02:00,276 - INFO - Predicate matrix: 50 classes × 85 attributes
2026-08-12 12:02:00,322 - INFO - Train split: 29857 samples, 50 classes, 85 attributes
2026-08-12 12:02:01,413 - INFO - Loaded cached features (29857, 2048) from cache/resnet101_awa2_full.npz
2026-08-12 12:02:01,425 - INFO - Binary tags (29857, 85) from data/AwA2-data/Animals_with_Attributes2/predicate-matrix-binary.txt (density=0.365)
2026-08-12 12:02:01,450 - INFO - Annotation r=0.5 (instance-level): 813/1600 annotated, 787 mean-imputed
2026-08-12 12:02:01,450 - INFO - === DDC rebuild | awa2 (sanity) | N=1600 | K=50 | M=85 | preproc=zscore | r=0.5 ===
2026-08-12 12:02:04,085 - INFO - Pre-training 10 epochs (g = identity, Algorithm 1 lines 1-2)
2026-08-12 12:02:05,219 - INFO - [pretrain r0 e1] L=-2.2354 MI=-2.2354 PW=1.9824 H(Y|X)=3.290 H(Y)=3.683 active=27/50 pairs=813 NMI=0.2652 ACC=0.1325
2026-08-12 12:02:05,263 - INFO - [pretrain r0 e2] L=-2.9002 MI=-2.9002 PW=5.3563 H(Y|X)=2.569 H(Y)=3.646 active=30/50 pairs=813 NMI=0.3848 ACC=0.1963
2026-08-12 12:02:05,312 - INFO - [pretrain r0 e3] L=-3.5717 MI=-3.5717 PW=8.1380 H(Y|X)=1.841 H(Y)=3.608 active=25/50 pairs=813 NMI=0.4327 ACC=0.2406
2026-08-12 12:02:05,366 - INFO - [pretrain r0 e4] L=-4.0297 MI=-4.0297 PW=9.7303 H(Y|X)=1.146 H(Y)=3.450 active=29/50 pairs=813 NMI=0.4778 ACC=0.2619
2026-08-12 12:02:05,422 - INFO - [pretrain r0 e5] L=-4.2795 MI=-4.2795 PW=11.7556 H(Y|X)=0.683 H(Y)=3.308 active=27/50 pairs=813 NMI=0.4845 ACC=0.2775
2026-08-12 12:02:05,481 - INFO - [pretrain r0 e6] L=-4.4228 MI=-4.4228 PW=12.2889 H(Y|X)=0.437 H(Y)=3.240 active=30/50 pairs=813 NMI=0.5093 ACC=0.3031
2026-08-12 12:02:05,542 - INFO - [pretrain r0 e7] L=-4.5367 MI=-4.5367 PW=13.1300 H(Y|X)=0.334 H(Y)=3.247 active=31/50 pairs=813 NMI=0.5163 ACC=0.3031
2026-08-12 12:02:05,606 - INFO - [pretrain r0 e8] L=-4.6795 MI=-4.6795 PW=12.8771 H(Y|X)=0.217 H(Y)=3.265 active=31/50 pairs=813 NMI=0.5261 ACC=0.3231
2026-08-12 12:02:05,671 - INFO - [pretrain r0 e9] L=-4.7631 MI=-4.7631 PW=13.8922 H(Y|X)=0.152 H(Y)=3.277 active=30/50 pairs=813 NMI=0.5445 ACC=0.3450
2026-08-12 12:02:05,737 - INFO - [pretrain r0 e10] L=-4.8436 MI=-4.8436 PW=14.1867 H(Y|X)=0.103 H(Y)=3.298 active=30/50 pairs=813 NMI=0.5494 ACC=0.3469
2026-08-12 12:02:05,811 - INFO - [round r1 e1] L=-4.8207 MI=-4.8207 PW=14.4279 H(Y|X)=0.082 H(Y)=3.268 active=31/50 pairs=813 NMI=0.5602 ACC=0.3506
2026-08-12 12:02:05,877 - INFO - [round r1 e2] L=-4.8665 MI=-4.8665 PW=14.3648 H(Y|X)=0.077 H(Y)=3.296 active=32/50 pairs=813 NMI=0.5630 ACC=0.3575
2026-08-12 12:02:05,947 - INFO - [round r2 e1] L=-4.8700 MI=-4.8700 PW=14.7548 H(Y|X)=0.070 H(Y)=3.294 active=32/50 pairs=813 NMI=0.5604 ACC=0.3550
2026-08-12 12:02:06,013 - INFO - [round r2 e2] L=-4.8551 MI=-4.8551 PW=14.8944 H(Y|X)=0.070 H(Y)=3.284 active=32/50 pairs=813 NMI=0.5572 ACC=0.3494
2026-08-12 12:02:06,083 - INFO - [round r3 e1] L=-4.9001 MI=-4.9001 PW=15.4439 H(Y|X)=0.053 H(Y)=3.302 active=32/50 pairs=813 NMI=0.5668 ACC=0.3631
2026-08-12 12:02:06,149 - INFO - [round r3 e2] L=-4.8722 MI=-4.8722 PW=15.3567 H(Y|X)=0.043 H(Y)=3.277 active=32/50 pairs=813 NMI=0.5684 ACC=0.3656
2026-08-12 12:02:06,218 - INFO - [round r4 e1] L=-4.9437 MI=-4.9437 PW=15.0706 H(Y|X)=0.051 H(Y)=3.330 active=32/50 pairs=813 NMI=0.5572 ACC=0.3575
2026-08-12 12:02:06,284 - INFO - [round r4 e2] L=-4.8954 MI=-4.8954 PW=15.5866 H(Y|X)=0.050 H(Y)=3.297 active=31/50 pairs=813 NMI=0.5614 ACC=0.3594
2026-08-12 12:02:06,353 - INFO - [round r5 e1] L=-4.9031 MI=-4.9031 PW=15.1409 H(Y|X)=0.045 H(Y)=3.298 active=31/50 pairs=813 NMI=0.5668 ACC=0.3613
2026-08-12 12:02:06,418 - INFO - [round r5 e2] L=-4.9081 MI=-4.9081 PW=15.1295 H(Y|X)=0.039 H(Y)=3.298 active=31/50 pairs=813 NMI=0.5728 ACC=0.3619
2026-08-12 12:02:06,487 - INFO - [round r6 e1] L=-4.8881 MI=-4.8881 PW=15.5322 H(Y|X)=0.035 H(Y)=3.282 active=31/50 pairs=813 NMI=0.5730 ACC=0.3744
2026-08-12 12:02:06,553 - INFO - [round r6 e2] L=-4.9214 MI=-4.9214 PW=15.2347 H(Y|X)=0.031 H(Y)=3.302 active=31/50 pairs=813 NMI=0.5748 ACC=0.3681
2026-08-12 12:02:06,622 - INFO - [round r7 e1] L=-4.9169 MI=-4.9169 PW=15.5534 H(Y|X)=0.034 H(Y)=3.301 active=31/50 pairs=813 NMI=0.5688 ACC=0.3719
2026-08-12 12:02:06,689 - INFO - [round r7 e2] L=-4.9113 MI=-4.9113 PW=15.2671 H(Y|X)=0.026 H(Y)=3.292 active=31/50 pairs=813 NMI=0.5628 ACC=0.3688
2026-08-12 12:02:06,758 - INFO - [round r8 e1] L=-4.9483 MI=-4.9483 PW=15.0668 H(Y|X)=0.033 H(Y)=3.321 active=31/50 pairs=813 NMI=0.5649 ACC=0.3706
2026-08-12 12:02:06,824 - INFO - [round r8 e2] L=-4.9459 MI=-4.9459 PW=15.6847 H(Y|X)=0.028 H(Y)=3.316 active=31/50 pairs=813 NMI=0.5621 ACC=0.3756
2026-08-12 12:02:06,894 - INFO - [round r9 e1] L=-4.9157 MI=-4.9157 PW=15.2981 H(Y|X)=0.024 H(Y)=3.293 active=31/50 pairs=813 NMI=0.5567 ACC=0.3694
2026-08-12 12:02:06,960 - INFO - [round r9 e2] L=-4.9368 MI=-4.9368 PW=15.7482 H(Y|X)=0.032 H(Y)=3.313 active=31/50 pairs=813 NMI=0.5513 ACC=0.3581
2026-08-12 12:02:07,030 - INFO - [round r10 e1] L=-4.8803 MI=-4.8803 PW=15.0860 H(Y|X)=0.030 H(Y)=3.273 active=31/50 pairs=813 NMI=0.5564 ACC=0.3531
2026-08-12 12:02:07,096 - INFO - [round r10 e2] L=-4.9086 MI=-4.9086 PW=15.6116 H(Y|X)=0.028 H(Y)=3.291 active=31/50 pairs=813 NMI=0.5630 ACC=0.3656
2026-08-12 12:02:07,166 - INFO - [round r11 e1] L=-4.8925 MI=-4.8925 PW=14.6153 H(Y|X)=0.035 H(Y)=3.285 active=31/50 pairs=813 NMI=0.5595 ACC=0.3700
2026-08-12 12:02:07,234 - INFO - [round r11 e2] L=-4.9379 MI=-4.9379 PW=14.9636 H(Y|X)=0.037 H(Y)=3.317 active=31/50 pairs=813 NMI=0.5533 ACC=0.3606
2026-08-12 12:02:07,304 - INFO - [round r12 e1] L=-4.9115 MI=-4.9115 PW=15.2510 H(Y|X)=0.033 H(Y)=3.296 active=31/50 pairs=813 NMI=0.5659 ACC=0.3806
2026-08-12 12:02:07,370 - INFO - [round r12 e2] L=-4.9078 MI=-4.9078 PW=14.9440 H(Y|X)=0.022 H(Y)=3.287 active=31/50 pairs=813 NMI=0.5776 ACC=0.3912
2026-08-12 12:02:07,439 - INFO - [round r13 e1] L=-4.9390 MI=-4.9390 PW=15.4139 H(Y|X)=0.026 H(Y)=3.310 active=31/50 pairs=813 NMI=0.5780 ACC=0.3919
2026-08-12 12:02:07,505 - INFO - [round r13 e2] L=-4.9130 MI=-4.9130 PW=15.1027 H(Y|X)=0.023 H(Y)=3.291 active=31/50 pairs=813 NMI=0.5686 ACC=0.3950
2026-08-12 12:02:07,574 - INFO - [round r14 e1] L=-4.9257 MI=-4.9257 PW=15.6102 H(Y|X)=0.032 H(Y)=3.305 active=31/50 pairs=813 NMI=0.5744 ACC=0.4000
2026-08-12 12:02:07,640 - INFO - [round r14 e2] L=-4.9358 MI=-4.9358 PW=14.4539 H(Y|X)=0.022 H(Y)=3.305 active=31/50 pairs=813 NMI=0.5783 ACC=0.3931
2026-08-12 12:02:07,710 - INFO - [round r15 e1] L=-4.9024 MI=-4.9024 PW=15.3482 H(Y|X)=0.024 H(Y)=3.284 active=31/50 pairs=813 NMI=0.5797 ACC=0.3856
2026-08-12 12:02:07,776 - INFO - [round r15 e2] L=-4.9211 MI=-4.9211 PW=15.6875 H(Y|X)=0.022 H(Y)=3.295 active=31/50 pairs=813 NMI=0.5831 ACC=0.3925
2026-08-12 12:02:07,845 - INFO - [round r16 e1] L=-4.9169 MI=-4.9169 PW=15.6283 H(Y|X)=0.020 H(Y)=3.291 active=31/50 pairs=813 NMI=0.5675 ACC=0.3862
2026-08-12 12:02:07,911 - INFO - [round r16 e2] L=-4.8998 MI=-4.8998 PW=14.8444 H(Y|X)=0.021 H(Y)=3.281 active=31/50 pairs=813 NMI=0.5749 ACC=0.3825
2026-08-12 12:02:07,981 - INFO - [round r17 e1] L=-4.9333 MI=-4.9333 PW=15.4861 H(Y|X)=0.029 H(Y)=3.308 active=31/50 pairs=813 NMI=0.5671 ACC=0.3625
2026-08-12 12:02:08,048 - INFO - [round r17 e2] L=-4.9661 MI=-4.9661 PW=15.8196 H(Y|X)=0.027 H(Y)=3.329 active=31/50 pairs=813 NMI=0.5771 ACC=0.3719
2026-08-12 12:02:08,118 - INFO - [round r18 e1] L=-4.9322 MI=-4.9322 PW=15.2371 H(Y|X)=0.022 H(Y)=3.303 active=31/50 pairs=813 NMI=0.5715 ACC=0.3731
2026-08-12 12:02:08,185 - INFO - [round r18 e2] L=-4.8528 MI=-4.8528 PW=15.3552 H(Y|X)=0.020 H(Y)=3.249 active=31/50 pairs=813 NMI=0.5759 ACC=0.3787
2026-08-12 12:02:08,253 - INFO - [round r19 e1] L=-4.9327 MI=-4.9327 PW=15.6560 H(Y|X)=0.022 H(Y)=3.303 active=31/50 pairs=813 NMI=0.5709 ACC=0.3731
2026-08-12 12:02:08,318 - INFO - [round r19 e2] L=-4.9501 MI=-4.9501 PW=15.0928 H(Y|X)=0.027 H(Y)=3.318 active=31/50 pairs=813 NMI=0.5731 ACC=0.3844
2026-08-12 12:02:08,388 - INFO - [round r20 e1] L=-4.8883 MI=-4.8883 PW=15.6950 H(Y|X)=0.025 H(Y)=3.276 active=31/50 pairs=813 NMI=0.5656 ACC=0.3806
2026-08-12 12:02:08,454 - INFO - [round r20 e2] L=-4.9159 MI=-4.9159 PW=14.7429 H(Y|X)=0.020 H(Y)=3.291 active=31/50 pairs=813 NMI=0.5715 ACC=0.3862
2026-08-12 12:02:09,598 - INFO - Artefacts written to results_v2/ddc_phase1/awa2/mu15_lam0/
2026-08-12 12:02:09,599 - INFO - === RESULT ===
2026-08-12 12:02:09,599 - INFO - final  NMI=0.5715 ACC=0.3862 ARI=0.2562 active=31/50
2026-08-12 12:02:09,599 - INFO - best   NMI=0.5831 at step 280 (round round 15)
2026-08-12 12:02:09,599 - INFO - TC=0.0 ITF=0.0 (nats)
