2026-08-12 13:37:35,573 - INFO - GPU: NVIDIA GeForce RTX 4090
2026-08-12 13:37:35,630 - INFO - Predicate matrix: 50 classes × 85 attributes
2026-08-12 13:37:35,677 - INFO - Train split: 29857 samples, 50 classes, 85 attributes
2026-08-12 13:37:36,777 - INFO - Loaded cached features (29857, 2048) from cache/resnet101_awa2_full.npz
2026-08-12 13:37:36,789 - INFO - Binary tags (29857, 85) from data/AwA2-data/Animals_with_Attributes2/predicate-matrix-binary.txt (density=0.365)
2026-08-12 13:37:36,798 - INFO - Annotation r=0.5 (instance-level): 810/1600 annotated, 790 mean-imputed
2026-08-12 13:37:36,798 - INFO - === DDC rebuild | awa2 (sanity) | N=1600 | K=50 | M=85 | preproc=none | r=0.5 ===
2026-08-12 13:37:39,489 - INFO - Pre-training 10 epochs (g = identity, Algorithm 1 lines 1-2)
2026-08-12 13:37:40,641 - INFO - [pretrain r0 e1] L=-1.9565 MI=-1.9565 PW=0.0027 H(Y|X)=3.908 H(Y)=3.909 active=29/50 pairs=810 NMI=0.4853 ACC=0.2863
2026-08-12 13:37:40,684 - INFO - [pretrain r0 e2] L=-2.1465 MI=-2.1465 PW=0.4337 H(Y|X)=3.562 H(Y)=3.806 active=15/50 pairs=810 NMI=0.4281 ACC=0.2019
2026-08-12 13:37:40,731 - INFO - [pretrain r0 e3] L=-2.8739 MI=-2.8739 PW=1.8760 H(Y|X)=2.515 H(Y)=3.593 active=26/50 pairs=810 NMI=0.5291 ACC=0.3131
2026-08-12 13:37:40,784 - INFO - [pretrain r0 e4] L=-3.5301 MI=-3.5301 PW=3.6579 H(Y|X)=1.937 H(Y)=3.644 active=35/50 pairs=810 NMI=0.5609 ACC=0.3344
2026-08-12 13:37:40,840 - INFO - [pretrain r0 e5] L=-4.0462 MI=-4.0462 PW=6.0213 H(Y|X)=1.228 H(Y)=3.516 active=39/50 pairs=810 NMI=0.5847 ACC=0.3713
2026-08-12 13:37:40,898 - INFO - [pretrain r0 e6] L=-4.4261 MI=-4.4261 PW=7.6610 H(Y|X)=0.893 H(Y)=3.546 active=38/50 pairs=810 NMI=0.6064 ACC=0.3956
2026-08-12 13:37:40,963 - INFO - [pretrain r0 e7] L=-4.6310 MI=-4.6310 PW=9.1431 H(Y|X)=0.592 H(Y)=3.482 active=42/50 pairs=810 NMI=0.6250 ACC=0.4275
2026-08-12 13:37:41,025 - INFO - [pretrain r0 e8] L=-4.8230 MI=-4.8230 PW=10.0192 H(Y|X)=0.435 H(Y)=3.505 active=38/50 pairs=810 NMI=0.6378 ACC=0.4644
2026-08-12 13:37:41,089 - INFO - [pretrain r0 e9] L=-4.9274 MI=-4.9274 PW=10.3014 H(Y|X)=0.297 H(Y)=3.483 active=41/50 pairs=810 NMI=0.6436 ACC=0.4587
2026-08-12 13:37:41,155 - INFO - [pretrain r0 e10] L=-5.0123 MI=-5.0123 PW=11.0120 H(Y|X)=0.235 H(Y)=3.498 active=41/50 pairs=810 NMI=0.6550 ACC=0.4819
2026-08-12 13:37:41,224 - INFO - [round r1 e1] L=-5.0412 MI=-5.0412 PW=11.5324 H(Y|X)=0.183 H(Y)=3.483 active=42/50 pairs=810 NMI=0.6540 ACC=0.4756
2026-08-12 13:37:41,290 - INFO - [round r1 e2] L=-5.0493 MI=-5.0493 PW=10.6756 H(Y|X)=0.166 H(Y)=3.477 active=42/50 pairs=810 NMI=0.6642 ACC=0.5081
2026-08-12 13:37:41,359 - INFO - [round r2 e1] L=-5.1998 MI=-5.1998 PW=11.6032 H(Y|X)=0.160 H(Y)=3.573 active=42/50 pairs=810 NMI=0.6591 ACC=0.4981
2026-08-12 13:37:41,425 - INFO - [round r2 e2] L=-5.1514 MI=-5.1514 PW=11.6023 H(Y|X)=0.144 H(Y)=3.531 active=42/50 pairs=810 NMI=0.6669 ACC=0.5006
2026-08-12 13:37:41,494 - INFO - [round r3 e1] L=-5.1466 MI=-5.1466 PW=11.5521 H(Y|X)=0.116 H(Y)=3.508 active=42/50 pairs=810 NMI=0.6619 ACC=0.5031
2026-08-12 13:37:41,559 - INFO - [round r3 e2] L=-5.1324 MI=-5.1324 PW=12.2350 H(Y|X)=0.115 H(Y)=3.498 active=42/50 pairs=810 NMI=0.6618 ACC=0.5019
2026-08-12 13:37:41,628 - INFO - [round r4 e1] L=-5.1736 MI=-5.1736 PW=12.3104 H(Y|X)=0.103 H(Y)=3.518 active=40/50 pairs=810 NMI=0.6671 ACC=0.5038
2026-08-12 13:37:41,694 - INFO - [round r4 e2] L=-5.1408 MI=-5.1408 PW=11.6611 H(Y|X)=0.108 H(Y)=3.499 active=41/50 pairs=810 NMI=0.6623 ACC=0.5337
2026-08-12 13:37:41,763 - INFO - [round r5 e1] L=-5.1991 MI=-5.1991 PW=12.0106 H(Y|X)=0.093 H(Y)=3.528 active=40/50 pairs=810 NMI=0.6613 ACC=0.5094
2026-08-12 13:37:41,829 - INFO - [round r5 e2] L=-5.1714 MI=-5.1714 PW=12.6342 H(Y|X)=0.080 H(Y)=3.501 active=41/50 pairs=810 NMI=0.6603 ACC=0.5162
2026-08-12 13:37:41,897 - INFO - [round r6 e1] L=-5.1848 MI=-5.1848 PW=12.1337 H(Y|X)=0.083 H(Y)=3.512 active=41/50 pairs=810 NMI=0.6694 ACC=0.5275
2026-08-12 13:37:41,964 - INFO - [round r6 e2] L=-5.2199 MI=-5.2199 PW=12.3066 H(Y|X)=0.064 H(Y)=3.523 active=41/50 pairs=810 NMI=0.6800 ACC=0.5400
2026-08-12 13:37:42,032 - INFO - [round r7 e1] L=-5.2899 MI=-5.2899 PW=12.8122 H(Y|X)=0.070 H(Y)=3.573 active=42/50 pairs=810 NMI=0.6763 ACC=0.5363
2026-08-12 13:37:42,098 - INFO - [round r7 e2] L=-5.2077 MI=-5.2077 PW=12.1918 H(Y|X)=0.070 H(Y)=3.518 active=42/50 pairs=810 NMI=0.6696 ACC=0.5319
2026-08-12 13:37:42,167 - INFO - [round r8 e1] L=-5.2834 MI=-5.2834 PW=13.1399 H(Y|X)=0.066 H(Y)=3.566 active=42/50 pairs=810 NMI=0.6701 ACC=0.5212
2026-08-12 13:37:42,234 - INFO - [round r8 e2] L=-5.2576 MI=-5.2576 PW=12.7268 H(Y|X)=0.061 H(Y)=3.546 active=42/50 pairs=810 NMI=0.6793 ACC=0.5281
2026-08-12 13:37:42,303 - INFO - [round r9 e1] L=-5.2375 MI=-5.2375 PW=12.0034 H(Y|X)=0.063 H(Y)=3.534 active=41/50 pairs=810 NMI=0.6793 ACC=0.5350
2026-08-12 13:37:42,369 - INFO - [round r9 e2] L=-5.2094 MI=-5.2094 PW=12.6327 H(Y|X)=0.061 H(Y)=3.514 active=41/50 pairs=810 NMI=0.6775 ACC=0.5288
2026-08-12 13:37:42,443 - INFO - [round r10 e1] L=-5.2451 MI=-5.2451 PW=13.0357 H(Y|X)=0.060 H(Y)=3.537 active=41/50 pairs=810 NMI=0.6807 ACC=0.5275
2026-08-12 13:37:42,508 - INFO - [round r10 e2] L=-5.3195 MI=-5.3195 PW=13.5307 H(Y|X)=0.050 H(Y)=3.580 active=41/50 pairs=810 NMI=0.6832 ACC=0.5300
2026-08-12 13:37:42,577 - INFO - [round r11 e1] L=-5.3048 MI=-5.3048 PW=13.2200 H(Y|X)=0.053 H(Y)=3.572 active=41/50 pairs=810 NMI=0.6870 ACC=0.5413
2026-08-12 13:37:42,644 - INFO - [round r11 e2] L=-5.3099 MI=-5.3099 PW=13.2823 H(Y|X)=0.049 H(Y)=3.572 active=41/50 pairs=810 NMI=0.6839 ACC=0.5419
2026-08-12 13:37:42,714 - INFO - [round r12 e1] L=-5.2914 MI=-5.2914 PW=12.6551 H(Y|X)=0.051 H(Y)=3.562 active=41/50 pairs=810 NMI=0.6746 ACC=0.5262
2026-08-12 13:37:42,781 - INFO - [round r12 e2] L=-5.3310 MI=-5.3310 PW=12.4713 H(Y|X)=0.044 H(Y)=3.584 active=41/50 pairs=810 NMI=0.6872 ACC=0.5437
2026-08-12 13:37:42,849 - INFO - [round r13 e1] L=-5.3173 MI=-5.3173 PW=13.4747 H(Y|X)=0.045 H(Y)=3.575 active=41/50 pairs=810 NMI=0.6811 ACC=0.5413
2026-08-12 13:37:42,914 - INFO - [round r13 e2] L=-5.3612 MI=-5.3612 PW=13.3016 H(Y|X)=0.044 H(Y)=3.604 active=41/50 pairs=810 NMI=0.6780 ACC=0.5300
2026-08-12 13:37:42,982 - INFO - [round r14 e1] L=-5.2888 MI=-5.2888 PW=13.2419 H(Y|X)=0.054 H(Y)=3.562 active=41/50 pairs=810 NMI=0.6831 ACC=0.5387
2026-08-12 13:37:43,049 - INFO - [round r14 e2] L=-5.3357 MI=-5.3357 PW=13.1791 H(Y|X)=0.033 H(Y)=3.579 active=41/50 pairs=810 NMI=0.6821 ACC=0.5506
2026-08-12 13:37:43,118 - INFO - [round r15 e1] L=-5.2852 MI=-5.2852 PW=13.4245 H(Y|X)=0.048 H(Y)=3.555 active=40/50 pairs=810 NMI=0.6705 ACC=0.5350
2026-08-12 13:37:43,185 - INFO - [round r15 e2] L=-5.2363 MI=-5.2363 PW=13.5040 H(Y|X)=0.051 H(Y)=3.525 active=40/50 pairs=810 NMI=0.6775 ACC=0.5400
2026-08-12 13:37:43,253 - INFO - [round r16 e1] L=-5.2183 MI=-5.2183 PW=12.7438 H(Y|X)=0.054 H(Y)=3.515 active=40/50 pairs=810 NMI=0.6683 ACC=0.5106
2026-08-12 13:37:43,320 - INFO - [round r16 e2] L=-5.2308 MI=-5.2308 PW=12.5308 H(Y|X)=0.051 H(Y)=3.521 active=40/50 pairs=810 NMI=0.6763 ACC=0.5294
2026-08-12 13:37:43,389 - INFO - [round r17 e1] L=-5.2715 MI=-5.2715 PW=12.7378 H(Y|X)=0.047 H(Y)=3.546 active=41/50 pairs=810 NMI=0.6702 ACC=0.5175
2026-08-12 13:37:43,454 - INFO - [round r17 e2] L=-5.2075 MI=-5.2075 PW=13.3435 H(Y|X)=0.060 H(Y)=3.512 active=41/50 pairs=810 NMI=0.6712 ACC=0.5219
2026-08-12 13:37:43,524 - INFO - [round r18 e1] L=-5.2305 MI=-5.2305 PW=13.4899 H(Y|X)=0.059 H(Y)=3.526 active=40/50 pairs=810 NMI=0.6773 ACC=0.5344
2026-08-12 13:37:43,591 - INFO - [round r18 e2] L=-5.2618 MI=-5.2618 PW=12.5772 H(Y|X)=0.044 H(Y)=3.537 active=41/50 pairs=810 NMI=0.6814 ACC=0.5312
2026-08-12 13:37:43,661 - INFO - [round r19 e1] L=-5.2637 MI=-5.2637 PW=12.8403 H(Y|X)=0.048 H(Y)=3.541 active=40/50 pairs=810 NMI=0.6863 ACC=0.5475
2026-08-12 13:37:43,727 - INFO - [round r19 e2] L=-5.2536 MI=-5.2536 PW=12.6962 H(Y|X)=0.036 H(Y)=3.526 active=40/50 pairs=810 NMI=0.6773 ACC=0.5356
2026-08-12 13:37:43,796 - INFO - [round r20 e1] L=-5.2675 MI=-5.2675 PW=12.8187 H(Y|X)=0.037 H(Y)=3.536 active=40/50 pairs=810 NMI=0.6763 ACC=0.5381
2026-08-12 13:37:43,863 - INFO - [round r20 e2] L=-5.2730 MI=-5.2730 PW=12.9535 H(Y|X)=0.036 H(Y)=3.539 active=40/50 pairs=810 NMI=0.6831 ACC=0.5469
2026-08-12 13:37:45,028 - INFO - Artefacts written to results_v2/ddc_phase1/awa2/raw_lam0_s45/
2026-08-12 13:37:45,029 - INFO - === RESULT ===
2026-08-12 13:37:45,029 - INFO - final  NMI=0.6831 ACC=0.5469 ARI=0.4169 active=40/50
2026-08-12 13:37:45,029 - INFO - best   NMI=0.6872 at step 238 (round round 12)
2026-08-12 13:37:45,029 - INFO - TC=0.0 ITF=0.0 (nats)
