2026-08-12 13:37:49,408 - INFO - GPU: NVIDIA GeForce RTX 4090
2026-08-12 13:37:49,464 - INFO - Predicate matrix: 50 classes × 85 attributes
2026-08-12 13:37:49,511 - INFO - Train split: 29857 samples, 50 classes, 85 attributes
2026-08-12 13:37:50,615 - INFO - Loaded cached features (29857, 2048) from cache/resnet101_awa2_full.npz
2026-08-12 13:37:50,627 - INFO - Binary tags (29857, 85) from data/AwA2-data/Animals_with_Attributes2/predicate-matrix-binary.txt (density=0.365)
2026-08-12 13:37:50,636 - INFO - Annotation r=0.5 (instance-level): 830/1600 annotated, 770 mean-imputed
2026-08-12 13:37:50,637 - INFO - === DDC rebuild | awa2 (sanity) | N=1600 | K=50 | M=85 | preproc=none | r=0.5 ===
2026-08-12 13:37:53,316 - INFO - Pre-training 10 epochs (g = identity, Algorithm 1 lines 1-2)
2026-08-12 13:37:54,452 - INFO - [pretrain r0 e1] L=-1.9556 MI=-1.9559 PW=0.0003 H(Y|X)=3.911 H(Y)=3.912 active=23/50 pairs=830 NMI=0.3858 ACC=0.2250
2026-08-12 13:37:54,495 - INFO - [pretrain r0 e2] L=-1.9561 MI=-1.9562 PW=0.0001 H(Y|X)=3.912 H(Y)=3.912 active=37/50 pairs=830 NMI=0.5706 ACC=0.3106
2026-08-12 13:37:54,543 - INFO - [pretrain r0 e3] L=-1.9607 MI=-1.9696 PW=0.0089 H(Y|X)=3.897 H(Y)=3.911 active=17/50 pairs=830 NMI=0.4384 ACC=0.1994
2026-08-12 13:37:54,597 - INFO - [pretrain r0 e4] L=-2.0859 MI=-2.2103 PW=0.1244 H(Y|X)=3.617 H(Y)=3.885 active=21/50 pairs=830 NMI=0.5624 ACC=0.2794
2026-08-12 13:37:54,653 - INFO - [pretrain r0 e5] L=-2.3962 MI=-2.6202 PW=0.2240 H(Y|X)=3.100 H(Y)=3.813 active=34/50 pairs=830 NMI=0.5862 ACC=0.3488
2026-08-12 13:37:54,713 - INFO - [pretrain r0 e6] L=-2.7164 MI=-2.9082 PW=0.1917 H(Y|X)=2.819 H(Y)=3.818 active=28/50 pairs=830 NMI=0.6273 ACC=0.4031
2026-08-12 13:37:54,774 - INFO - [pretrain r0 e7] L=-2.8178 MI=-3.1565 PW=0.3387 H(Y|X)=2.558 H(Y)=3.810 active=28/50 pairs=830 NMI=0.6997 ACC=0.4569
2026-08-12 13:37:54,838 - INFO - [pretrain r0 e8] L=-3.0182 MI=-3.3824 PW=0.3642 H(Y|X)=2.326 H(Y)=3.806 active=33/50 pairs=830 NMI=0.7280 ACC=0.4963
2026-08-12 13:37:54,902 - INFO - [pretrain r0 e9] L=-3.2578 MI=-3.6172 PW=0.3593 H(Y|X)=2.094 H(Y)=3.807 active=35/50 pairs=830 NMI=0.7615 ACC=0.5275
2026-08-12 13:37:54,967 - INFO - [pretrain r0 e10] L=-3.4218 MI=-3.8363 PW=0.4145 H(Y|X)=1.846 H(Y)=3.788 active=37/50 pairs=830 NMI=0.7719 ACC=0.5575
2026-08-12 13:37:55,040 - INFO - [round r1 e1] L=-3.6170 MI=-4.0229 PW=0.4059 H(Y|X)=1.646 H(Y)=3.779 active=37/50 pairs=830 NMI=0.7953 ACC=0.6006
2026-08-12 13:37:55,105 - INFO - [round r1 e2] L=-3.8197 MI=-4.1715 PW=0.3518 H(Y|X)=1.483 H(Y)=3.770 active=39/50 pairs=830 NMI=0.7987 ACC=0.5831
2026-08-12 13:37:55,174 - INFO - [round r2 e1] L=-3.9522 MI=-4.3264 PW=0.3741 H(Y|X)=1.264 H(Y)=3.727 active=34/50 pairs=830 NMI=0.8156 ACC=0.5844
2026-08-12 13:37:55,240 - INFO - [round r2 e2] L=-3.8797 MI=-4.3918 PW=0.5121 H(Y|X)=1.126 H(Y)=3.679 active=40/50 pairs=830 NMI=0.8505 ACC=0.6794
2026-08-12 13:37:55,309 - INFO - [round r3 e1] L=-4.1371 MI=-4.4927 PW=0.3556 H(Y|X)=1.065 H(Y)=3.705 active=39/50 pairs=830 NMI=0.8589 ACC=0.7075
2026-08-12 13:37:55,375 - INFO - [round r3 e2] L=-4.0388 MI=-4.5753 PW=0.5366 H(Y|X)=0.951 H(Y)=3.684 active=37/50 pairs=830 NMI=0.8742 ACC=0.7275
2026-08-12 13:37:55,445 - INFO - [round r4 e1] L=-4.2909 MI=-4.6687 PW=0.3778 H(Y|X)=0.820 H(Y)=3.659 active=44/50 pairs=830 NMI=0.8780 ACC=0.7356
2026-08-12 13:37:55,511 - INFO - [round r4 e2] L=-4.3648 MI=-4.7472 PW=0.3824 H(Y|X)=0.760 H(Y)=3.672 active=40/50 pairs=830 NMI=0.8906 ACC=0.7544
2026-08-12 13:37:55,580 - INFO - [round r5 e1] L=-4.4177 MI=-4.7721 PW=0.3544 H(Y|X)=0.726 H(Y)=3.665 active=45/50 pairs=830 NMI=0.8974 ACC=0.7812
2026-08-12 13:37:55,645 - INFO - [round r5 e2] L=-4.2864 MI=-4.8356 PW=0.5492 H(Y|X)=0.674 H(Y)=3.673 active=43/50 pairs=830 NMI=0.8904 ACC=0.7819
2026-08-12 13:37:55,714 - INFO - [round r6 e1] L=-4.2786 MI=-4.8796 PW=0.6010 H(Y|X)=0.667 H(Y)=3.698 active=45/50 pairs=830 NMI=0.8979 ACC=0.7944
2026-08-12 13:37:55,780 - INFO - [round r6 e2] L=-4.3725 MI=-4.9424 PW=0.5699 H(Y|X)=0.649 H(Y)=3.728 active=46/50 pairs=830 NMI=0.8959 ACC=0.7669
2026-08-12 13:37:55,849 - INFO - [round r7 e1] L=-4.5766 MI=-4.9547 PW=0.3781 H(Y|X)=0.682 H(Y)=3.758 active=47/50 pairs=830 NMI=0.9031 ACC=0.8156
2026-08-12 13:37:55,915 - INFO - [round r7 e2] L=-4.4799 MI=-4.9624 PW=0.4825 H(Y|X)=0.641 H(Y)=3.736 active=48/50 pairs=830 NMI=0.8923 ACC=0.7688
2026-08-12 13:37:55,984 - INFO - [round r8 e1] L=-4.3203 MI=-4.9465 PW=0.6262 H(Y|X)=0.644 H(Y)=3.727 active=47/50 pairs=830 NMI=0.8948 ACC=0.7794
2026-08-12 13:37:56,050 - INFO - [round r8 e2] L=-4.4586 MI=-4.9586 PW=0.5000 H(Y|X)=0.589 H(Y)=3.698 active=44/50 pairs=830 NMI=0.9070 ACC=0.8050
2026-08-12 13:37:56,119 - INFO - [round r9 e1] L=-4.3747 MI=-4.9828 PW=0.6081 H(Y|X)=0.590 H(Y)=3.715 active=46/50 pairs=830 NMI=0.9083 ACC=0.8063
2026-08-12 13:37:56,185 - INFO - [round r9 e2] L=-4.3892 MI=-4.9868 PW=0.5976 H(Y|X)=0.622 H(Y)=3.740 active=47/50 pairs=830 NMI=0.9076 ACC=0.8025
2026-08-12 13:37:56,254 - INFO - [round r10 e1] L=-4.6173 MI=-5.0231 PW=0.4058 H(Y|X)=0.588 H(Y)=3.741 active=46/50 pairs=830 NMI=0.9090 ACC=0.8050
2026-08-12 13:37:56,320 - INFO - [round r10 e2] L=-4.6223 MI=-5.0750 PW=0.4527 H(Y|X)=0.546 H(Y)=3.747 active=46/50 pairs=830 NMI=0.9102 ACC=0.8269
2026-08-12 13:37:56,390 - INFO - [round r11 e1] L=-4.6720 MI=-5.0734 PW=0.4014 H(Y|X)=0.546 H(Y)=3.746 active=47/50 pairs=830 NMI=0.9130 ACC=0.8094
2026-08-12 13:37:56,457 - INFO - [round r11 e2] L=-4.5129 MI=-5.1054 PW=0.5925 H(Y|X)=0.515 H(Y)=3.747 active=48/50 pairs=830 NMI=0.9094 ACC=0.8013
2026-08-12 13:37:56,525 - INFO - [round r12 e1] L=-4.5496 MI=-5.0863 PW=0.5367 H(Y|X)=0.539 H(Y)=3.750 active=49/50 pairs=830 NMI=0.9046 ACC=0.7963
2026-08-12 13:37:56,592 - INFO - [round r12 e2] L=-4.5139 MI=-5.0573 PW=0.5434 H(Y|X)=0.555 H(Y)=3.742 active=48/50 pairs=830 NMI=0.9071 ACC=0.8037
2026-08-12 13:37:56,661 - INFO - [round r13 e1] L=-4.6835 MI=-5.0554 PW=0.3720 H(Y|X)=0.555 H(Y)=3.740 active=47/50 pairs=830 NMI=0.9084 ACC=0.8181
2026-08-12 13:37:56,727 - INFO - [round r13 e2] L=-4.6630 MI=-5.0836 PW=0.4206 H(Y|X)=0.540 H(Y)=3.749 active=48/50 pairs=830 NMI=0.9099 ACC=0.8194
2026-08-12 13:37:56,797 - INFO - [round r14 e1] L=-4.5964 MI=-5.1162 PW=0.5198 H(Y|X)=0.504 H(Y)=3.747 active=48/50 pairs=830 NMI=0.9059 ACC=0.8000
2026-08-12 13:37:56,862 - INFO - [round r14 e2] L=-4.6019 MI=-5.1212 PW=0.5193 H(Y|X)=0.503 H(Y)=3.749 active=48/50 pairs=830 NMI=0.9063 ACC=0.8006
2026-08-12 13:37:56,931 - INFO - [round r15 e1] L=-4.6957 MI=-5.1160 PW=0.4203 H(Y|X)=0.518 H(Y)=3.756 active=50/50 pairs=830 NMI=0.8982 ACC=0.7863
2026-08-12 13:37:56,996 - INFO - [round r15 e2] L=-4.6922 MI=-5.1476 PW=0.4554 H(Y|X)=0.488 H(Y)=3.757 active=50/50 pairs=830 NMI=0.9051 ACC=0.7981
2026-08-12 13:37:57,066 - INFO - [round r16 e1] L=-4.7534 MI=-5.1578 PW=0.4044 H(Y|X)=0.455 H(Y)=3.742 active=49/50 pairs=830 NMI=0.9079 ACC=0.8106
2026-08-12 13:37:57,133 - INFO - [round r16 e2] L=-4.6404 MI=-5.1733 PW=0.5330 H(Y|X)=0.464 H(Y)=3.758 active=48/50 pairs=830 NMI=0.9092 ACC=0.8075
2026-08-12 13:37:57,203 - INFO - [round r17 e1] L=-4.5747 MI=-5.1492 PW=0.5745 H(Y|X)=0.465 H(Y)=3.743 active=48/50 pairs=830 NMI=0.9024 ACC=0.7894
2026-08-12 13:37:57,270 - INFO - [round r17 e2] L=-4.7396 MI=-5.1159 PW=0.3763 H(Y|X)=0.476 H(Y)=3.728 active=49/50 pairs=830 NMI=0.9042 ACC=0.8075
2026-08-12 13:37:57,341 - INFO - [round r18 e1] L=-4.5621 MI=-5.1595 PW=0.5974 H(Y|X)=0.483 H(Y)=3.762 active=50/50 pairs=830 NMI=0.8985 ACC=0.7800
2026-08-12 13:37:57,408 - INFO - [round r18 e2] L=-4.6365 MI=-5.1765 PW=0.5399 H(Y|X)=0.459 H(Y)=3.757 active=48/50 pairs=830 NMI=0.9052 ACC=0.7994
2026-08-12 13:37:57,477 - INFO - [round r19 e1] L=-4.6738 MI=-5.1496 PW=0.4758 H(Y|X)=0.475 H(Y)=3.750 active=49/50 pairs=830 NMI=0.9057 ACC=0.7950
2026-08-12 13:37:57,544 - INFO - [round r19 e2] L=-4.7637 MI=-5.1153 PW=0.3516 H(Y|X)=0.488 H(Y)=3.736 active=50/50 pairs=830 NMI=0.8974 ACC=0.7625
2026-08-12 13:37:57,614 - INFO - [round r20 e1] L=-4.5276 MI=-5.1557 PW=0.6281 H(Y|X)=0.432 H(Y)=3.725 active=48/50 pairs=830 NMI=0.9018 ACC=0.7969
2026-08-12 13:37:57,680 - INFO - [round r20 e2] L=-4.4929 MI=-5.1389 PW=0.6460 H(Y|X)=0.435 H(Y)=3.716 active=49/50 pairs=830 NMI=0.8982 ACC=0.7600
2026-08-12 13:37:58,844 - INFO - Artefacts written to results_v2/ddc_phase1/awa2/raw_mu15_s46/
2026-08-12 13:37:58,844 - INFO - === RESULT ===
2026-08-12 13:37:58,844 - INFO - final  NMI=0.8982 ACC=0.7600 ARI=0.7447 active=49/50
2026-08-12 13:37:58,844 - INFO - best   NMI=0.913 at step 217 (round round 11)
2026-08-12 13:37:58,844 - INFO - TC=0.0 ITF=0.0 (nats)
