2026-08-12 13:35:59,171 - INFO - GPU: NVIDIA GeForce RTX 4090
2026-08-12 13:35:59,224 - INFO - Predicate matrix: 50 classes × 85 attributes
2026-08-12 13:35:59,272 - INFO - Train split: 29857 samples, 50 classes, 85 attributes
2026-08-12 13:36:00,373 - INFO - Loaded cached features (29857, 2048) from cache/resnet101_awa2_full.npz
2026-08-12 13:36:00,384 - INFO - Binary tags (29857, 85) from data/AwA2-data/Animals_with_Attributes2/predicate-matrix-binary.txt (density=0.365)
2026-08-12 13:36:00,393 - INFO - Annotation r=0.5 (instance-level): 813/1600 annotated, 787 mean-imputed
2026-08-12 13:36:00,393 - INFO - === DDC rebuild | awa2 (sanity) | N=1600 | K=50 | M=85 | preproc=none | r=0.5 ===
2026-08-12 13:36:03,079 - INFO - Pre-training 10 epochs (g = identity, Algorithm 1 lines 1-2)
2026-08-12 13:36:04,202 - INFO - [pretrain r0 e1] L=-1.9557 MI=-1.9559 PW=0.0002 H(Y|X)=3.911 H(Y)=3.912 active=21/50 pairs=813 NMI=0.3981 ACC=0.2288
2026-08-12 13:36:04,245 - INFO - [pretrain r0 e2] L=-1.9563 MI=-1.9565 PW=0.0002 H(Y|X)=3.911 H(Y)=3.912 active=37/50 pairs=813 NMI=0.5459 ACC=0.2744
2026-08-12 13:36:04,293 - INFO - [pretrain r0 e3] L=-1.9886 MI=-2.0060 PW=0.0175 H(Y|X)=3.859 H(Y)=3.910 active=20/50 pairs=813 NMI=0.4478 ACC=0.1806
2026-08-12 13:36:04,345 - INFO - [pretrain r0 e4] L=-2.2519 MI=-2.4342 PW=0.1823 H(Y|X)=3.357 H(Y)=3.861 active=25/50 pairs=813 NMI=0.5428 ACC=0.2619
2026-08-12 13:36:04,402 - INFO - [pretrain r0 e5] L=-2.5144 MI=-2.8552 PW=0.3408 H(Y|X)=2.861 H(Y)=3.811 active=33/50 pairs=813 NMI=0.6450 ACC=0.3969
2026-08-12 13:36:04,461 - INFO - [pretrain r0 e6] L=-2.7979 MI=-3.1065 PW=0.3085 H(Y|X)=2.609 H(Y)=3.810 active=25/50 pairs=813 NMI=0.6509 ACC=0.3419
2026-08-12 13:36:04,522 - INFO - [pretrain r0 e7] L=-2.8331 MI=-3.2981 PW=0.4650 H(Y|X)=2.334 H(Y)=3.755 active=32/50 pairs=813 NMI=0.7117 ACC=0.4306
2026-08-12 13:36:04,584 - INFO - [pretrain r0 e8] L=-3.1866 MI=-3.4258 PW=0.2391 H(Y|X)=2.182 H(Y)=3.738 active=29/50 pairs=813 NMI=0.7404 ACC=0.5062
2026-08-12 13:36:04,648 - INFO - [pretrain r0 e9] L=-3.3634 MI=-3.5787 PW=0.2154 H(Y|X)=1.985 H(Y)=3.709 active=36/50 pairs=813 NMI=0.7810 ACC=0.5869
2026-08-12 13:36:04,711 - INFO - [pretrain r0 e10] L=-3.4642 MI=-3.8048 PW=0.3405 H(Y|X)=1.810 H(Y)=3.743 active=32/50 pairs=813 NMI=0.7838 ACC=0.5719
2026-08-12 13:36:04,779 - INFO - [round r1 e1] L=-3.6103 MI=-4.0407 PW=0.4305 H(Y|X)=1.553 H(Y)=3.729 active=38/50 pairs=813 NMI=0.7918 ACC=0.5581
2026-08-12 13:36:04,843 - INFO - [round r1 e2] L=-3.6242 MI=-4.2513 PW=0.6271 H(Y|X)=1.306 H(Y)=3.705 active=38/50 pairs=813 NMI=0.8259 ACC=0.6425
2026-08-12 13:36:04,911 - INFO - [round r2 e1] L=-3.9825 MI=-4.4102 PW=0.4277 H(Y|X)=1.131 H(Y)=3.694 active=34/50 pairs=813 NMI=0.8351 ACC=0.6169
2026-08-12 13:36:04,977 - INFO - [round r2 e2] L=-4.0210 MI=-4.4585 PW=0.4375 H(Y|X)=0.981 H(Y)=3.626 active=38/50 pairs=813 NMI=0.8387 ACC=0.6813
2026-08-12 13:36:05,047 - INFO - [round r3 e1] L=-4.0681 MI=-4.5161 PW=0.4480 H(Y|X)=0.961 H(Y)=3.651 active=39/50 pairs=813 NMI=0.8707 ACC=0.7325
2026-08-12 13:36:05,112 - INFO - [round r3 e2] L=-4.1230 MI=-4.6074 PW=0.4844 H(Y|X)=0.905 H(Y)=3.675 active=39/50 pairs=813 NMI=0.8846 ACC=0.7644
2026-08-12 13:36:05,185 - INFO - [round r4 e1] L=-4.2280 MI=-4.7327 PW=0.5046 H(Y|X)=0.807 H(Y)=3.693 active=41/50 pairs=813 NMI=0.8873 ACC=0.7769
2026-08-12 13:36:05,249 - INFO - [round r4 e2] L=-4.0887 MI=-4.8165 PW=0.7279 H(Y|X)=0.693 H(Y)=3.673 active=43/50 pairs=813 NMI=0.8982 ACC=0.8037
2026-08-12 13:36:05,316 - INFO - [round r5 e1] L=-4.0945 MI=-4.8630 PW=0.7685 H(Y|X)=0.638 H(Y)=3.667 active=43/50 pairs=813 NMI=0.9006 ACC=0.7944
2026-08-12 13:36:05,381 - INFO - [round r5 e2] L=-4.3318 MI=-4.9065 PW=0.5747 H(Y|X)=0.594 H(Y)=3.667 active=43/50 pairs=813 NMI=0.8983 ACC=0.8113
2026-08-12 13:36:05,450 - INFO - [round r6 e1] L=-4.0676 MI=-4.9401 PW=0.8725 H(Y|X)=0.586 H(Y)=3.684 active=41/50 pairs=813 NMI=0.9042 ACC=0.8113
2026-08-12 13:36:05,515 - INFO - [round r6 e2] L=-4.3046 MI=-4.9247 PW=0.6201 H(Y|X)=0.612 H(Y)=3.691 active=43/50 pairs=813 NMI=0.9040 ACC=0.8050
2026-08-12 13:36:05,584 - INFO - [round r7 e1] L=-4.2892 MI=-4.9567 PW=0.6675 H(Y|X)=0.582 H(Y)=3.693 active=45/50 pairs=813 NMI=0.9028 ACC=0.8237
2026-08-12 13:36:05,650 - INFO - [round r7 e2] L=-4.4218 MI=-4.9729 PW=0.5511 H(Y|X)=0.556 H(Y)=3.686 active=42/50 pairs=813 NMI=0.8991 ACC=0.7875
2026-08-12 13:36:05,719 - INFO - [round r8 e1] L=-4.3807 MI=-4.9840 PW=0.6033 H(Y|X)=0.523 H(Y)=3.672 active=44/50 pairs=813 NMI=0.8969 ACC=0.7906
2026-08-12 13:36:05,785 - INFO - [round r8 e2] L=-4.5181 MI=-4.9786 PW=0.4605 H(Y|X)=0.547 H(Y)=3.683 active=43/50 pairs=813 NMI=0.9063 ACC=0.8269
2026-08-12 13:36:05,854 - INFO - [round r9 e1] L=-4.1970 MI=-5.0261 PW=0.8290 H(Y|X)=0.528 H(Y)=3.703 active=42/50 pairs=813 NMI=0.9056 ACC=0.7994
2026-08-12 13:36:05,920 - INFO - [round r9 e2] L=-4.3247 MI=-5.0446 PW=0.7199 H(Y|X)=0.529 H(Y)=3.716 active=45/50 pairs=813 NMI=0.9063 ACC=0.8181
2026-08-12 13:36:05,989 - INFO - [round r10 e1] L=-4.5112 MI=-5.0263 PW=0.5151 H(Y|X)=0.536 H(Y)=3.708 active=46/50 pairs=813 NMI=0.9039 ACC=0.8081
2026-08-12 13:36:06,056 - INFO - [round r10 e2] L=-4.5915 MI=-5.0463 PW=0.4548 H(Y|X)=0.536 H(Y)=3.721 active=47/50 pairs=813 NMI=0.9008 ACC=0.8050
2026-08-12 13:36:06,126 - INFO - [round r11 e1] L=-4.5948 MI=-5.0427 PW=0.4479 H(Y|X)=0.489 H(Y)=3.688 active=47/50 pairs=813 NMI=0.8980 ACC=0.7944
2026-08-12 13:36:06,194 - INFO - [round r11 e2] L=-4.5300 MI=-5.0379 PW=0.5080 H(Y|X)=0.480 H(Y)=3.678 active=45/50 pairs=813 NMI=0.9020 ACC=0.8069
2026-08-12 13:36:06,263 - INFO - [round r12 e1] L=-4.4119 MI=-5.0459 PW=0.6340 H(Y|X)=0.495 H(Y)=3.694 active=45/50 pairs=813 NMI=0.9066 ACC=0.8300
2026-08-12 13:36:06,329 - INFO - [round r12 e2] L=-4.5877 MI=-5.0628 PW=0.4751 H(Y|X)=0.509 H(Y)=3.714 active=46/50 pairs=813 NMI=0.9090 ACC=0.8344
2026-08-12 13:36:06,399 - INFO - [round r13 e1] L=-4.3634 MI=-5.0580 PW=0.6946 H(Y|X)=0.509 H(Y)=3.711 active=46/50 pairs=813 NMI=0.9138 ACC=0.8450
2026-08-12 13:36:06,465 - INFO - [round r13 e2] L=-4.3930 MI=-5.0816 PW=0.6886 H(Y|X)=0.507 H(Y)=3.725 active=49/50 pairs=813 NMI=0.9048 ACC=0.8413
2026-08-12 13:36:06,534 - INFO - [round r14 e1] L=-4.4038 MI=-5.0244 PW=0.6205 H(Y|X)=0.535 H(Y)=3.707 active=46/50 pairs=813 NMI=0.9024 ACC=0.8100
2026-08-12 13:36:06,601 - INFO - [round r14 e2] L=-4.6570 MI=-5.0061 PW=0.3491 H(Y|X)=0.551 H(Y)=3.705 active=46/50 pairs=813 NMI=0.8978 ACC=0.7925
2026-08-12 13:36:06,671 - INFO - [round r15 e1] L=-4.5646 MI=-5.0372 PW=0.4726 H(Y|X)=0.509 H(Y)=3.697 active=49/50 pairs=813 NMI=0.9003 ACC=0.7963
2026-08-12 13:36:06,737 - INFO - [round r15 e2] L=-4.6725 MI=-5.1133 PW=0.4409 H(Y|X)=0.458 H(Y)=3.714 active=47/50 pairs=813 NMI=0.9073 ACC=0.8231
2026-08-12 13:36:06,808 - INFO - [round r16 e1] L=-4.7004 MI=-5.0993 PW=0.3989 H(Y|X)=0.449 H(Y)=3.699 active=46/50 pairs=813 NMI=0.9113 ACC=0.8419
2026-08-12 13:36:06,874 - INFO - [round r16 e2] L=-4.4985 MI=-5.1436 PW=0.6451 H(Y|X)=0.449 H(Y)=3.728 active=50/50 pairs=813 NMI=0.9007 ACC=0.8069
2026-08-12 13:36:06,943 - INFO - [round r17 e1] L=-4.7737 MI=-5.1139 PW=0.3402 H(Y|X)=0.467 H(Y)=3.721 active=49/50 pairs=813 NMI=0.9105 ACC=0.8287
2026-08-12 13:36:07,009 - INFO - [round r17 e2] L=-4.5296 MI=-5.1293 PW=0.5997 H(Y|X)=0.481 H(Y)=3.740 active=49/50 pairs=813 NMI=0.9094 ACC=0.8381
2026-08-12 13:36:07,077 - INFO - [round r18 e1] L=-4.6058 MI=-5.1181 PW=0.5123 H(Y|X)=0.478 H(Y)=3.731 active=48/50 pairs=813 NMI=0.9043 ACC=0.8156
2026-08-12 13:36:07,143 - INFO - [round r18 e2] L=-4.6052 MI=-5.1047 PW=0.4995 H(Y|X)=0.469 H(Y)=3.716 active=50/50 pairs=813 NMI=0.9053 ACC=0.8263
2026-08-12 13:36:07,215 - INFO - [round r19 e1] L=-4.6597 MI=-5.0933 PW=0.4336 H(Y|X)=0.484 H(Y)=3.718 active=49/50 pairs=813 NMI=0.9032 ACC=0.8250
2026-08-12 13:36:07,280 - INFO - [round r19 e2] L=-4.7243 MI=-5.1006 PW=0.3763 H(Y|X)=0.473 H(Y)=3.716 active=50/50 pairs=813 NMI=0.9019 ACC=0.8156
2026-08-12 13:36:07,348 - INFO - [round r20 e1] L=-4.6619 MI=-5.1238 PW=0.4619 H(Y|X)=0.443 H(Y)=3.711 active=50/50 pairs=813 NMI=0.9031 ACC=0.8213
2026-08-12 13:36:07,414 - INFO - [round r20 e2] L=-4.8279 MI=-5.1080 PW=0.2801 H(Y|X)=0.437 H(Y)=3.697 active=50/50 pairs=813 NMI=0.8982 ACC=0.7969
2026-08-12 13:36:08,568 - INFO - Artefacts written to results_v2/ddc_phase1/awa2/raw_mu15_s42/
2026-08-12 13:36:08,568 - INFO - === RESULT ===
2026-08-12 13:36:08,568 - INFO - final  NMI=0.8982 ACC=0.7969 ARI=0.7752 active=50/50
2026-08-12 13:36:08,568 - INFO - best   NMI=0.9138 at step 245 (round round 13)
2026-08-12 13:36:08,569 - INFO - TC=0.0 ITF=0.0 (nats)
