2026-08-12 13:36:40,791 - INFO - GPU: NVIDIA GeForce RTX 4090
2026-08-12 13:36:40,845 - INFO - Predicate matrix: 50 classes × 85 attributes
2026-08-12 13:36:40,895 - INFO - Train split: 29857 samples, 50 classes, 85 attributes
2026-08-12 13:36:41,999 - INFO - Loaded cached features (29857, 2048) from cache/resnet101_awa2_full.npz
2026-08-12 13:36:42,010 - INFO - Binary tags (29857, 85) from data/AwA2-data/Animals_with_Attributes2/predicate-matrix-binary.txt (density=0.365)
2026-08-12 13:36:42,019 - INFO - Annotation r=0.5 (instance-level): 799/1600 annotated, 801 mean-imputed
2026-08-12 13:36:42,019 - INFO - === DDC rebuild | awa2 (sanity) | N=1600 | K=50 | M=85 | preproc=none | r=0.5 ===
2026-08-12 13:36:44,685 - INFO - Pre-training 10 epochs (g = identity, Algorithm 1 lines 1-2)
2026-08-12 13:36:45,815 - INFO - [pretrain r0 e1] L=-1.9615 MI=-1.9615 PW=0.0062 H(Y|X)=3.898 H(Y)=3.907 active=17/50 pairs=799 NMI=0.2723 ACC=0.1681
2026-08-12 13:36:45,858 - INFO - [pretrain r0 e2] L=-2.1770 MI=-2.1770 PW=0.9312 H(Y|X)=3.400 H(Y)=3.718 active=20/50 pairs=799 NMI=0.3846 ACC=0.1694
2026-08-12 13:36:45,906 - INFO - [pretrain r0 e3] L=-2.6679 MI=-2.6679 PW=2.5433 H(Y|X)=2.781 H(Y)=3.633 active=21/50 pairs=799 NMI=0.4085 ACC=0.1950
2026-08-12 13:36:45,959 - INFO - [pretrain r0 e4] L=-3.2297 MI=-3.2297 PW=4.6496 H(Y|X)=2.103 H(Y)=3.555 active=24/50 pairs=799 NMI=0.4982 ACC=0.2800
2026-08-12 13:36:46,014 - INFO - [pretrain r0 e5] L=-3.7515 MI=-3.7515 PW=6.2275 H(Y|X)=1.485 H(Y)=3.491 active=38/50 pairs=799 NMI=0.5401 ACC=0.3331
2026-08-12 13:36:46,073 - INFO - [pretrain r0 e6] L=-4.2266 MI=-4.2266 PW=7.8146 H(Y|X)=1.080 H(Y)=3.538 active=40/50 pairs=799 NMI=0.5630 ACC=0.3544
2026-08-12 13:36:46,134 - INFO - [pretrain r0 e7] L=-4.5115 MI=-4.5115 PW=8.3899 H(Y|X)=0.783 H(Y)=3.530 active=40/50 pairs=799 NMI=0.5901 ACC=0.3713
2026-08-12 13:36:46,196 - INFO - [pretrain r0 e8] L=-4.6890 MI=-4.6890 PW=9.4786 H(Y|X)=0.465 H(Y)=3.436 active=37/50 pairs=799 NMI=0.6039 ACC=0.4081
2026-08-12 13:36:46,261 - INFO - [pretrain r0 e9] L=-4.7728 MI=-4.7728 PW=10.5239 H(Y|X)=0.367 H(Y)=3.426 active=37/50 pairs=799 NMI=0.6070 ACC=0.4244
2026-08-12 13:36:46,330 - INFO - [pretrain r0 e10] L=-4.8265 MI=-4.8265 PW=10.5976 H(Y|X)=0.268 H(Y)=3.396 active=38/50 pairs=799 NMI=0.6030 ACC=0.4200
2026-08-12 13:36:46,398 - INFO - [round r1 e1] L=-4.8714 MI=-4.8714 PW=10.4825 H(Y|X)=0.230 H(Y)=3.401 active=37/50 pairs=799 NMI=0.6277 ACC=0.4350
2026-08-12 13:36:46,464 - INFO - [round r1 e2] L=-4.7824 MI=-4.7824 PW=10.4192 H(Y|X)=0.193 H(Y)=3.317 active=36/50 pairs=799 NMI=0.6134 ACC=0.4256
2026-08-12 13:36:46,532 - INFO - [round r2 e1] L=-4.9387 MI=-4.9387 PW=11.6140 H(Y|X)=0.176 H(Y)=3.410 active=37/50 pairs=799 NMI=0.6261 ACC=0.4244
2026-08-12 13:36:46,597 - INFO - [round r2 e2] L=-4.9843 MI=-4.9843 PW=10.8474 H(Y|X)=0.147 H(Y)=3.421 active=36/50 pairs=799 NMI=0.6418 ACC=0.4581
2026-08-12 13:36:46,666 - INFO - [round r3 e1] L=-4.9781 MI=-4.9781 PW=10.3685 H(Y|X)=0.135 H(Y)=3.409 active=36/50 pairs=799 NMI=0.6516 ACC=0.4806
2026-08-12 13:36:46,732 - INFO - [round r3 e2] L=-4.9786 MI=-4.9786 PW=11.0432 H(Y|X)=0.122 H(Y)=3.400 active=36/50 pairs=799 NMI=0.6536 ACC=0.4856
2026-08-12 13:36:46,802 - INFO - [round r4 e1] L=-4.9908 MI=-4.9908 PW=11.2648 H(Y|X)=0.123 H(Y)=3.409 active=36/50 pairs=799 NMI=0.6414 ACC=0.4612
2026-08-12 13:36:46,869 - INFO - [round r4 e2] L=-4.9649 MI=-4.9649 PW=11.3660 H(Y|X)=0.105 H(Y)=3.380 active=36/50 pairs=799 NMI=0.6636 ACC=0.4881
2026-08-12 13:36:46,939 - INFO - [round r5 e1] L=-5.0934 MI=-5.0934 PW=12.0732 H(Y|X)=0.099 H(Y)=3.462 active=36/50 pairs=799 NMI=0.6559 ACC=0.4738
2026-08-12 13:36:47,005 - INFO - [round r5 e2] L=-5.0561 MI=-5.0561 PW=11.6061 H(Y|X)=0.094 H(Y)=3.433 active=36/50 pairs=799 NMI=0.6667 ACC=0.4881
2026-08-12 13:36:47,075 - INFO - [round r6 e1] L=-5.0850 MI=-5.0850 PW=12.2387 H(Y|X)=0.082 H(Y)=3.445 active=36/50 pairs=799 NMI=0.6630 ACC=0.4931
2026-08-12 13:36:47,142 - INFO - [round r6 e2] L=-5.0546 MI=-5.0546 PW=11.2400 H(Y|X)=0.092 H(Y)=3.431 active=36/50 pairs=799 NMI=0.6707 ACC=0.4950
2026-08-12 13:36:47,212 - INFO - [round r7 e1] L=-5.0629 MI=-5.0629 PW=10.9466 H(Y|X)=0.071 H(Y)=3.423 active=36/50 pairs=799 NMI=0.6662 ACC=0.4950
2026-08-12 13:36:47,280 - INFO - [round r7 e2] L=-5.0596 MI=-5.0596 PW=12.1519 H(Y|X)=0.065 H(Y)=3.416 active=36/50 pairs=799 NMI=0.6691 ACC=0.5031
2026-08-12 13:36:47,350 - INFO - [round r8 e1] L=-5.0848 MI=-5.0848 PW=11.5639 H(Y|X)=0.059 H(Y)=3.429 active=36/50 pairs=799 NMI=0.6710 ACC=0.5094
2026-08-12 13:36:47,416 - INFO - [round r8 e2] L=-5.0630 MI=-5.0630 PW=12.0559 H(Y|X)=0.062 H(Y)=3.416 active=36/50 pairs=799 NMI=0.6590 ACC=0.4931
2026-08-12 13:36:47,486 - INFO - [round r9 e1] L=-5.1059 MI=-5.1059 PW=12.6212 H(Y|X)=0.061 H(Y)=3.444 active=36/50 pairs=799 NMI=0.6638 ACC=0.4931
2026-08-12 13:36:47,552 - INFO - [round r9 e2] L=-5.1166 MI=-5.1166 PW=12.1874 H(Y|X)=0.051 H(Y)=3.445 active=36/50 pairs=799 NMI=0.6654 ACC=0.4988
2026-08-12 13:36:47,621 - INFO - [round r10 e1] L=-5.0931 MI=-5.0931 PW=11.8771 H(Y|X)=0.047 H(Y)=3.427 active=36/50 pairs=799 NMI=0.6702 ACC=0.5075
2026-08-12 13:36:47,687 - INFO - [round r10 e2] L=-5.1244 MI=-5.1244 PW=11.9636 H(Y|X)=0.041 H(Y)=3.444 active=36/50 pairs=799 NMI=0.6699 ACC=0.5056
2026-08-12 13:36:47,762 - INFO - [round r11 e1] L=-5.0468 MI=-5.0468 PW=12.1678 H(Y|X)=0.045 H(Y)=3.395 active=36/50 pairs=799 NMI=0.6649 ACC=0.4988
2026-08-12 13:36:47,828 - INFO - [round r11 e2] L=-5.1034 MI=-5.1034 PW=12.2253 H(Y|X)=0.063 H(Y)=3.444 active=36/50 pairs=799 NMI=0.6695 ACC=0.5019
2026-08-12 13:36:47,896 - INFO - [round r12 e1] L=-5.1547 MI=-5.1547 PW=12.8155 H(Y|X)=0.057 H(Y)=3.474 active=36/50 pairs=799 NMI=0.6454 ACC=0.4744
2026-08-12 13:36:47,962 - INFO - [round r12 e2] L=-5.0878 MI=-5.0878 PW=13.3857 H(Y|X)=0.063 H(Y)=3.434 active=36/50 pairs=799 NMI=0.6563 ACC=0.4906
2026-08-12 13:36:48,031 - INFO - [round r13 e1] L=-5.0503 MI=-5.0503 PW=12.0070 H(Y|X)=0.062 H(Y)=3.408 active=36/50 pairs=799 NMI=0.6360 ACC=0.4400
2026-08-12 13:36:48,097 - INFO - [round r13 e2] L=-5.0281 MI=-5.0281 PW=13.0505 H(Y|X)=0.067 H(Y)=3.397 active=35/50 pairs=799 NMI=0.6615 ACC=0.4906
2026-08-12 13:36:48,166 - INFO - [round r14 e1] L=-5.0610 MI=-5.0610 PW=12.6265 H(Y|X)=0.048 H(Y)=3.406 active=35/50 pairs=799 NMI=0.6658 ACC=0.4925
2026-08-12 13:36:48,232 - INFO - [round r14 e2] L=-5.0535 MI=-5.0535 PW=12.1999 H(Y|X)=0.049 H(Y)=3.402 active=35/50 pairs=799 NMI=0.6673 ACC=0.4988
2026-08-12 13:36:48,302 - INFO - [round r15 e1] L=-5.0390 MI=-5.0390 PW=12.4759 H(Y|X)=0.041 H(Y)=3.387 active=35/50 pairs=799 NMI=0.6793 ACC=0.5231
2026-08-12 13:36:48,368 - INFO - [round r15 e2] L=-5.0540 MI=-5.0540 PW=11.7817 H(Y|X)=0.039 H(Y)=3.395 active=35/50 pairs=799 NMI=0.6683 ACC=0.5062
2026-08-12 13:36:48,439 - INFO - [round r16 e1] L=-5.0800 MI=-5.0800 PW=13.0682 H(Y|X)=0.038 H(Y)=3.412 active=35/50 pairs=799 NMI=0.6626 ACC=0.4919
2026-08-12 13:36:48,505 - INFO - [round r16 e2] L=-5.1006 MI=-5.1006 PW=13.2187 H(Y|X)=0.042 H(Y)=3.428 active=35/50 pairs=799 NMI=0.6663 ACC=0.5094
2026-08-12 13:36:48,575 - INFO - [round r17 e1] L=-5.0796 MI=-5.0796 PW=13.3687 H(Y|X)=0.038 H(Y)=3.412 active=35/50 pairs=799 NMI=0.6677 ACC=0.5012
2026-08-12 13:36:48,641 - INFO - [round r17 e2] L=-5.1081 MI=-5.1081 PW=14.1858 H(Y|X)=0.033 H(Y)=3.427 active=35/50 pairs=799 NMI=0.6689 ACC=0.5019
2026-08-12 13:36:48,711 - INFO - [round r18 e1] L=-5.0784 MI=-5.0784 PW=12.8986 H(Y|X)=0.038 H(Y)=3.411 active=34/50 pairs=799 NMI=0.6743 ACC=0.5012
2026-08-12 13:36:48,777 - INFO - [round r18 e2] L=-5.0666 MI=-5.0666 PW=13.3979 H(Y|X)=0.051 H(Y)=3.412 active=34/50 pairs=799 NMI=0.6747 ACC=0.5100
2026-08-12 13:36:48,845 - INFO - [round r19 e1] L=-5.0529 MI=-5.0529 PW=11.8900 H(Y|X)=0.046 H(Y)=3.400 active=35/50 pairs=799 NMI=0.6765 ACC=0.5244
2026-08-12 13:36:48,910 - INFO - [round r19 e2] L=-5.0470 MI=-5.0470 PW=12.7451 H(Y|X)=0.037 H(Y)=3.389 active=35/50 pairs=799 NMI=0.6680 ACC=0.5194
2026-08-12 13:36:48,979 - INFO - [round r20 e1] L=-5.0708 MI=-5.0708 PW=12.9347 H(Y|X)=0.032 H(Y)=3.402 active=35/50 pairs=799 NMI=0.6685 ACC=0.5131
2026-08-12 13:36:49,045 - INFO - [round r20 e2] L=-5.0589 MI=-5.0589 PW=12.2519 H(Y|X)=0.042 H(Y)=3.400 active=35/50 pairs=799 NMI=0.6728 ACC=0.5169
2026-08-12 13:36:50,069 - INFO - Artefacts written to results_v2/ddc_phase1/awa2/raw_lam0_s43/
2026-08-12 13:36:50,069 - INFO - === RESULT ===
2026-08-12 13:36:50,069 - INFO - final  NMI=0.6728 ACC=0.5169 ARI=0.4270 active=35/50
2026-08-12 13:36:50,069 - INFO - best   NMI=0.6793 at step 273 (round round 15)
2026-08-12 13:36:50,069 - INFO - TC=0.0 ITF=0.0 (nats)
