2026-08-12 12:03:01,839 - INFO - GPU: NVIDIA GeForce RTX 4090
2026-08-12 12:03:01,892 - INFO - Predicate matrix: 50 classes × 85 attributes
2026-08-12 12:03:01,939 - INFO - Train split: 29857 samples, 50 classes, 85 attributes
2026-08-12 12:03:03,029 - INFO - Loaded cached features (29857, 2048) from cache/resnet101_awa2_full.npz
2026-08-12 12:03:03,040 - INFO - Binary tags (29857, 85) from data/AwA2-data/Animals_with_Attributes2/predicate-matrix-binary.txt (density=0.365)
2026-08-12 12:03:03,066 - INFO - Annotation r=0.5 (instance-level): 813/1600 annotated, 787 mean-imputed
2026-08-12 12:03:03,066 - INFO - === DDC rebuild | awa2 (sanity) | N=1600 | K=50 | M=85 | preproc=zscore | r=0.5 ===
2026-08-12 12:03:05,718 - INFO - Pre-training 10 epochs (g = identity, Algorithm 1 lines 1-2)
2026-08-12 12:03:06,826 - INFO - [pretrain r0 e1] L=-1.9520 MI=-1.9580 PW=0.0060 H(Y|X)=3.907 H(Y)=3.910 active=48/50 pairs=813 NMI=0.3684 ACC=0.2000
2026-08-12 12:03:06,870 - INFO - [pretrain r0 e2] L=-1.9514 MI=-1.9612 PW=0.0098 H(Y|X)=3.906 H(Y)=3.912 active=41/50 pairs=813 NMI=0.4762 ACC=0.2456
2026-08-12 12:03:06,919 - INFO - [pretrain r0 e3] L=-2.0054 MI=-2.0420 PW=0.0366 H(Y|X)=3.812 H(Y)=3.903 active=29/50 pairs=813 NMI=0.5086 ACC=0.2487
2026-08-12 12:03:06,975 - INFO - [pretrain r0 e4] L=-2.3758 MI=-2.6080 PW=0.2322 H(Y|X)=3.097 H(Y)=3.803 active=42/50 pairs=813 NMI=0.6294 ACC=0.3675
2026-08-12 12:03:07,033 - INFO - [pretrain r0 e5] L=-2.7329 MI=-3.1452 PW=0.4123 H(Y|X)=2.567 H(Y)=3.808 active=41/50 pairs=813 NMI=0.7082 ACC=0.4994
2026-08-12 12:03:07,093 - INFO - [pretrain r0 e6] L=-3.0778 MI=-3.5477 PW=0.4699 H(Y|X)=2.157 H(Y)=3.803 active=41/50 pairs=813 NMI=0.7385 ACC=0.5138
2026-08-12 12:03:07,156 - INFO - [pretrain r0 e7] L=-3.3417 MI=-3.9055 PW=0.5638 H(Y|X)=1.768 H(Y)=3.782 active=42/50 pairs=813 NMI=0.7799 ACC=0.5619
2026-08-12 12:03:07,220 - INFO - [pretrain r0 e8] L=-3.7769 MI=-4.2084 PW=0.4315 H(Y|X)=1.370 H(Y)=3.719 active=38/50 pairs=813 NMI=0.7932 ACC=0.6044
2026-08-12 12:03:07,285 - INFO - [pretrain r0 e9] L=-3.8701 MI=-4.4607 PW=0.5906 H(Y|X)=1.070 H(Y)=3.687 active=43/50 pairs=813 NMI=0.8430 ACC=0.7075
2026-08-12 12:03:07,352 - INFO - [pretrain r0 e10] L=-3.9986 MI=-4.6350 PW=0.6364 H(Y|X)=0.911 H(Y)=3.698 active=44/50 pairs=813 NMI=0.8426 ACC=0.7050
2026-08-12 12:03:07,422 - INFO - [round r1 e1] L=-3.9864 MI=-4.7109 PW=0.7245 H(Y|X)=0.807 H(Y)=3.679 active=46/50 pairs=813 NMI=0.8703 ACC=0.7681
2026-08-12 12:03:07,490 - INFO - [round r1 e2] L=-4.0599 MI=-4.9050 PW=0.8451 H(Y|X)=0.640 H(Y)=3.696 active=46/50 pairs=813 NMI=0.8844 ACC=0.7856
2026-08-12 12:03:07,561 - INFO - [round r2 e1] L=-4.4033 MI=-4.9912 PW=0.5880 H(Y|X)=0.536 H(Y)=3.685 active=45/50 pairs=813 NMI=0.8744 ACC=0.7950
2026-08-12 12:03:07,629 - INFO - [round r2 e2] L=-4.2942 MI=-5.0323 PW=0.7382 H(Y|X)=0.442 H(Y)=3.649 active=44/50 pairs=813 NMI=0.8791 ACC=0.7950
2026-08-12 12:03:07,697 - INFO - [round r3 e1] L=-4.4122 MI=-5.0106 PW=0.5984 H(Y|X)=0.398 H(Y)=3.606 active=43/50 pairs=813 NMI=0.8890 ACC=0.7919
2026-08-12 12:03:07,764 - INFO - [round r3 e2] L=-4.3962 MI=-5.0651 PW=0.6689 H(Y|X)=0.374 H(Y)=3.626 active=43/50 pairs=813 NMI=0.8952 ACC=0.8200
2026-08-12 12:03:07,836 - INFO - [round r4 e1] L=-4.5267 MI=-5.1227 PW=0.5960 H(Y|X)=0.363 H(Y)=3.657 active=46/50 pairs=813 NMI=0.8878 ACC=0.8019
2026-08-12 12:03:07,902 - INFO - [round r4 e2] L=-4.3565 MI=-5.1573 PW=0.8008 H(Y|X)=0.348 H(Y)=3.670 active=44/50 pairs=813 NMI=0.8980 ACC=0.8094
2026-08-12 12:03:07,972 - INFO - [round r5 e1] L=-4.2752 MI=-5.1366 PW=0.8613 H(Y|X)=0.339 H(Y)=3.651 active=46/50 pairs=813 NMI=0.8975 ACC=0.8237
2026-08-12 12:03:08,040 - INFO - [round r5 e2] L=-4.3547 MI=-5.1478 PW=0.7931 H(Y|X)=0.346 H(Y)=3.663 active=46/50 pairs=813 NMI=0.9008 ACC=0.8313
2026-08-12 12:03:08,110 - INFO - [round r6 e1] L=-4.1681 MI=-5.1363 PW=0.9682 H(Y|X)=0.418 H(Y)=3.703 active=47/50 pairs=813 NMI=0.8923 ACC=0.8094
2026-08-12 12:03:08,178 - INFO - [round r6 e2] L=-4.4285 MI=-5.1737 PW=0.7451 H(Y|X)=0.396 H(Y)=3.713 active=46/50 pairs=813 NMI=0.8948 ACC=0.8269
2026-08-12 12:03:08,249 - INFO - [round r7 e1] L=-4.4586 MI=-5.2124 PW=0.7538 H(Y|X)=0.348 H(Y)=3.707 active=47/50 pairs=813 NMI=0.8979 ACC=0.8213
2026-08-12 12:03:08,317 - INFO - [round r7 e2] L=-4.6189 MI=-5.2237 PW=0.6049 H(Y|X)=0.321 H(Y)=3.697 active=48/50 pairs=813 NMI=0.8894 ACC=0.8063
2026-08-12 12:03:08,387 - INFO - [round r8 e1] L=-4.5532 MI=-5.2385 PW=0.6853 H(Y|X)=0.329 H(Y)=3.712 active=47/50 pairs=813 NMI=0.8986 ACC=0.8300
2026-08-12 12:03:08,454 - INFO - [round r8 e2] L=-4.6438 MI=-5.2179 PW=0.5741 H(Y|X)=0.318 H(Y)=3.691 active=48/50 pairs=813 NMI=0.8913 ACC=0.8006
2026-08-12 12:03:08,524 - INFO - [round r9 e1] L=-4.4571 MI=-5.2310 PW=0.7739 H(Y|X)=0.296 H(Y)=3.685 active=48/50 pairs=813 NMI=0.8930 ACC=0.8050
2026-08-12 12:03:08,591 - INFO - [round r9 e2] L=-4.2151 MI=-5.2601 PW=1.0450 H(Y|X)=0.276 H(Y)=3.691 active=48/50 pairs=813 NMI=0.8961 ACC=0.8187
2026-08-12 12:03:08,661 - INFO - [round r10 e1] L=-4.5308 MI=-5.2264 PW=0.6957 H(Y|X)=0.270 H(Y)=3.664 active=48/50 pairs=813 NMI=0.8962 ACC=0.8100
2026-08-12 12:03:08,729 - INFO - [round r10 e2] L=-4.6520 MI=-5.2488 PW=0.5969 H(Y|X)=0.271 H(Y)=3.680 active=48/50 pairs=813 NMI=0.8918 ACC=0.8056
2026-08-12 12:03:08,800 - INFO - [round r11 e1] L=-4.7225 MI=-5.2241 PW=0.5017 H(Y|X)=0.271 H(Y)=3.663 active=48/50 pairs=813 NMI=0.8894 ACC=0.8075
2026-08-12 12:03:08,866 - INFO - [round r11 e2] L=-4.4918 MI=-5.2142 PW=0.7224 H(Y|X)=0.278 H(Y)=3.662 active=48/50 pairs=813 NMI=0.8951 ACC=0.8137
2026-08-12 12:03:08,937 - INFO - [round r12 e1] L=-4.4963 MI=-5.2303 PW=0.7340 H(Y|X)=0.286 H(Y)=3.677 active=48/50 pairs=813 NMI=0.8908 ACC=0.7975
2026-08-12 12:03:09,004 - INFO - [round r12 e2] L=-4.7282 MI=-5.2586 PW=0.5304 H(Y|X)=0.284 H(Y)=3.695 active=47/50 pairs=813 NMI=0.8959 ACC=0.8175
2026-08-12 12:03:09,074 - INFO - [round r13 e1] L=-4.4106 MI=-5.2543 PW=0.8438 H(Y|X)=0.271 H(Y)=3.683 active=49/50 pairs=813 NMI=0.8968 ACC=0.8100
2026-08-12 12:03:09,143 - INFO - [round r13 e2] L=-4.3700 MI=-5.2820 PW=0.9120 H(Y|X)=0.258 H(Y)=3.693 active=50/50 pairs=813 NMI=0.8967 ACC=0.8119
2026-08-12 12:03:09,214 - INFO - [round r14 e1] L=-4.5241 MI=-5.2830 PW=0.7589 H(Y|X)=0.290 H(Y)=3.715 active=50/50 pairs=813 NMI=0.8928 ACC=0.8025
2026-08-12 12:03:09,282 - INFO - [round r14 e2] L=-4.8527 MI=-5.2784 PW=0.4257 H(Y|X)=0.291 H(Y)=3.713 active=49/50 pairs=813 NMI=0.8995 ACC=0.8213
2026-08-12 12:03:09,353 - INFO - [round r15 e1] L=-4.7444 MI=-5.3031 PW=0.5587 H(Y|X)=0.278 H(Y)=3.721 active=50/50 pairs=813 NMI=0.8946 ACC=0.8094
2026-08-12 12:03:09,421 - INFO - [round r15 e2] L=-4.7353 MI=-5.2932 PW=0.5578 H(Y|X)=0.264 H(Y)=3.705 active=50/50 pairs=813 NMI=0.8978 ACC=0.8150
2026-08-12 12:03:09,491 - INFO - [round r16 e1] L=-4.7788 MI=-5.2770 PW=0.4982 H(Y|X)=0.261 H(Y)=3.692 active=50/50 pairs=813 NMI=0.8954 ACC=0.8119
2026-08-12 12:03:09,559 - INFO - [round r16 e2] L=-4.5965 MI=-5.3048 PW=0.7083 H(Y|X)=0.255 H(Y)=3.706 active=49/50 pairs=813 NMI=0.8914 ACC=0.7937
2026-08-12 12:03:09,630 - INFO - [round r17 e1] L=-4.8416 MI=-5.2923 PW=0.4507 H(Y|X)=0.263 H(Y)=3.704 active=50/50 pairs=813 NMI=0.8879 ACC=0.7856
2026-08-12 12:03:09,697 - INFO - [round r17 e2] L=-4.5477 MI=-5.3079 PW=0.7603 H(Y|X)=0.263 H(Y)=3.714 active=49/50 pairs=813 NMI=0.8895 ACC=0.7869
2026-08-12 12:03:09,768 - INFO - [round r18 e1] L=-4.6802 MI=-5.2700 PW=0.5898 H(Y|X)=0.247 H(Y)=3.678 active=49/50 pairs=813 NMI=0.8888 ACC=0.7850
2026-08-12 12:03:09,837 - INFO - [round r18 e2] L=-4.6417 MI=-5.2840 PW=0.6423 H(Y|X)=0.251 H(Y)=3.690 active=50/50 pairs=813 NMI=0.8921 ACC=0.8006
2026-08-12 12:03:09,907 - INFO - [round r19 e1] L=-4.8292 MI=-5.3203 PW=0.4911 H(Y|X)=0.241 H(Y)=3.708 active=50/50 pairs=813 NMI=0.8916 ACC=0.8019
2026-08-12 12:03:09,973 - INFO - [round r19 e2] L=-4.9039 MI=-5.3180 PW=0.4141 H(Y|X)=0.238 H(Y)=3.704 active=50/50 pairs=813 NMI=0.8907 ACC=0.7994
2026-08-12 12:03:10,044 - INFO - [round r20 e1] L=-4.7296 MI=-5.3335 PW=0.6039 H(Y|X)=0.202 H(Y)=3.691 active=50/50 pairs=813 NMI=0.8899 ACC=0.7913
2026-08-12 12:03:10,111 - INFO - [round r20 e2] L=-4.9762 MI=-5.3084 PW=0.3322 H(Y|X)=0.204 H(Y)=3.675 active=50/50 pairs=813 NMI=0.8864 ACC=0.7850
2026-08-12 12:03:11,238 - INFO - Artefacts written to results_v2/ddc_phase1/awa2/mu15_noilp/
2026-08-12 12:03:11,238 - INFO - === RESULT ===
2026-08-12 12:03:11,238 - INFO - final  NMI=0.8864 ACC=0.7850 ARI=0.7551 active=50/50
2026-08-12 12:03:11,238 - INFO - best   NMI=0.9008 at step 140 (round round 5)
2026-08-12 12:03:11,238 - INFO - TC=0.0 ITF=0.0 (nats)
