2026-08-12 13:36:27,040 - INFO - GPU: NVIDIA GeForce RTX 4090
2026-08-12 13:36:27,093 - INFO - Predicate matrix: 50 classes × 85 attributes
2026-08-12 13:36:27,140 - INFO - Train split: 29857 samples, 50 classes, 85 attributes
2026-08-12 13:36:28,281 - INFO - Loaded cached features (29857, 2048) from cache/resnet101_awa2_full.npz
2026-08-12 13:36:28,293 - INFO - Binary tags (29857, 85) from data/AwA2-data/Animals_with_Attributes2/predicate-matrix-binary.txt (density=0.365)
2026-08-12 13:36:28,302 - INFO - Annotation r=0.5 (instance-level): 799/1600 annotated, 801 mean-imputed
2026-08-12 13:36:28,302 - INFO - === DDC rebuild | awa2 (sanity) | N=1600 | K=50 | M=85 | preproc=none | r=0.5 ===
2026-08-12 13:36:30,960 - INFO - Pre-training 10 epochs (g = identity, Algorithm 1 lines 1-2)
2026-08-12 13:36:32,089 - INFO - [pretrain r0 e1] L=-1.9556 MI=-1.9559 PW=0.0002 H(Y|X)=3.911 H(Y)=3.911 active=27/50 pairs=799 NMI=0.3751 ACC=0.2144
2026-08-12 13:36:32,130 - INFO - [pretrain r0 e2] L=-1.9560 MI=-1.9561 PW=0.0001 H(Y|X)=3.912 H(Y)=3.912 active=42/50 pairs=799 NMI=0.6269 ACC=0.3850
2026-08-12 13:36:32,176 - INFO - [pretrain r0 e3] L=-1.9583 MI=-1.9599 PW=0.0016 H(Y|X)=3.908 H(Y)=3.912 active=27/50 pairs=799 NMI=0.6432 ACC=0.3750
2026-08-12 13:36:32,227 - INFO - [pretrain r0 e4] L=-2.0416 MI=-2.1413 PW=0.0997 H(Y|X)=3.704 H(Y)=3.897 active=30/50 pairs=799 NMI=0.6171 ACC=0.3638
2026-08-12 13:36:32,283 - INFO - [pretrain r0 e5] L=-2.4960 MI=-2.6658 PW=0.1698 H(Y|X)=3.131 H(Y)=3.865 active=30/50 pairs=799 NMI=0.6279 ACC=0.3425
2026-08-12 13:36:32,341 - INFO - [pretrain r0 e6] L=-2.7561 MI=-3.0677 PW=0.3116 H(Y|X)=2.683 H(Y)=3.834 active=29/50 pairs=799 NMI=0.6785 ACC=0.4106
2026-08-12 13:36:32,402 - INFO - [pretrain r0 e7] L=-2.9447 MI=-3.3153 PW=0.3705 H(Y|X)=2.398 H(Y)=3.809 active=28/50 pairs=799 NMI=0.7206 ACC=0.4469
2026-08-12 13:36:32,464 - INFO - [pretrain r0 e8] L=-3.2477 MI=-3.6030 PW=0.3553 H(Y|X)=2.080 H(Y)=3.788 active=32/50 pairs=799 NMI=0.7316 ACC=0.4644
2026-08-12 13:36:32,528 - INFO - [pretrain r0 e9] L=-3.5131 MI=-3.8607 PW=0.3476 H(Y|X)=1.810 H(Y)=3.781 active=41/50 pairs=799 NMI=0.7781 ACC=0.5413
2026-08-12 13:36:32,593 - INFO - [pretrain r0 e10] L=-3.5911 MI=-4.0819 PW=0.4908 H(Y|X)=1.575 H(Y)=3.771 active=41/50 pairs=799 NMI=0.7860 ACC=0.5219
2026-08-12 13:36:32,661 - INFO - [round r1 e1] L=-3.7371 MI=-4.2541 PW=0.5171 H(Y|X)=1.459 H(Y)=3.809 active=38/50 pairs=799 NMI=0.7924 ACC=0.5513
2026-08-12 13:36:32,727 - INFO - [round r1 e2] L=-3.9861 MI=-4.2554 PW=0.2693 H(Y|X)=1.356 H(Y)=3.741 active=39/50 pairs=799 NMI=0.8178 ACC=0.5650
2026-08-12 13:36:32,795 - INFO - [round r2 e1] L=-4.1093 MI=-4.3934 PW=0.2841 H(Y|X)=1.254 H(Y)=3.765 active=36/50 pairs=799 NMI=0.8169 ACC=0.5800
2026-08-12 13:36:32,860 - INFO - [round r2 e2] L=-3.9914 MI=-4.5395 PW=0.5480 H(Y|X)=1.130 H(Y)=3.779 active=37/50 pairs=799 NMI=0.8417 ACC=0.6619
2026-08-12 13:36:32,929 - INFO - [round r3 e1] L=-4.0859 MI=-4.5597 PW=0.4738 H(Y|X)=1.089 H(Y)=3.766 active=41/50 pairs=799 NMI=0.8427 ACC=0.6587
2026-08-12 13:36:32,995 - INFO - [round r3 e2] L=-4.0573 MI=-4.5558 PW=0.4985 H(Y|X)=1.007 H(Y)=3.709 active=40/50 pairs=799 NMI=0.8514 ACC=0.6937
2026-08-12 13:36:33,064 - INFO - [round r4 e1] L=-4.0820 MI=-4.5739 PW=0.4919 H(Y|X)=1.016 H(Y)=3.727 active=43/50 pairs=799 NMI=0.8443 ACC=0.6825
2026-08-12 13:36:33,131 - INFO - [round r4 e2] L=-3.9829 MI=-4.6383 PW=0.6553 H(Y|X)=0.998 H(Y)=3.757 active=42/50 pairs=799 NMI=0.8392 ACC=0.6837
2026-08-12 13:36:33,205 - INFO - [round r5 e1] L=-4.2679 MI=-4.6925 PW=0.4246 H(Y|X)=0.984 H(Y)=3.785 active=44/50 pairs=799 NMI=0.8640 ACC=0.7394
2026-08-12 13:36:33,269 - INFO - [round r5 e2] L=-4.3733 MI=-4.7575 PW=0.3841 H(Y|X)=0.961 H(Y)=3.813 active=44/50 pairs=799 NMI=0.8594 ACC=0.7438
2026-08-12 13:36:33,337 - INFO - [round r6 e1] L=-4.2574 MI=-4.8014 PW=0.5440 H(Y|X)=0.912 H(Y)=3.809 active=45/50 pairs=799 NMI=0.8846 ACC=0.7919
2026-08-12 13:36:33,402 - INFO - [round r6 e2] L=-4.3355 MI=-4.8222 PW=0.4867 H(Y|X)=0.880 H(Y)=3.802 active=46/50 pairs=799 NMI=0.8781 ACC=0.7706
2026-08-12 13:36:33,471 - INFO - [round r7 e1] L=-4.4958 MI=-4.8041 PW=0.3083 H(Y|X)=0.881 H(Y)=3.790 active=43/50 pairs=799 NMI=0.8745 ACC=0.7606
2026-08-12 13:36:33,537 - INFO - [round r7 e2] L=-4.4596 MI=-4.8361 PW=0.3766 H(Y|X)=0.861 H(Y)=3.798 active=45/50 pairs=799 NMI=0.8778 ACC=0.7744
2026-08-12 13:36:33,606 - INFO - [round r8 e1] L=-4.4312 MI=-4.8629 PW=0.4316 H(Y|X)=0.839 H(Y)=3.801 active=47/50 pairs=799 NMI=0.8677 ACC=0.7581
2026-08-12 13:36:33,669 - INFO - [round r8 e2] L=-4.4213 MI=-4.9248 PW=0.5036 H(Y|X)=0.766 H(Y)=3.794 active=48/50 pairs=799 NMI=0.8723 ACC=0.7544
2026-08-12 13:36:33,737 - INFO - [round r9 e1] L=-4.3722 MI=-4.8962 PW=0.5241 H(Y|X)=0.775 H(Y)=3.781 active=46/50 pairs=799 NMI=0.8896 ACC=0.8113
2026-08-12 13:36:33,801 - INFO - [round r9 e2] L=-4.5683 MI=-4.9326 PW=0.3643 H(Y|X)=0.768 H(Y)=3.800 active=47/50 pairs=799 NMI=0.8856 ACC=0.7831
2026-08-12 13:36:33,869 - INFO - [round r10 e1] L=-4.6588 MI=-4.9258 PW=0.2670 H(Y|X)=0.763 H(Y)=3.793 active=46/50 pairs=799 NMI=0.8874 ACC=0.8006
2026-08-12 13:36:33,935 - INFO - [round r10 e2] L=-4.3979 MI=-5.0351 PW=0.6371 H(Y|X)=0.673 H(Y)=3.806 active=48/50 pairs=799 NMI=0.8933 ACC=0.7987
2026-08-12 13:36:34,004 - INFO - [round r11 e1] L=-4.6617 MI=-5.0047 PW=0.3430 H(Y|X)=0.652 H(Y)=3.771 active=47/50 pairs=799 NMI=0.8985 ACC=0.8250
2026-08-12 13:36:34,070 - INFO - [round r11 e2] L=-4.5608 MI=-5.0736 PW=0.5128 H(Y|X)=0.625 H(Y)=3.799 active=47/50 pairs=799 NMI=0.8970 ACC=0.8075
2026-08-12 13:36:34,139 - INFO - [round r12 e1] L=-4.5732 MI=-5.0922 PW=0.5190 H(Y|X)=0.592 H(Y)=3.790 active=46/50 pairs=799 NMI=0.9033 ACC=0.8481
2026-08-12 13:36:34,205 - INFO - [round r12 e2] L=-4.6996 MI=-5.0578 PW=0.3582 H(Y|X)=0.599 H(Y)=3.771 active=46/50 pairs=799 NMI=0.8980 ACC=0.8206
2026-08-12 13:36:34,274 - INFO - [round r13 e1] L=-4.7246 MI=-5.1445 PW=0.4199 H(Y|X)=0.552 H(Y)=3.798 active=49/50 pairs=799 NMI=0.8951 ACC=0.7944
2026-08-12 13:36:34,340 - INFO - [round r13 e2] L=-4.6156 MI=-5.1147 PW=0.4991 H(Y|X)=0.565 H(Y)=3.786 active=48/50 pairs=799 NMI=0.8996 ACC=0.8244
2026-08-12 13:36:34,410 - INFO - [round r14 e1] L=-4.7885 MI=-5.1301 PW=0.3416 H(Y|X)=0.544 H(Y)=3.783 active=49/50 pairs=799 NMI=0.8924 ACC=0.7756
2026-08-12 13:36:34,477 - INFO - [round r14 e2] L=-4.7447 MI=-5.1211 PW=0.3764 H(Y|X)=0.549 H(Y)=3.780 active=50/50 pairs=799 NMI=0.8955 ACC=0.7931
2026-08-12 13:36:34,546 - INFO - [round r15 e1] L=-4.5434 MI=-5.1370 PW=0.5935 H(Y|X)=0.549 H(Y)=3.790 active=49/50 pairs=799 NMI=0.8931 ACC=0.7900
2026-08-12 13:36:34,613 - INFO - [round r15 e2] L=-4.6331 MI=-5.1450 PW=0.5119 H(Y|X)=0.528 H(Y)=3.782 active=48/50 pairs=799 NMI=0.8976 ACC=0.8031
2026-08-12 13:36:34,683 - INFO - [round r16 e1] L=-4.6446 MI=-5.1242 PW=0.4796 H(Y|X)=0.548 H(Y)=3.782 active=48/50 pairs=799 NMI=0.8999 ACC=0.8163
2026-08-12 13:36:34,750 - INFO - [round r16 e2] L=-4.5484 MI=-5.1051 PW=0.5567 H(Y|X)=0.552 H(Y)=3.771 active=48/50 pairs=799 NMI=0.9035 ACC=0.8031
2026-08-12 13:36:34,820 - INFO - [round r17 e1] L=-4.6470 MI=-5.0838 PW=0.4367 H(Y|X)=0.577 H(Y)=3.774 active=48/50 pairs=799 NMI=0.8989 ACC=0.8113
2026-08-12 13:36:34,888 - INFO - [round r17 e2] L=-4.6430 MI=-5.1436 PW=0.5007 H(Y|X)=0.549 H(Y)=3.795 active=50/50 pairs=799 NMI=0.9015 ACC=0.8063
2026-08-12 13:36:34,957 - INFO - [round r18 e1] L=-4.4868 MI=-5.1559 PW=0.6690 H(Y|X)=0.511 H(Y)=3.778 active=50/50 pairs=799 NMI=0.9012 ACC=0.8137
2026-08-12 13:36:35,023 - INFO - [round r18 e2] L=-4.6197 MI=-5.1480 PW=0.5284 H(Y|X)=0.527 H(Y)=3.783 active=49/50 pairs=799 NMI=0.9027 ACC=0.8256
2026-08-12 13:36:35,093 - INFO - [round r19 e1] L=-4.6647 MI=-5.1257 PW=0.4610 H(Y|X)=0.533 H(Y)=3.772 active=49/50 pairs=799 NMI=0.8934 ACC=0.7887
2026-08-12 13:36:35,159 - INFO - [round r19 e2] L=-4.5354 MI=-5.1382 PW=0.6028 H(Y|X)=0.521 H(Y)=3.773 active=49/50 pairs=799 NMI=0.9002 ACC=0.8306
2026-08-12 13:36:35,228 - INFO - [round r20 e1] L=-4.5291 MI=-5.1614 PW=0.6323 H(Y|X)=0.520 H(Y)=3.787 active=48/50 pairs=799 NMI=0.8975 ACC=0.8181
2026-08-12 13:36:35,294 - INFO - [round r20 e2] L=-4.7045 MI=-5.1436 PW=0.4391 H(Y|X)=0.532 H(Y)=3.784 active=50/50 pairs=799 NMI=0.8891 ACC=0.7794
2026-08-12 13:36:36,443 - INFO - Artefacts written to results_v2/ddc_phase1/awa2/raw_mu15_s43/
2026-08-12 13:36:36,443 - INFO - === RESULT ===
2026-08-12 13:36:36,443 - INFO - final  NMI=0.8891 ACC=0.7794 ARI=0.7679 active=50/50
2026-08-12 13:36:36,443 - INFO - best   NMI=0.9035 at step 294 (round round 16)
2026-08-12 13:36:36,443 - INFO - TC=0.0 ITF=0.0 (nats)
