2026-08-16 21:59:43,809 - INFO - === ILP probe | results_v2/ddc_phase1/apy/apy15_smoke | limit 60s ===
2026-08-16 21:59:43,809 - INFO - run config: alpha=4 (using 5) seed=42 r=0.5 mask=instance original ilp_time_limit=60
2026-08-16 21:59:43,827 - INFO - Predicate matrix: 32 classes × 64 attributes
2026-08-16 21:59:43,828 - INFO - Class filter: 15 classes, 6487 instances retained
2026-08-16 21:59:43,837 - INFO - Train split: 5189 samples, 15 classes, 64 attributes
2026-08-16 21:59:44,008 - INFO - Per-instance binary tags (5189, 64) from data/aPY-data/aPY/per-instance-attributes.tsv (density=0.0869, 1703 distinct rows)
2026-08-16 21:59:44,011 - INFO - Annotation r=0.5 (instance-level): 2643/5189 annotated, 2546 mean-imputed
2026-08-16 21:59:44,012 - INFO - Rebuilt tags (5189, 64), mean 0.0874; assignments (5189,), 15 non-empty clusters
2026-08-16 21:59:44,025 - INFO - Eq (3) headroom: cluster coverage min 4.33, mean 5.53, max 7.76 -> largest alpha any beta could satisfy is 4 (requested 5)
2026-08-16 21:59:44,025 - INFO - K_act=15, M=64, alpha=5: summing Eq (3) over clusters and Eq (4) over tags gives K_act*alpha <= beta*M, so beta >= 2 is a necessary condition
2026-08-16 21:59:44,025 - INFO - [beta=1] infeasible by the summed bound
2026-08-16 21:59:44,054 - INFO - [beta=2] LP relaxation infeasible -> ILP infeasible
2026-08-16 21:59:44,079 - INFO - [beta=3] LP relaxation infeasible -> ILP infeasible
2026-08-16 21:59:44,104 - INFO - [beta=4] LP relaxation infeasible -> ILP infeasible
2026-08-16 21:59:44,132 - INFO - [beta=5] LP relaxation infeasible -> ILP infeasible
2026-08-16 21:59:44,158 - INFO - [beta=6] LP relaxation infeasible -> ILP infeasible
2026-08-16 21:59:44,186 - INFO - [beta=7] LP relaxation infeasible -> ILP infeasible
2026-08-16 21:59:44,212 - INFO - [beta=8] LP relaxation infeasible -> ILP infeasible
2026-08-16 21:59:44,212 - WARNING - No verified solution found within the scan range
2026-08-16 21:59:44,212 - INFO - Wrote results_v2/ilp_probe/apy15_smoke_t60_b1_a5.json
