2026-08-16 20:52:43,826 - INFO - === ILP probe | results_v2/ddc_phase1/awa2/full_mu15_a3_ilp_t120_s42 | limit 120s ===
2026-08-16 20:52:43,827 - INFO - run config: alpha=3 seed=42 r=0.5 mask=instance original ilp_time_limit=120
2026-08-16 20:52:43,872 - INFO - Predicate matrix: 50 classes × 85 attributes
2026-08-16 20:52:43,921 - INFO - Train split: 29857 samples, 50 classes, 85 attributes
2026-08-16 20:52:43,934 - INFO - Binary tags (29857, 85) from data/AwA2-data/Animals_with_Attributes2/predicate-matrix-binary.txt (density=0.365)
2026-08-16 20:52:43,949 - INFO - Annotation r=0.5 (instance-level): 14855/29857 annotated, 15002 mean-imputed
2026-08-16 20:52:43,953 - INFO - Rebuilt tags (29857, 85), mean 0.3649; assignments (29857,), 49 non-empty clusters
2026-08-16 20:52:43,980 - INFO - K_act=49, M=85, alpha=3: summing Eq (3) over clusters and Eq (4) over tags gives K_act*alpha <= beta*M, so beta >= 2 is a necessary condition
2026-08-16 20:52:43,980 - INFO - [beta=1] infeasible by the summed bound
2026-08-16 20:54:44,419 - INFO - [beta=2] time_limit_no_solution after 120.3s (limit 120s)
2026-08-16 20:56:45,024 - INFO - [beta=3] time_limit_incumbent after 120.3s, 70/85 tags kept, verified=True
2026-08-16 20:56:45,056 - INFO - ACCEPTED beta=3 (time_limit_incumbent): tags=70 TC=0.7066 ITF=2.6966 nats
2026-08-16 20:56:45,057 - INFO - RUN REPORTED beta=3 tags=72 TC=0.6886 ITF=2.6668 (limit 120s)
2026-08-16 20:56:45,057 - INFO - Wrote results_v2/ilp_probe/full_mu15_a3_ilp_t120_s42_t120_b4.json
2026-08-16 21:08:05,574 - INFO - === ILP probe | results_v2/ddc_phase1/awa2/full_mu15_a3_ilp_t120_s42 | limit 120s ===
2026-08-16 21:08:05,574 - INFO - run config: alpha=3 seed=42 r=0.5 mask=instance original ilp_time_limit=120
2026-08-16 21:08:05,619 - INFO - Predicate matrix: 50 classes × 85 attributes
2026-08-16 21:08:05,665 - INFO - Train split: 29857 samples, 50 classes, 85 attributes
2026-08-16 21:08:05,678 - INFO - Binary tags (29857, 85) from data/AwA2-data/Animals_with_Attributes2/predicate-matrix-binary.txt (density=0.365)
2026-08-16 21:08:05,691 - INFO - Annotation r=0.5 (instance-level): 14855/29857 annotated, 15002 mean-imputed
2026-08-16 21:08:05,695 - INFO - Rebuilt tags (29857, 85), mean 0.3649; assignments (29857,), 49 non-empty clusters
2026-08-16 21:08:05,718 - INFO - K_act=49, M=85, alpha=3: summing Eq (3) over clusters and Eq (4) over tags gives K_act*alpha <= beta*M, so beta >= 2 is a necessary condition
2026-08-16 21:08:07,888 - INFO - [beta=4] proven_optimal after 2.0s, 51/85 tags kept, verified=True
2026-08-16 21:08:07,908 - INFO - ACCEPTED beta=4 (proven_optimal): tags=51 TC=0.7728 ITF=2.4612 nats
2026-08-16 21:08:07,908 - INFO - RUN REPORTED beta=3 tags=72 TC=0.6886 ITF=2.6668 (limit 120s)
2026-08-16 21:08:07,908 - INFO - Wrote results_v2/ilp_probe/full_mu15_a3_ilp_t120_s42_t120_b4.json
