2026-08-23 21:26:29,816 - INFO - === v1 reconstruction | apy_15_ddeccs_s42 ===
2026-08-23 21:26:29,835 - INFO - Predicate matrix: 32 classes × 64 attributes
2026-08-23 21:26:29,837 - INFO - Class filter: 15 classes, 6487 instances retained
2026-08-23 21:26:29,845 - INFO - Train split: 5189 samples, 15 classes, 64 attributes
2026-08-23 21:26:30,048 - INFO - features (5189, 2048) from cache/resnet101_apy_15_full.npz; tags (5189, 64) (mean 0.0872); K=15
2026-08-23 21:26:30,840 - INFO - [DECCS] GMM uses PCA-reduced features: 2048 → 172
2026-08-23 21:26:31,459 - INFO - [DECCS] Classical base clustering 'KMeans' completed.
2026-08-23 21:26:31,460 - INFO - Base clustering 'KMeans' completed in 0.62s
2026-08-23 21:26:35,433 - INFO - [DECCS] Classical base clustering 'Spectral' completed.
2026-08-23 21:26:35,433 - INFO - Base clustering 'Spectral' completed in 3.97s
2026-08-23 21:26:37,728 - INFO - [DECCS] Classical base clustering 'GMM' completed.
2026-08-23 21:26:37,728 - INFO - Base clustering 'GMM' completed in 2.29s
2026-08-23 21:26:54,423 - INFO - [DECCS] Classical base clustering 'Agglomerative' completed.
2026-08-23 21:26:54,424 - INFO - Base clustering 'Agglomerative' completed in 16.70s
2026-08-23 21:26:54,424 - INFO - [DECCS] 4 base clusterings successful. Shape=(4, 5189)
2026-08-23 21:27:05,661 - INFO - VERIFIED: all 15 cluster sizes match ilp_descriptions.json cluster-for-cluster
2026-08-23 21:27:05,661 - INFO - cluster_sizes shipped {'min': 33, 'max': 1159, 'mean': 345.9} vs ours {'min': 33, 'max': 1159, 'mean': 345.9} -> match
2026-08-23 21:27:05,669 - INFO - seed-42 metrics shipped {'nmi': 0.6769, 'acc': 0.6442, 'ari': 0.4588} vs ours {'nmi': 0.6769, 'acc': 0.6442, 'ari': 0.4588} -> match
2026-08-23 21:27:05,670 - INFO - v1 alpha rule: density 0.087 -> alpha=2
2026-08-23 21:27:05,673 - INFO - Wrote results_v2/v1_certify/apy_15_ddeccs_s42/ (assignments.npy, tags.npy, summary.json)
