\BOOKMARK [0][-]{Doc-Start}{\376\377\000A\000b\000s\000t\000r\000a\000c\000t}{}% 1
\BOOKMARK [0][-]{Doc-Start}{\376\377\000Z\000u\000s\000a\000m\000m\000e\000n\000f\000a\000s\000s\000u\000n\000g}{}% 2
\BOOKMARK [0][-]{chapter*.1}{\376\377\000C\000o\000n\000t\000e\000n\000t\000s}{}% 3
\BOOKMARK [0][-]{chapter.1}{\376\377\000I\000n\000t\000r\000o\000d\000u\000c\000t\000i\000o\000n}{}% 4
\BOOKMARK [1][-]{section.1.1}{\376\377\000M\000o\000t\000i\000v\000a\000t\000i\000o\000n}{chapter.1}% 5
\BOOKMARK [1][-]{section.1.2}{\376\377\000R\000e\000s\000e\000a\000r\000c\000h\000\040\000O\000b\000j\000e\000c\000t\000i\000v\000e\000s}{chapter.1}% 6
\BOOKMARK [1][-]{section.1.3}{\376\377\000C\000o\000n\000t\000r\000i\000b\000u\000t\000i\000o\000n\000s}{chapter.1}% 7
\BOOKMARK [1][-]{section.1.4}{\376\377\000T\000h\000e\000s\000i\000s\000\040\000S\000t\000r\000u\000c\000t\000u\000r\000e}{chapter.1}% 8
\BOOKMARK [0][-]{chapter.2}{\376\377\000R\000e\000l\000a\000t\000e\000d\000\040\000W\000o\000r\000k}{}% 9
\BOOKMARK [1][-]{section.2.1}{\376\377\000D\000e\000e\000p\000\040\000C\000l\000u\000s\000t\000e\000r\000i\000n\000g}{chapter.2}% 10
\BOOKMARK [1][-]{section.2.2}{\376\377\000C\000o\000n\000s\000e\000n\000s\000u\000s\000\040\000C\000l\000u\000s\000t\000e\000r\000i\000n\000g}{chapter.2}% 11
\BOOKMARK [1][-]{section.2.3}{\376\377\000E\000x\000p\000l\000a\000i\000n\000a\000b\000l\000e\000\040\000a\000n\000d\000\040\000D\000e\000s\000c\000r\000i\000p\000t\000i\000v\000e\000\040\000C\000l\000u\000s\000t\000e\000r\000i\000n\000g}{chapter.2}% 12
\BOOKMARK [1][-]{section.2.4}{\376\377\000S\000u\000m\000m\000a\000r\000y\000\040\000a\000n\000d\000\040\000R\000e\000s\000e\000a\000r\000c\000h\000\040\000G\000a\000p}{chapter.2}% 13
\BOOKMARK [0][-]{chapter.3}{\376\377\000M\000e\000t\000h\000o\000d\000o\000l\000o\000g\000y}{}% 14
\BOOKMARK [1][-]{section.3.1}{\376\377\000P\000r\000o\000b\000l\000e\000m\000\040\000D\000e\000f\000i\000n\000i\000t\000i\000o\000n}{chapter.3}% 15
\BOOKMARK [1][-]{section.3.2}{\376\377\000P\000i\000p\000e\000l\000i\000n\000e\000\040\000A\000r\000c\000h\000i\000t\000e\000c\000t\000u\000r\000e}{chapter.3}% 16
\BOOKMARK [1][-]{section.3.3}{\376\377\000F\000e\000a\000t\000u\000r\000e\000\040\000E\000x\000t\000r\000a\000c\000t\000i\000o\000n}{chapter.3}% 17
\BOOKMARK [1][-]{section.3.4}{\376\377\000C\000l\000u\000s\000t\000e\000r\000i\000n\000g\000\040\000M\000e\000t\000h\000o\000d\000s}{chapter.3}% 18
\BOOKMARK [2][-]{subsection.3.4.1}{\376\377\000K\000-\000m\000e\000a\000n\000s\000\040\000B\000a\000s\000e\000l\000i\000n\000e}{section.3.4}% 19
\BOOKMARK [2][-]{subsection.3.4.2}{\376\377\000D\000E\000C\000C\000S\000\040\000C\000o\000n\000s\000e\000n\000s\000u\000s\000\040\000C\000l\000u\000s\000t\000e\000r\000i\000n\000g}{section.3.4}% 20
\BOOKMARK [1][-]{section.3.5}{\376\377\000C\000l\000u\000s\000t\000e\000r\000\040\000D\000e\000s\000c\000r\000i\000p\000t\000i\000o\000n\000\040\000v\000i\000a\000\040\000I\000n\000t\000e\000g\000e\000r\000\040\000L\000i\000n\000e\000a\000r\000\040\000P\000r\000o\000g\000r\000a\000m\000m\000i\000n\000g}{chapter.3}% 21
\BOOKMARK [2][-]{subsection.3.5.1}{\376\377\000P\000r\000o\000b\000l\000e\000m\000\040\000F\000o\000r\000m\000u\000l\000a\000t\000i\000o\000n}{section.3.5}% 22
\BOOKMARK [2][-]{subsection.3.5.2}{\376\377\000A\000d\000a\000p\000t\000i\000v\000e\000\040\000a\000l\000p\000h\000a\000\040\000P\000a\000r\000a\000m\000e\000t\000e\000r}{section.3.5}% 23
\BOOKMARK [1][-]{section.3.6}{\376\377\000D\000e\000s\000i\000g\000n\000\040\000R\000a\000t\000i\000o\000n\000a\000l\000e\000:\000\040\000W\000h\000y\000\040\000F\000r\000o\000z\000e\000n\000\040\000F\000e\000a\000t\000u\000r\000e\000s\000\040\000I\000n\000s\000t\000e\000a\000d\000\040\000o\000f\000\040\000a\000\040\000T\000r\000a\000i\000n\000e\000d\000\040\000R\000e\000p\000r\000e\000s\000e\000n\000t\000a\000t\000i\000o\000n}{chapter.3}% 24
\BOOKMARK [0][-]{chapter.4}{\376\377\000E\000x\000p\000e\000r\000i\000m\000e\000n\000t\000s}{}% 25
\BOOKMARK [1][-]{section.4.1}{\376\377\000E\000x\000p\000e\000r\000i\000m\000e\000n\000t\000a\000l\000\040\000S\000e\000t\000u\000p}{chapter.4}% 26
\BOOKMARK [2][-]{subsection.4.1.1}{\376\377\000I\000m\000p\000l\000e\000m\000e\000n\000t\000a\000t\000i\000o\000n\000\040\000D\000e\000t\000a\000i\000l\000s}{section.4.1}% 27
\BOOKMARK [1][-]{section.4.2}{\376\377\000D\000a\000t\000a\000s\000e\000t\000s}{chapter.4}% 28
\BOOKMARK [2][-]{subsection.4.2.1}{\376\377\000A\000n\000i\000m\000a\000l\000s\000\040\000w\000i\000t\000h\000\040\000A\000t\000t\000r\000i\000b\000u\000t\000e\000s\000\040\0002\000\040\000\050\000A\000w\000A\0002\000\051}{section.4.2}% 29
\BOOKMARK [2][-]{subsection.4.2.2}{\376\377\000A\000t\000t\000r\000i\000b\000u\000t\000e\000\040\000P\000a\000s\000c\000a\000l\000\040\000a\000n\000d\000\040\000Y\000a\000h\000o\000o\000\040\000\050\000a\000P\000Y\000\051}{section.4.2}% 30
\BOOKMARK [1][-]{section.4.3}{\376\377\000E\000v\000a\000l\000u\000a\000t\000i\000o\000n\000\040\000a\000n\000d\000\040\000I\000n\000t\000e\000r\000p\000r\000e\000t\000a\000b\000i\000l\000i\000t\000y\000\040\000M\000e\000t\000r\000i\000c\000s}{chapter.4}% 31
\BOOKMARK [2][-]{subsection.4.3.1}{\376\377\000C\000l\000u\000s\000t\000e\000r\000i\000n\000g\000\040\000M\000e\000t\000r\000i\000c\000s}{section.4.3}% 32
\BOOKMARK [2][-]{subsection.4.3.2}{\376\377\000I\000n\000t\000e\000r\000p\000r\000e\000t\000a\000b\000i\000l\000i\000t\000y\000\040\000M\000e\000t\000r\000i\000c\000s}{section.4.3}% 33
\BOOKMARK [1][-]{section.4.4}{\376\377\000M\000a\000i\000n\000\040\000R\000e\000s\000u\000l\000t\000s}{chapter.4}% 34
\BOOKMARK [2][-]{subsection.4.4.1}{\376\377\000A\000w\000A\0002\000\040\000D\000a\000t\000a\000s\000e\000t\000\040\000\050\000K\000\040\000=\000\040\0005\0000\000\051}{section.4.4}% 35
\BOOKMARK [2][-]{subsection.4.4.2}{\376\377\000a\000P\000Y\000\040\000D\000a\000t\000a\000s\000e\000t\000\040\040\024\000\040\000F\000u\000l\000l\000\040\000\050\000K\000\040\000=\000\040\0003\0002\000\051}{section.4.4}% 36
\BOOKMARK [2][-]{subsection.4.4.3}{\376\377\000a\000P\000Y\000\040\000D\000a\000t\000a\000s\000e\000t\000\040\040\024\000\040\000D\000D\000C\000\040\0001\0005\000-\000C\000l\000a\000s\000s\000\040\000S\000u\000b\000s\000e\000t\000\040\000\050\000K\000\040\000=\000\040\0001\0005\000\051}{section.4.4}% 37
\BOOKMARK [2][-]{subsection.4.4.4}{\376\377\000F\000e\000a\000t\000u\000r\000e\000\040\000S\000t\000a\000n\000d\000a\000r\000d\000i\000z\000a\000t\000i\000o\000n\000\040\000A\000b\000l\000a\000t\000i\000o\000n}{section.4.4}% 38
\BOOKMARK [2][-]{subsection.4.4.5}{\376\377\000C\000o\000m\000p\000a\000r\000i\000s\000o\000n\000\040\000w\000i\000t\000h\000\040\000D\000D\000C\000\040\000P\000a\000p\000e\000r}{section.4.4}% 39
\BOOKMARK [1][-]{section.4.5}{\376\377\000I\000L\000P\000\040\000C\000l\000u\000s\000t\000e\000r\000\040\000D\000e\000s\000c\000r\000i\000p\000t\000i\000o\000n\000s}{chapter.4}% 40
\BOOKMARK [2][-]{subsection.4.5.1}{\376\377\000D\000e\000s\000c\000r\000i\000p\000t\000i\000o\000n\000\040\000Q\000u\000a\000l\000i\000t\000y\000:\000\040\000d\000d\000c\000\040\000v\000s\000.\000\040\000d\000d\000e\000c\000c\000s}{section.4.5}% 41
\BOOKMARK [2][-]{subsection.4.5.2}{\376\377\000R\000e\000p\000o\000r\000t\000e\000d\000\040\000D\000e\000s\000c\000r\000i\000p\000t\000i\000o\000n\000\040\000M\000e\000t\000r\000i\000c\000s\000\040\000o\000f\000\040\000t\000h\000e\000\040\000O\000r\000i\000g\000i\000n\000a\000l\000\040\000D\000D\000C}{section.4.5}% 42
\BOOKMARK [2][-]{subsection.4.5.3}{\376\377\000A\000w\000A\0002\000\040\000I\000L\000P\000\040\000D\000e\000s\000c\000r\000i\000p\000t\000i\000o\000n\000s}{section.4.5}% 43
\BOOKMARK [2][-]{subsection.4.5.4}{\376\377\000a\000P\000Y\000\040\000C\000l\000u\000s\000t\000e\000r\000\040\000D\000e\000s\000c\000r\000i\000p\000t\000i\000o\000n\000s\000\040\000\050\0001\0005\000-\000c\000l\000a\000s\000s\000\040\000s\000u\000b\000s\000e\000t\000\051}{section.4.5}% 44
\BOOKMARK [2][-]{subsection.4.5.5}{\376\377\000a\000P\000Y\000\040\000C\000l\000u\000s\000t\000e\000r\000\040\000D\000e\000s\000c\000r\000i\000p\000t\000i\000o\000n\000s\000\040\000\050\000F\000u\000l\000l\000\040\0003\0002\000-\000c\000l\000a\000s\000s\000\051}{section.4.5}% 45
\BOOKMARK [1][-]{section.4.6}{\376\377\000V\000i\000s\000u\000a\000l\000i\000z\000a\000t\000i\000o\000n\000s}{chapter.4}% 46
\BOOKMARK [2][-]{subsection.4.6.1}{\376\377\000A\000w\000A\0002\000:\000\040\000K\000-\000m\000e\000a\000n\000s\000\040\000v\000s\000.\000\040\000D\000E\000C\000C\000S\000\040\000C\000o\000n\000s\000e\000n\000s\000u\000s}{section.4.6}% 47
\BOOKMARK [2][-]{subsection.4.6.2}{\376\377\000a\000P\000Y\000\040\000F\000u\000l\000l\000\040\000\050\000K\000\040\000=\000\040\0003\0002\000\051\000:\000\040\000K\000-\000m\000e\000a\000n\000s\000\040\000v\000s\000.\000\040\000D\000E\000C\000C\000S\000\040\000C\000o\000n\000s\000e\000n\000s\000u\000s}{section.4.6}% 48
\BOOKMARK [2][-]{subsection.4.6.3}{\376\377\000a\000P\000Y\000\040\0001\0005\000-\000C\000l\000a\000s\000s\000\040\000S\000u\000b\000s\000e\000t\000\040\000\050\000K\000\040\000=\000\040\0001\0005\000\051\000:\000\040\000K\000-\000m\000e\000a\000n\000s\000\040\000v\000s\000.\000\040\000D\000E\000C\000C\000S\000\040\000C\000o\000n\000s\000e\000n\000s\000u\000s}{section.4.6}% 49
\BOOKMARK [1][-]{section.4.7}{\376\377\000T\000h\000e\000\040\000P\000a\000t\000h\000\040\000t\000o\000\040\000t\000h\000e\000\040\000C\000u\000r\000r\000e\000n\000t\000\040\000A\000p\000p\000r\000o\000a\000c\000h\000:\000\040\000E\000a\000r\000l\000y\000\040\000E\000x\000p\000e\000r\000i\000m\000e\000n\000t\000s}{chapter.4}% 50
\BOOKMARK [0][-]{chapter.5}{\376\377\000A\000\040\000C\000o\000n\000t\000r\000o\000l\000l\000e\000d\000\040\000C\000o\000m\000p\000a\000r\000i\000s\000o\000n\000\040\000w\000i\000t\000h\000\040\000t\000h\000e\000\040\000O\000r\000i\000g\000i\000n\000a\000l\000\040\000D\000D\000C}{}% 51
\BOOKMARK [1][-]{section.5.1}{\376\377\000M\000o\000t\000i\000v\000a\000t\000i\000o\000n\000\040\000a\000n\000d\000\040\000S\000c\000o\000p\000e}{chapter.5}% 52
\BOOKMARK [1][-]{section.5.2}{\376\377\000T\000h\000e\000\040\000R\000e\000p\000r\000o\000d\000u\000c\000t\000i\000o\000n}{chapter.5}% 53
\BOOKMARK [2][-]{subsection.5.2.1}{\376\377\000T\000h\000e\000\040\000S\000p\000e\000c\000i\000f\000i\000c\000a\000t\000i\000o\000n\000\040\000a\000s\000\040\000I\000m\000p\000l\000e\000m\000e\000n\000t\000e\000d}{section.5.2}% 54
\BOOKMARK [2][-]{subsection.5.2.2}{\376\377\000J\000u\000d\000g\000m\000e\000n\000t\000\040\000C\000a\000l\000l\000s\000\040\000a\000n\000d\000\040\000O\000n\000e\000\040\000D\000e\000v\000i\000a\000t\000i\000o\000n}{section.5.2}% 55
\BOOKMARK [1][-]{section.5.3}{\376\377\000M\000a\000t\000c\000h\000e\000d\000-\000B\000a\000s\000e\000l\000i\000n\000e\000\040\000R\000e\000s\000u\000l\000t\000s}{chapter.5}% 56
\BOOKMARK [1][-]{section.5.4}{\376\377\000W\000h\000a\000t\000\040\000C\000a\000r\000r\000i\000e\000s\000\040\000t\000h\000e\000\040\000M\000e\000t\000h\000o\000d}{chapter.5}% 57
\BOOKMARK [2][-]{subsection.5.4.1}{\376\377\000T\000h\000e\000\040\000P\000a\000i\000r\000w\000i\000s\000e\000\040\000O\000b\000j\000e\000c\000t\000i\000v\000e}{section.5.4}% 58
\BOOKMARK [2][-]{subsection.5.4.2}{\376\377\000O\000n\000\040\000A\000w\000A\0002\000\040\000t\000h\000e\000\040\000C\000o\000n\000s\000t\000r\000a\000i\000n\000t\000s\000\040\000A\000r\000e\000\040\000E\000f\000f\000e\000c\000t\000i\000v\000e\000l\000y\000\040\000C\000l\000a\000s\000s\000\040\000L\000a\000b\000e\000l\000s}{section.5.4}% 59
\BOOKMARK [2][-]{subsection.5.4.3}{\376\377\000T\000h\000e\000\040\000F\000i\000n\000d\000i\000n\000g\000\040\000I\000s\000\040\000D\000a\000t\000a\000s\000e\000t\000-\000S\000p\000e\000c\000i\000f\000i\000c}{section.5.4}% 60
\BOOKMARK [1][-]{section.5.5}{\376\377\000T\000h\000e\000\040\000D\000e\000s\000c\000r\000i\000p\000t\000i\000o\000n\000\040\000C\000h\000a\000n\000n\000e\000l}{chapter.5}% 61
\BOOKMARK [2][-]{subsection.5.5.1}{\376\377\000I\000n\000e\000r\000t\000\040\000o\000n\000\040\000A\000w\000A\0002\000,\000\040\000a\000n\000d\000\040\000S\000t\000r\000u\000c\000t\000u\000r\000a\000l\000l\000y\000\040\000S\000o}{section.5.5}% 62
\BOOKMARK [2][-]{subsection.5.5.2}{\376\377\000L\000i\000v\000e\000\040\000b\000u\000t\000\040\000H\000a\000r\000m\000f\000u\000l\000\040\000o\000n\000\040\000a\000P\000Y\000-\0001\0005}{section.5.5}% 63
\BOOKMARK [2][-]{subsection.5.5.3}{\376\377\000D\000e\000s\000c\000r\000i\000p\000t\000i\000o\000n\000s\000\040\000A\000r\000e\000\040\000B\000e\000s\000t\000\040\000W\000h\000e\000r\000e\000\040\000C\000l\000u\000s\000t\000e\000r\000i\000n\000g\000\040\000I\000s\000\040\000W\000o\000r\000s\000t}{section.5.5}% 64
\BOOKMARK [1][-]{section.5.6}{\376\377\000F\000e\000a\000s\000i\000b\000i\000l\000i\000t\000y\000\040\000o\000f\000\040\000t\000h\000e\000\040\000P\000u\000b\000l\000i\000s\000h\000e\000d\000\040\000C\000o\000n\000f\000i\000g\000u\000r\000a\000t\000i\000o\000n}{chapter.5}% 65
\BOOKMARK [2][-]{subsection.5.6.1}{\376\377\000T\000h\000e\000\040\000P\000u\000b\000l\000i\000s\000h\000e\000d\000\040\000C\000o\000v\000e\000r\000a\000g\000e\000\040\000P\000a\000r\000a\000m\000e\000t\000e\000r\000\040\000o\000n\000\040\000a\000P\000Y}{section.5.6}% 66
\BOOKMARK [2][-]{subsection.5.6.2}{\376\377\000T\000w\000o\000\040\000F\000u\000r\000t\000h\000e\000r\000\040\000D\000i\000s\000c\000r\000e\000p\000a\000n\000c\000i\000e\000s}{section.5.6}% 67
\BOOKMARK [1][-]{section.5.7}{\376\377\000I\000m\000p\000l\000i\000c\000a\000t\000i\000o\000n\000s\000\040\000f\000o\000r\000\040\000D\000D\000E\000C\000C\000S}{chapter.5}% 68
\BOOKMARK [0][-]{chapter.6}{\376\377\000D\000i\000s\000c\000u\000s\000s\000i\000o\000n}{}% 69
\BOOKMARK [1][-]{section.6.1}{\376\377\000I\000n\000t\000e\000r\000p\000r\000e\000t\000a\000t\000i\000o\000n\000\040\000o\000f\000\040\000R\000e\000s\000u\000l\000t\000s}{chapter.6}% 70
\BOOKMARK [2][-]{subsection.6.1.1}{\376\377\000W\000h\000e\000n\000\040\000D\000o\000e\000s\000\040\000C\000o\000n\000s\000e\000n\000s\000u\000s\000\040\000C\000l\000u\000s\000t\000e\000r\000i\000n\000g\000\040\000H\000e\000l\000p\000?}{section.6.1}% 71
\BOOKMARK [2][-]{subsection.6.1.2}{\376\377\000Q\000u\000a\000l\000i\000t\000y\000\040\000o\000f\000\040\000I\000L\000P\000-\000G\000e\000n\000e\000r\000a\000t\000e\000d\000\040\000D\000e\000s\000c\000r\000i\000p\000t\000i\000o\000n\000s}{section.6.1}% 72
\BOOKMARK [2][-]{subsection.6.1.3}{\376\377\000W\000h\000y\000\040\000O\000u\000r\000\040\000A\000p\000p\000r\000o\000a\000c\000h\000\040\000T\000r\000a\000i\000l\000s\000\040\000D\000D\000C}{section.6.1}% 73
\BOOKMARK [1][-]{section.6.2}{\376\377\000W\000h\000y\000\040\000t\000h\000e\000\040\000T\000r\000a\000i\000n\000e\000d\000\040\000A\000p\000p\000r\000o\000a\000c\000h\000e\000s\000\040\000F\000a\000i\000l\000e\000d}{chapter.6}% 74
\BOOKMARK [1][-]{section.6.3}{\376\377\000T\000r\000a\000d\000e\000-\000o\000f\000f\000s\000\040\000o\000f\000\040\000t\000h\000e\000\040\000F\000r\000o\000z\000e\000n\000-\000F\000e\000a\000t\000u\000r\000e\000s\000\040\000D\000e\000s\000i\000g\000n}{chapter.6}% 75
\BOOKMARK [1][-]{section.6.4}{\376\377\000R\000e\000s\000e\000a\000r\000c\000h\000\040\000Q\000u\000e\000s\000t\000i\000o\000n\000s\000\040\000R\000e\000v\000i\000s\000i\000t\000e\000d}{chapter.6}% 76
\BOOKMARK [2][-]{subsection.6.4.1}{\376\377\000R\000Q\0001\000:\000\040\000H\000o\000w\000\040\000c\000a\000n\000\040\000D\000D\000C\000'\000s\000\040\000i\000n\000t\000e\000r\000p\000r\000e\000t\000a\000b\000i\000l\000i\000t\000y\000\040\000b\000e\000\040\000i\000n\000t\000e\000g\000r\000a\000t\000e\000d\000\040\000i\000n\000t\000o\000\040\000D\000E\000C\000C\000S\000?}{section.6.4}% 77
\BOOKMARK [2][-]{subsection.6.4.2}{\376\377\000R\000Q\0002\000:\000\040\000W\000h\000a\000t\000\040\000i\000m\000p\000a\000c\000t\000\040\000d\000o\000e\000s\000\040\000t\000h\000e\000\040\000i\000n\000t\000e\000g\000r\000a\000t\000i\000o\000n\000\040\000h\000a\000v\000e\000\040\000o\000n\000\040\000c\000l\000u\000s\000t\000e\000r\000i\000n\000g\000\040\000p\000e\000r\000f\000o\000r\000m\000a\000n\000c\000e\000?}{section.6.4}% 78
\BOOKMARK [2][-]{subsection.6.4.3}{\376\377\000R\000Q\0003\000:\000\040\000H\000o\000w\000\040\000d\000o\000e\000s\000\040\000t\000h\000e\000\040\000a\000p\000p\000r\000o\000a\000c\000h\000\040\000p\000e\000r\000f\000o\000r\000m\000\040\000o\000n\000\040\000A\000w\000A\0002\000\040\000a\000n\000d\000\040\000a\000P\000Y\000?}{section.6.4}% 79
\BOOKMARK [0][-]{chapter.7}{\376\377\000C\000o\000n\000c\000l\000u\000s\000i\000o\000n}{}% 80
\BOOKMARK [1][-]{section.7.1}{\376\377\000S\000u\000m\000m\000a\000r\000y\000\040\000o\000f\000\040\000C\000o\000n\000t\000r\000i\000b\000u\000t\000i\000o\000n\000s}{chapter.7}% 81
\BOOKMARK [1][-]{section.7.2}{\376\377\000N\000o\000t\000a\000b\000l\000e\000\040\000I\000n\000s\000i\000g\000h\000t\000s}{chapter.7}% 82
\BOOKMARK [2][-]{subsection.7.2.1}{\376\377\000P\000r\000e\000t\000r\000a\000i\000n\000e\000d\000\040\000F\000e\000a\000t\000u\000r\000e\000s\000\040\000C\000a\000n\000\040\000B\000e\000\040\000S\000u\000f\000f\000i\000c\000i\000e\000n\000t}{section.7.2}% 83
\BOOKMARK [2][-]{subsection.7.2.2}{\376\377\000L\000o\000s\000s\000\040\000B\000a\000l\000a\000n\000c\000i\000n\000g\000\040\000i\000n\000\040\000D\000e\000e\000p\000\040\000C\000l\000u\000s\000t\000e\000r\000i\000n\000g\000\040\000I\000s\000\040\000F\000r\000a\000g\000i\000l\000e}{section.7.2}% 84
\BOOKMARK [2][-]{subsection.7.2.3}{\376\377\000I\000m\000p\000l\000e\000m\000e\000n\000t\000a\000t\000i\000o\000n\000\040\000D\000e\000t\000a\000i\000l\000s\000\040\000M\000a\000t\000t\000e\000r}{section.7.2}% 85
\BOOKMARK [1][-]{section.7.3}{\376\377\000L\000i\000m\000i\000t\000a\000t\000i\000o\000n\000s}{chapter.7}% 86
\BOOKMARK [1][-]{section.7.4}{\376\377\000S\000c\000o\000p\000e\000\040\000a\000n\000d\000\040\000D\000e\000l\000i\000m\000i\000t\000a\000t\000i\000o\000n\000s}{chapter.7}% 87
\BOOKMARK [2][-]{subsection.7.4.1}{\376\377\000I\000n\000\040\000S\000c\000o\000p\000e}{section.7.4}% 88
\BOOKMARK [2][-]{subsection.7.4.2}{\376\377\000O\000u\000t\000\040\000o\000f\000\040\000S\000c\000o\000p\000e}{section.7.4}% 89
\BOOKMARK [1][-]{section.7.5}{\376\377\000F\000u\000t\000u\000r\000e\000\040\000W\000o\000r\000k}{chapter.7}% 90
\BOOKMARK [2][-]{subsection.7.5.1}{\376\377\000R\000e\000s\000o\000l\000v\000i\000n\000g\000\040\000t\000h\000e\000\040\000M\000L\000P\000\040\000T\000r\000a\000i\000n\000i\000n\000g\000\040\000C\000h\000a\000l\000l\000e\000n\000g\000e}{section.7.5}% 91
\BOOKMARK [2][-]{subsection.7.5.2}{\376\377\000E\000n\000d\000-\000t\000o\000-\000E\000n\000d\000\040\000C\000o\000n\000s\000e\000n\000s\000u\000s\000\040\000w\000i\000t\000h\000\040\000D\000e\000s\000c\000r\000i\000p\000t\000i\000o\000n\000s}{section.7.5}% 92
\BOOKMARK [2][-]{subsection.7.5.3}{\376\377\000E\000x\000t\000e\000n\000s\000i\000o\000n\000\040\000t\000o\000\040\000O\000t\000h\000e\000r\000\040\000D\000o\000m\000a\000i\000n\000s}{section.7.5}% 93
\BOOKMARK [1][-]{section.7.6}{\376\377\000F\000i\000n\000a\000l\000\040\000R\000e\000m\000a\000r\000k\000s}{chapter.7}% 94
\BOOKMARK [0][-]{chapter*.27}{\376\377\000B\000i\000b\000l\000i\000o\000g\000r\000a\000p\000h\000y}{}% 95
\BOOKMARK [0][-]{chapter*.28}{\376\377\000L\000i\000s\000t\000\040\000o\000f\000\040\000F\000i\000g\000u\000r\000e\000s}{}% 96
\BOOKMARK [0][-]{chapter*.29}{\376\377\000L\000i\000s\000t\000\040\000o\000f\000\040\000T\000a\000b\000l\000e\000s}{}% 97
\BOOKMARK [0][-]{appendix.A}{\376\377\000C\000o\000m\000p\000l\000e\000t\000e\000\040\000R\000e\000s\000u\000l\000t\000s\000,\000\040\000E\000a\000r\000l\000y\000\040\000E\000x\000p\000e\000r\000i\000m\000e\000n\000t\000s\000,\000\040\000a\000n\000d\000\040\000S\000o\000l\000v\000e\000r\000\040\000C\000o\000n\000f\000i\000g\000u\000r\000a\000t\000i\000o\000n}{}% 98
\BOOKMARK [1][-]{section.A.1}{\376\377\000P\000e\000r\000-\000S\000e\000e\000d\000\040\000R\000e\000s\000u\000l\000t\000s}{appendix.A}% 99
\BOOKMARK [1][-]{section.A.2}{\376\377\000E\000a\000r\000l\000y\000\040\000E\000x\000p\000e\000r\000i\000m\000e\000n\000t\000\040\000R\000e\000s\000u\000l\000t\000s}{appendix.A}% 100
\BOOKMARK [2][-]{subsection.A.2.1}{\376\377\000A\000u\000t\000o\000e\000n\000c\000o\000d\000e\000r\000-\000B\000a\000s\000e\000d\000\040\000A\000p\000p\000r\000o\000a\000c\000h}{section.A.2}% 101
\BOOKMARK [2][-]{subsection.A.2.2}{\376\377\000D\000D\000C\000-\000S\000t\000y\000l\000e\000\040\000M\000L\000P\000\040\000T\000r\000a\000i\000n\000i\000n\000g}{section.A.2}% 102
\BOOKMARK [1][-]{section.A.3}{\376\377\000I\000L\000P\000\040\000S\000o\000l\000v\000e\000r\000\040\000C\000o\000n\000f\000i\000g\000u\000r\000a\000t\000i\000o\000n}{appendix.A}% 103
\BOOKMARK [0][-]{appendix.B}{\376\377\000C\000l\000u\000s\000t\000e\000r\000\040\000D\000e\000s\000c\000r\000i\000p\000t\000i\000o\000n\000s\000\040\000a\000n\000d\000\040\000D\000a\000t\000a\000s\000e\000t\000\040\000D\000e\000t\000a\000i\000l\000s}{}% 104
\BOOKMARK [1][-]{section.B.1}{\376\377\000C\000o\000m\000p\000l\000e\000t\000e\000\040\000I\000L\000P\000\040\000C\000l\000u\000s\000t\000e\000r\000\040\000D\000e\000s\000c\000r\000i\000p\000t\000i\000o\000n\000s}{appendix.B}% 105
\BOOKMARK [2][-]{subsection.B.1.1}{\376\377\000A\000w\000A\0002\000\040\000C\000l\000u\000s\000t\000e\000r\000\040\000D\000e\000s\000c\000r\000i\000p\000t\000i\000o\000n\000s\000\040\000\050\000d\000d\000c\000\040\000m\000o\000d\000e\000,\000\040\000K\000\040\000=\000\040\0005\0000\000\051}{section.B.1}% 106
\BOOKMARK [2][-]{subsection.B.1.2}{\376\377\000a\000P\000Y\000\040\0001\0005\000-\000C\000l\000a\000s\000s\000\040\000C\000l\000u\000s\000t\000e\000r\000\040\000D\000e\000s\000c\000r\000i\000p\000t\000i\000o\000n\000s\000\040\000\050\000d\000d\000c\000\040\000m\000o\000d\000e\000,\000\040\000K\000\040\000=\000\040\0001\0005\000\051}{section.B.1}% 107
\BOOKMARK [2][-]{subsection.B.1.3}{\376\377\000a\000P\000Y\000\040\000F\000u\000l\000l\000\040\000C\000l\000u\000s\000t\000e\000r\000\040\000D\000e\000s\000c\000r\000i\000p\000t\000i\000o\000n\000s\000\040\000\050\000d\000d\000c\000\040\000m\000o\000d\000e\000,\000\040\000K\000\040\000=\000\040\0003\0002\000\051}{section.B.1}% 108
\BOOKMARK [2][-]{subsection.B.1.4}{\376\377\000A\000w\000A\0002\000\040\000C\000l\000u\000s\000t\000e\000r\000\040\000D\000e\000s\000c\000r\000i\000p\000t\000i\000o\000n\000s\000\040\000\050\000d\000d\000e\000c\000c\000s\000\040\000m\000o\000d\000e\000,\000\040\000K\000\040\000=\000\040\0005\0000\000\051}{section.B.1}% 109
\BOOKMARK [2][-]{subsection.B.1.5}{\376\377\000a\000P\000Y\000\040\0001\0005\000-\000C\000l\000a\000s\000s\000\040\000C\000l\000u\000s\000t\000e\000r\000\040\000D\000e\000s\000c\000r\000i\000p\000t\000i\000o\000n\000s\000\040\000\050\000d\000d\000e\000c\000c\000s\000\040\000m\000o\000d\000e\000,\000\040\000K\000\040\000=\000\040\0001\0005\000\051}{section.B.1}% 110
\BOOKMARK [2][-]{subsection.B.1.6}{\376\377\000a\000P\000Y\000\040\000F\000u\000l\000l\000\040\000C\000l\000u\000s\000t\000e\000r\000\040\000D\000e\000s\000c\000r\000i\000p\000t\000i\000o\000n\000s\000\040\000\050\000d\000d\000e\000c\000c\000s\000\040\000m\000o\000d\000e\000,\000\040\000K\000\040\000=\000\040\0003\0002\000\051}{section.B.1}% 111
\BOOKMARK [1][-]{section.B.2}{\376\377\000D\000a\000t\000a\000s\000e\000t\000\040\000S\000t\000a\000t\000i\000s\000t\000i\000c\000s}{appendix.B}% 112
\BOOKMARK [2][-]{subsection.B.2.1}{\376\377\000A\000w\000A\0002\000\040\000D\000a\000t\000a\000s\000e\000t}{section.B.2}% 113
\BOOKMARK [2][-]{subsection.B.2.2}{\376\377\000a\000P\000Y\000\040\000D\000a\000t\000a\000s\000e\000t}{section.B.2}% 114
\BOOKMARK [1][-]{section.B.3}{\376\377\000D\000E\000C\000C\000S\000\040\000E\000n\000s\000e\000m\000b\000l\000e\000\040\000D\000e\000t\000a\000i\000l\000s}{appendix.B}% 115
\BOOKMARK [1][-]{section.B.4}{\376\377\000I\000m\000p\000l\000e\000m\000e\000n\000t\000a\000t\000i\000o\000n\000\040\000D\000e\000t\000a\000i\000l\000s}{appendix.B}% 116
\BOOKMARK [0][-]{appendix.C}{\376\377\000R\000e\000p\000r\000o\000d\000u\000c\000t\000i\000o\000n\000\040\000D\000e\000t\000a\000i\000l\000s}{}% 117
\BOOKMARK [1][-]{section.C.1}{\376\377\000P\000e\000r\000-\000C\000o\000n\000f\000i\000g\000u\000r\000a\000t\000i\000o\000n\000\040\000R\000e\000s\000u\000l\000t\000s}{appendix.C}% 118
\BOOKMARK [1][-]{section.C.2}{\376\377\000T\000h\000e\000\040\000S\000p\000e\000c\000i\000f\000i\000c\000a\000t\000i\000o\000n\000\040\000a\000s\000\040\000E\000x\000t\000r\000a\000c\000t\000e\000d\000\040\000f\000r\000o\000m\000\040\000t\000h\000e\000\040\000P\000a\000p\000e\000r}{appendix.C}% 119
\BOOKMARK [1][-]{section.C.3}{\376\377\000J\000u\000d\000g\000m\000e\000n\000t\000\040\000C\000a\000l\000l\000s}{appendix.C}% 120
\BOOKMARK [1][-]{section.C.4}{\376\377\000R\000e\000c\000o\000v\000e\000r\000y\000\040\000o\000f\000\040\000t\000h\000e\000\040\000a\000P\000Y\000\040\000P\000e\000r\000-\000I\000n\000s\000t\000a\000n\000c\000e\000\040\000A\000n\000n\000o\000t\000a\000t\000i\000o\000n\000s}{appendix.C}% 121
\BOOKMARK [1][-]{section.C.5}{\376\377\000S\000o\000l\000v\000e\000r\000\040\000C\000e\000r\000t\000i\000f\000i\000c\000a\000t\000i\000o\000n\000\040\000A\000u\000d\000i\000t}{appendix.C}% 122
\BOOKMARK [1][-]{section.C.6}{\376\377\000D\000e\000f\000e\000c\000t\000\040\000I\000n\000v\000e\000n\000t\000o\000r\000y}{appendix.C}% 123
\BOOKMARK [1][-]{section.C.7}{\376\377\000R\000u\000n\000t\000i\000m\000e\000s}{appendix.C}% 124
\BOOKMARK [1][-]{section.C.8}{\376\377\000C\000o\000d\000e\000\040\000I\000n\000v\000e\000n\000t\000o\000r\000y}{appendix.C}% 125
